2026-06-18 06:48:23:519 [Appium] Welcome to Appium v3.5.1
2026-06-18 06:48:23:522 [Appium] The autodetected Appium home path: /home/runner/.appium
2026-06-18 06:48:23:523 [Appium] Attempting to load driver uiautomator2...
2026-06-18 06:48:23:526 [Appium] Requiring driver at /home/runner/.appium/node_modules/appium-uiautomator2-driver/build/lib/index.js
2026-06-18 06:48:24:118 [Appium] AndroidUiautomator2Driver has been successfully loaded in 0.594s
2026-06-18 06:48:24:146 [Appium] Appium REST http interface listener started on http://0.0.0.0:4723
2026-06-18 06:48:24:147 [Appium] You can provide the following URLs in your client code to connect to this server:
	http://127.0.0.1:4723/ (only accessible from the same host)
	http://10.1.0.175:4723/
2026-06-18 06:48:24:148 [Appium] Available drivers:
2026-06-18 06:48:24:149 [Appium]   - uiautomator2@7.6.1 (automationName 'UiAutomator2')
2026-06-18 06:48:24:149 [Appium] No plugins have been installed. Use the "appium plugin" command to install the one(s) you want to use.
2026-06-18 06:48:43:390 [HTTP] Request idempotency key: 29e102e7-2af0-46ba-a0e6-fb5152feadbe
2026-06-18 06:48:43:402 [HTTP] --> POST /session {"capabilities":{"firstMatch":[{}],"alwaysMatch":{"platformName":"Android","appium:automationName":"UiAutomator2","appium:deviceName":"Android Emulator","appium:appPackage":"com.example.smartcivicgovernance","appium:appActivity":"com.example.smartcivicgovernance.SplashActivity","appium:noReset":true}}}
2026-06-18 06:48:43:404 [AppiumDriver@e5e9] Calling AppiumDriver.createSession() with args: [{"firstMatch":[{}],"alwaysMatch":{"platformName":"Android","appium:automationName":"UiAutomator2","appium:deviceName":"Android Emulator","appium:appPackage":"com.example.smartcivicgovernance","appium:appActivity":"com.example.smartcivicgovernance.SplashActivity","appium:noReset":true}},{"firstMatch":[{}],"alwaysMatch":{"platformName":"Android","appium:automationName":"UiAutomator2","appium:deviceName":"Android Emulator","appium:appPackage":"com.example.smartcivicgovernance","appium:appActivity":"com.example.smartcivicgovernance.SplashActivity","appium:noReset":true}},{"firstMatch":[{}],"alwaysMatch":{"platformName":"Android","appium:automationName":"UiAutomator2","appium:deviceName":"Android Emulator","appium:appPackage":"com.example.smartcivicgovernance","appium:appActivity":"com.example.smartcivicgovernance.SplashActivity","appium:noReset":true}}]
2026-06-18 06:48:43:406 [AppiumDriver@e5e9] Event 'newSessionRequested' logged at 1781765323405 (06:48:43 GMT+0000 (Coordinated Universal Time))
2026-06-18 06:48:43:409 [Appium] Attempting to find matching driver for automationName 'UiAutomator2' and platformName 'Android'
2026-06-18 06:48:43:410 [Appium] The 'uiautomator2' driver was installed and matched caps.
2026-06-18 06:48:43:410 [Appium] Will require it at /home/runner/.appium/node_modules/appium-uiautomator2-driver
2026-06-18 06:48:43:412 [Appium] Requiring driver at /home/runner/.appium/node_modules/appium-uiautomator2-driver/build/lib/index.js
2026-06-18 06:48:43:412 [AppiumDriver@e5e9] Appium v3.5.1 creating new AndroidUiautomator2Driver (v7.6.1) session
2026-06-18 06:48:43:412 [AppiumDriver@e5e9] Checking BaseDriver versions for Appium and AndroidUiautomator2Driver
2026-06-18 06:48:43:413 [AppiumDriver@e5e9] Appium's BaseDriver version is 10.7.0
2026-06-18 06:48:43:413 [AppiumDriver@e5e9] AndroidUiautomator2Driver's BaseDriver version is 10.7.0
2026-06-18 06:48:43:421 [38;5;-178m[AndroidUiautomator2Driver@8470] 
2026-06-18 06:48:43:421 [38;5;-178m[AndroidUiautomator2Driver@8470] Creating session with W3C capabilities: {
  "alwaysMatch": {
    "platformName": "Android",
    "appium:automationName": "UiAutomator2",
    "appium:deviceName": "Android Emulator",
    "appium:appPackage": "com.example.smartcivicgovernance",
    "appium:appActivity": "com.example.smartcivicgovernance.SplashActivity",
    "appium:noReset": true
  },
  "firstMatch": [
    {}
  ]
}
2026-06-18 06:48:43:427 [7a36aa7b][38;5;-178m[AndroidUiautomator2Driver@8470] Session created with session id: 7a36aa7b-d399-40a9-9041-078201e2710f
2026-06-18 06:48:43:442 [7a36aa7b][ADB] Found 6 'build-tools' folders under '/usr/local/lib/android/sdk' (newest first):
2026-06-18 06:48:43:442 [7a36aa7b][ADB]     /usr/local/lib/android/sdk/build-tools/37.0.0
2026-06-18 06:48:43:442 [7a36aa7b][ADB]     /usr/local/lib/android/sdk/build-tools/36.1.0
2026-06-18 06:48:43:442 [7a36aa7b][ADB]     /usr/local/lib/android/sdk/build-tools/36.0.0
2026-06-18 06:48:43:443 [7a36aa7b][ADB]     /usr/local/lib/android/sdk/build-tools/35.0.1
2026-06-18 06:48:43:443 [7a36aa7b][ADB]     /usr/local/lib/android/sdk/build-tools/35.0.0
2026-06-18 06:48:43:443 [7a36aa7b][ADB]     /usr/local/lib/android/sdk/build-tools/34.0.0
2026-06-18 06:48:43:444 [7a36aa7b][ADB] Using 'adb' from '/usr/local/lib/android/sdk/platform-tools/adb'
2026-06-18 06:48:43:444 [7a36aa7b][ADB] Running '/usr/local/lib/android/sdk/platform-tools/adb -P 5037 start-server'
2026-06-18 06:48:43:452 [7a36aa7b][38;5;-178m[AndroidUiautomator2Driver@8470] Retrieving device list
2026-06-18 06:48:43:453 [7a36aa7b][ADB] Trying to find connected Android devices
2026-06-18 06:48:43:454 [7a36aa7b][ADB] Getting connected devices
2026-06-18 06:48:43:461 [7a36aa7b][ADB] Connected devices: [{"udid":"emulator-5554","state":"device"}]
2026-06-18 06:48:43:461 [7a36aa7b][38;5;-178m[AndroidUiautomator2Driver@8470] Using device: emulator-5554
2026-06-18 06:48:43:467 [7a36aa7b][BaseDriver] Initialized new IPC object with max object size of 1048576 bytes and max topics of 1000
2026-06-18 06:48:43:468 [7a36aa7b][BaseDriver] Subscribing 8470225c-eea9-45ee-8acd-27151bb3d350 to topic 'uiautomator2:sessionUdidClaimed'
2026-06-18 06:48:43:468 [7a36aa7b][BaseDriver] Subscribing 8470225c-eea9-45ee-8acd-27151bb3d350 to topic 'uiautomator2:sessionUdidContended'
2026-06-18 06:48:43:469 [7a36aa7b][BaseDriver] Subscribing 8470225c-eea9-45ee-8acd-27151bb3d350 to topic 'uiautomator2:sessionUdidReleased'
2026-06-18 06:48:43:469 [7a36aa7b][BaseDriver] 8470225c-eea9-45ee-8acd-27151bb3d350 is publishing a message to topic uiautomator2:sessionUdidClaimed
2026-06-18 06:48:43:482 [7a36aa7b][BaseDriver] Unsubscribing 8470225c-eea9-45ee-8acd-27151bb3d350 from topic 'uiautomator2:sessionUdidContended'
2026-06-18 06:48:43:483 [7a36aa7b][BaseDriver] Unsubscribing 8470225c-eea9-45ee-8acd-27151bb3d350 from topic 'uiautomator2:sessionUdidReleased'
2026-06-18 06:48:43:484 [7a36aa7b][ADB] Using 'adb' from '/usr/local/lib/android/sdk/platform-tools/adb'
2026-06-18 06:48:43:484 [7a36aa7b][ADB] Running '/usr/local/lib/android/sdk/platform-tools/adb -P 5037 start-server'
2026-06-18 06:48:43:491 [7a36aa7b][ADB] Setting device id to emulator-5554
2026-06-18 06:48:43:491 [7a36aa7b][38;5;-178m[AndroidUiautomator2Driver@8470] Starting 'com.example.smartcivicgovernance' directly on the device
2026-06-18 06:48:43:492 [7a36aa7b][ADB] Running '/usr/local/lib/android/sdk/platform-tools/adb -P 5037 -s emulator-5554 shell getprop ro.build.version.sdk'
2026-06-18 06:48:43:577 [7a36aa7b][ADB] Current device property 'ro.build.version.sdk': 34
2026-06-18 06:48:43:578 [7a36aa7b][ADB] Getting device platform version
2026-06-18 06:48:43:578 [7a36aa7b][ADB] Running '/usr/local/lib/android/sdk/platform-tools/adb -P 5037 -s emulator-5554 shell getprop ro.build.version.release'
2026-06-18 06:48:43:636 [7a36aa7b][ADB] Current device property 'ro.build.version.release': 14
2026-06-18 06:48:43:637 [7a36aa7b][ADB] Device API level: 34
2026-06-18 06:48:43:637 [7a36aa7b][38;5;-178m[AndroidUiautomator2Driver@8470] Relaxing hidden api policy
2026-06-18 06:48:43:638 [7a36aa7b][ADB] Running '/usr/local/lib/android/sdk/platform-tools/adb -P 5037 -s emulator-5554 shell 'settings put global hidden_api_policy_pre_p_apps 1;settings put global hidden_api_policy_p_apps 1;settings put global hidden_api_policy 1''
2026-06-18 06:48:43:644 [7a36aa7b][ADB] Running '/usr/local/lib/android/sdk/platform-tools/adb -P 5037 -s emulator-5554 wait-for-device'
2026-06-18 06:48:43:651 [7a36aa7b][ADB] Running '/usr/local/lib/android/sdk/platform-tools/adb -P 5037 -s emulator-5554 shell echo ping'
2026-06-18 06:48:43:681 [7a36aa7b][38;5;-178m[AndroidUiautomator2Driver@8470] Pushing settings apk to the device...
2026-06-18 06:48:43:683 [7a36aa7b][ADB] Getting package info for 'io.appium.settings'
2026-06-18 06:48:43:683 [7a36aa7b][ADB] Running '/usr/local/lib/android/sdk/platform-tools/adb -P 5037 -s emulator-5554 shell dumpsys package io.appium.settings'
2026-06-18 06:48:43:755 [7a36aa7b][ADB] App '/home/runner/.appium/node_modules/appium-uiautomator2-driver/node_modules/io.appium.settings/apks/settings_apk-debug.apk' is not installed
2026-06-18 06:48:43:755 [7a36aa7b][ADB] Installing '/home/runner/.appium/node_modules/appium-uiautomator2-driver/node_modules/io.appium.settings/apks/settings_apk-debug.apk'
2026-06-18 06:48:43:756 [7a36aa7b][ADB] Running '/usr/local/lib/android/sdk/platform-tools/adb -P 5037 -s emulator-5554 install -g /home/runner/.appium/node_modules/appium-uiautomator2-driver/node_modules/io.appium.settings/apks/settings_apk-debug.apk'
2026-06-18 06:48:44:862 [7a36aa7b][ADB] The installation of 'settings_apk-debug.apk' took 1105ms
2026-06-18 06:48:44:862 [7a36aa7b][ADB] Install command stdout: Performing Streamed Install
Success
2026-06-18 06:48:44:863 [7a36aa7b][ADB] Running '/usr/local/lib/android/sdk/platform-tools/adb -P 5037 -s emulator-5554 shell dumpsys activity services io.appium.settings'
2026-06-18 06:48:44:929 [7a36aa7b][ADB] Running '/usr/local/lib/android/sdk/platform-tools/adb -P 5037 -s emulator-5554 shell cmd notification allow_listener io.appium.settings/.NLService'
2026-06-18 06:48:44:933 [7a36aa7b][ADB] Running '/usr/local/lib/android/sdk/platform-tools/adb -P 5037 -s emulator-5554 shell appops set io.appium.settings PROJECT_MEDIA allow'
2026-06-18 06:48:45:045 [7a36aa7b][ADB] Running '/usr/local/lib/android/sdk/platform-tools/adb -P 5037 -s emulator-5554 shell dumpsys activity services io.appium.settings'
2026-06-18 06:48:45:196 [7a36aa7b][SettingsApp] Starting Appium Settings app
2026-06-18 06:48:45:197 [7a36aa7b][ADB] Running '/usr/local/lib/android/sdk/platform-tools/adb -P 5037 -s emulator-5554 shell am start-activity -n io.appium.settings/.Settings -a android.intent.action.MAIN -c android.intent.category.LAUNCHER'
2026-06-18 06:48:45:476 [7a36aa7b][ADB] Running '/usr/local/lib/android/sdk/platform-tools/adb -P 5037 -s emulator-5554 shell dumpsys activity services io.appium.settings'
2026-06-18 06:48:46:118 [7a36aa7b][ADB] Running '/usr/local/lib/android/sdk/platform-tools/adb -P 5037 -s emulator-5554 shell dumpsys activity services io.appium.settings'
2026-06-18 06:48:46:754 [7a36aa7b][ADB] Running '/usr/local/lib/android/sdk/platform-tools/adb -P 5037 -s emulator-5554 shell dumpsys activity services io.appium.settings'
2026-06-18 06:48:46:821 [7a36aa7b][Logcat] Starting logs capture with command: /usr/local/lib/android/sdk/platform-tools/adb -P 5037 -s emulator-5554 logcat -v threadtime
2026-06-18 06:48:46:878 [7a36aa7b][38;5;-178m[AndroidUiautomator2Driver@8470] Forwarding UiAutomator2 Server port 6790 to local port 8200
2026-06-18 06:48:46:880 [7a36aa7b][ADB] Forwarding system: 8200 to device: 6790
2026-06-18 06:48:46:880 [7a36aa7b][ADB] Running '/usr/local/lib/android/sdk/platform-tools/adb -P 5037 -s emulator-5554 forward tcp:8200 tcp:6790'
2026-06-18 06:48:46:911 [7a36aa7b][38;5;-178m[AndroidUiautomator2Driver@8470] UIA2Proxy options: {"scheme":"http","server":"127.0.0.1","port":8200,"base":"","reqBasePath":"","sessionId":null,"timeout":240000,"keepAlive":true}
2026-06-18 06:48:46:911 [7a36aa7b][ADB] Getting package info for 'io.appium.uiautomator2.server'
2026-06-18 06:48:46:912 [7a36aa7b][ADB] Running '/usr/local/lib/android/sdk/platform-tools/adb -P 5037 -s emulator-5554 shell dumpsys package io.appium.uiautomator2.server'
2026-06-18 06:48:46:915 [7a36aa7b][ADB] Getting install status for io.appium.uiautomator2.server.test
2026-06-18 06:48:46:916 [7a36aa7b][38;5;-178m[AndroidUiautomator2Driver@8470] No app capability. Assuming it is already on the device
2026-06-18 06:48:46:916 [7a36aa7b][ADB] Running '/usr/local/lib/android/sdk/platform-tools/adb -P 5037 -s emulator-5554 shell cmd package list packages --show-versioncode'
2026-06-18 06:48:47:100 [7a36aa7b][ADB] App '/home/runner/.appium/node_modules/appium-uiautomator2-driver/node_modules/appium-uiautomator2-server/apks/appium-uiautomator2-server-v10.2.1.apk' is not installed
2026-06-18 06:48:47:196 [7a36aa7b][ADB] 'io.appium.uiautomator2.server.test' is not installed
2026-06-18 06:48:47:196 [7a36aa7b][38;5;-178m[AndroidUiautomator2Driver@8470] Server packages status: [{"installState":"notInstalled","appPath":"/home/runner/.appium/node_modules/appium-uiautomator2-driver/node_modules/appium-uiautomator2-server/apks/appium-uiautomator2-server-v10.2.1.apk","appId":"io.appium.uiautomator2.server"},{"installState":"notInstalled","appPath":"/home/runner/.appium/node_modules/appium-uiautomator2-driver/node_modules/appium-uiautomator2-server/apks/appium-uiautomator2-server-debug-androidTest.apk","appId":"io.appium.uiautomator2.server.test"}]
2026-06-18 06:48:47:197 [7a36aa7b][38;5;-178m[AndroidUiautomator2Driver@8470] Server packages are going to be (re)installed
2026-06-18 06:48:47:197 [7a36aa7b][ADB] Running '/usr/local/lib/android/sdk/platform-tools/adb -P 5037 -s emulator-5554 version'
2026-06-18 06:48:47:215 [7a36aa7b][ADB] Running '/usr/local/lib/android/sdk/platform-tools/adb -P 5037 -s emulator-5554 features'
2026-06-18 06:48:47:236 [7a36aa7b][ADB] Running '/usr/local/lib/android/sdk/platform-tools/adb -P 5037 -s emulator-5554 install -r --no-incremental /home/runner/.appium/node_modules/appium-uiautomator2-driver/node_modules/appium-uiautomator2-server/apks/appium-uiautomator2-server-v10.2.1.apk'
2026-06-18 06:48:47:240 [7a36aa7b][ADB] Running '/usr/local/lib/android/sdk/platform-tools/adb -P 5037 -s emulator-5554 install -r --no-incremental /home/runner/.appium/node_modules/appium-uiautomator2-driver/node_modules/appium-uiautomator2-server/apks/appium-uiautomator2-server-debug-androidTest.apk'
2026-06-18 06:48:48:638 [7a36aa7b][ADB] The installation of 'appium-uiautomator2-server-debug-androidTest.apk' took 1397ms
2026-06-18 06:48:48:638 [7a36aa7b][ADB] Install command stdout: Performing Streamed Install
Success
2026-06-18 06:48:48:980 [7a36aa7b][ADB] The installation of 'appium-uiautomator2-server-v10.2.1.apk' took 1744ms
2026-06-18 06:48:48:980 [7a36aa7b][ADB] Install command stdout: Performing Streamed Install
Success
2026-06-18 06:48:48:981 [7a36aa7b][38;5;-178m[AndroidUiautomator2Driver@8470] Waiting up to 30000ms for services to be available
2026-06-18 06:48:48:981 [7a36aa7b][ADB] Running '/usr/local/lib/android/sdk/platform-tools/adb -P 5037 -s emulator-5554 shell pm list instrumentation'
2026-06-18 06:48:49:073 [7a36aa7b][38;5;-178m[AndroidUiautomator2Driver@8470] Instrumentation target 'io.appium.uiautomator2.server.test/androidx.test.runner.AndroidJUnitRunner' is available
2026-06-18 06:48:49:076 [7a36aa7b][ADB] Adding packages ["io.appium.settings","io.appium.uiautomator2.server","io.appium.uiautomator2.server.test"] to Doze whitelist
2026-06-18 06:48:49:076 [7a36aa7b][ADB] Got the following command chunks to execute: [["dumpsys","deviceidle","whitelist","+io.appium.settings",";","dumpsys","deviceidle","whitelist","+io.appium.uiautomator2.server",";","dumpsys","deviceidle","whitelist","+io.appium.uiautomator2.server.test",";"]]
2026-06-18 06:48:49:077 [7a36aa7b][ADB] Running '/usr/local/lib/android/sdk/platform-tools/adb -P 5037 -s emulator-5554 shell dumpsys deviceidle whitelist +io.appium.settings ; dumpsys deviceidle whitelist +io.appium.uiautomator2.server ; dumpsys deviceidle whitelist +io.appium.uiautomator2.server.test ;'
2026-06-18 06:48:49:392 [7a36aa7b][38;5;-178m[AndroidUiautomator2Driver@8470] Performing shallow cleanup of automation leftovers
2026-06-18 06:48:49:422 [7a36aa7b][38;5;-178m[AndroidUiautomator2Driver@8470] No obsolete sessions have been detected (socket hang up)
2026-06-18 06:48:49:423 [7a36aa7b][ADB] Running '/usr/local/lib/android/sdk/platform-tools/adb -P 5037 -s emulator-5554 shell am force-stop io.appium.uiautomator2.server'
2026-06-18 06:48:49:426 [7a36aa7b][ADB] Running '/usr/local/lib/android/sdk/platform-tools/adb -P 5037 -s emulator-5554 shell am force-stop io.appium.uiautomator2.server.test'
2026-06-18 06:48:49:518 [7a36aa7b][38;5;-178m[AndroidUiautomator2Driver@8470] Starting UIAutomator2 server 10.2.1
2026-06-18 06:48:49:518 [7a36aa7b][38;5;-178m[AndroidUiautomator2Driver@8470] Using UIAutomator2 server from '/home/runner/.appium/node_modules/appium-uiautomator2-driver/node_modules/appium-uiautomator2-server/apks/appium-uiautomator2-server-v10.2.1.apk' and test from '/home/runner/.appium/node_modules/appium-uiautomator2-driver/node_modules/appium-uiautomator2-server/apks/appium-uiautomator2-server-debug-androidTest.apk'
2026-06-18 06:48:49:518 [7a36aa7b][38;5;-178m[AndroidUiautomator2Driver@8470] Waiting up to 30000ms for UiAutomator2 to be online...
2026-06-18 06:48:49:519 [7a36aa7b][ADB] Creating ADB subprocess with args: ["-P","5037","-s","emulator-5554","shell","am","instrument","-w","-e","disableAnalytics","true","io.appium.uiautomator2.server.test/androidx.test.runner.AndroidJUnitRunner"]
2026-06-18 06:48:49:530 [7a36aa7b][38;5;-178m[AndroidUiautomator2Driver@8470] Matched '/status' to command name 'getStatus'
2026-06-18 06:48:49:532 [7a36aa7b][38;5;-178m[AndroidUiautomator2Driver@8470] Proxying [GET /status] to [GET http://127.0.0.1:8200/status] with no body
2026-06-18 06:48:49:541 [7a36aa7b][38;5;-178m[AndroidUiautomator2Driver@8470] socket hang up
2026-06-18 06:48:50:543 [7a36aa7b][38;5;-178m[AndroidUiautomator2Driver@8470] Matched '/status' to command name 'getStatus'
2026-06-18 06:48:50:543 [7a36aa7b][38;5;-178m[AndroidUiautomator2Driver@8470] Proxying [GET /status] to [GET http://127.0.0.1:8200/status] with no body
2026-06-18 06:48:50:548 [7a36aa7b][38;5;-178m[AndroidUiautomator2Driver@8470] socket hang up
2026-06-18 06:48:51:252 [7a36aa7b][38;5;-178m[AndroidUiautomator2Driver@8470] [Instrumentation] 
2026-06-18 06:48:51:552 [7a36aa7b][38;5;-178m[AndroidUiautomator2Driver@8470] Matched '/status' to command name 'getStatus'
2026-06-18 06:48:51:552 [7a36aa7b][38;5;-178m[AndroidUiautomator2Driver@8470] Proxying [GET /status] to [GET http://127.0.0.1:8200/status] with no body
2026-06-18 06:48:51:557 [7a36aa7b][38;5;-178m[AndroidUiautomator2Driver@8470] socket hang up
2026-06-18 06:48:52:557 [7a36aa7b][38;5;-178m[AndroidUiautomator2Driver@8470] Matched '/status' to command name 'getStatus'
2026-06-18 06:48:52:558 [7a36aa7b][38;5;-178m[AndroidUiautomator2Driver@8470] Proxying [GET /status] to [GET http://127.0.0.1:8200/status] with no body
2026-06-18 06:48:52:627 [7a36aa7b][38;5;-178m[AndroidUiautomator2Driver@8470] Got response with status 200: {"sessionId":"None","value":{"build":{"version":"10.2.1","versionCode":260},"message":"UiAutomator2 Server is ready to accept commands","ready":true}}
2026-06-18 06:48:52:628 [7a36aa7b][38;5;-178m[AndroidUiautomator2Driver@8470] The initialization of the instrumentation process took 3109ms
2026-06-18 06:48:52:628 [7a36aa7b][38;5;-178m[AndroidUiautomator2Driver@8470] Matched '/session' to command name 'createSession'
2026-06-18 06:48:52:628 [7a36aa7b][38;5;-178m[AndroidUiautomator2Driver@8470] Proxying [POST /session] to [POST http://127.0.0.1:8200/session] with body: {"capabilities":{"firstMatch":[{"platformName":"Android","automationName":"UiAutomator2","deviceName":"emulator-5554","appPackage":"com.example.smartcivicgovernance","appActivity":"com.example.smartcivicgovernance.SplashActivity","noReset":true,"platform":"LINUX","webStorageEnabled":false,"takesScreenshot":true,"javascriptEnabled":true,"databaseEnabled":false,"networkConnectionEnabled":true,"locationContextEnabled":false,"warnings":{},"desired":{"platformName":"Android","automationName":"UiAutomator2","deviceName":"Android Emulator","appPackage":"com.example.smartcivicgovernance","appActivity":"com.example.smartcivicgovernance.SplashActivity","noReset":true},"deviceUDID":"emulator-5554"}],"alwaysMatch":{}}}
2026-06-18 06:48:52:668 [7a36aa7b][38;5;-178m[AndroidUiautomator2Driver@8470] Got response with status 200: {"sessionId":"585e9a92-8a17-487f-aa24-e245b4939336","value":{"capabilities":{"firstMatch":[{"platformName":"Android","automationName":"UiAutomator2","deviceName":"emulator-5554","appPackage":"com.example.smartcivicgovernance","appActivity":"com.example.smartcivicgovernance.SplashActivity","noReset":true,"platform":"LINUX","webStorageEnabled":false,"takesScreenshot":true,"javascriptEnabled":true,"databaseEnabled":false,"networkConnectionEnabled":true,"locationContextEnabled":false,"warnings":{},"desired":{"platformName":"Android","automationName":"UiAutomator2","deviceName":"Android Emulator","appPackage":"com.example.smartcivicgovernance","appActivity":"com.example.smartcivicgovernance.SplashActivity","noReset":true},"deviceUDID":"emulator-5554"}],"alwaysMatch":{}},"sessionId":"585e9a92-8a17-487f-aa24-e245b4939336"}}
2026-06-18 06:48:52:669 [7a36aa7b][38;5;-178m[AndroidUiautomator2Driver@8470] Determined the downstream protocol as 'W3C'
2026-06-18 06:48:52:694 [7a36aa7b][38;5;-178m[AndroidUiautomator2Driver@8470] Proxying [GET /appium/device/pixel_ratio] to [GET http://127.0.0.1:8200/session/585e9a92-8a17-487f-aa24-e245b4939336/appium/device/pixel_ratio] with no body
2026-06-18 06:48:52:700 [7a36aa7b][38;5;-178m[AndroidUiautomator2Driver@8470] Proxying [GET /appium/device/system_bars] to [GET http://127.0.0.1:8200/session/585e9a92-8a17-487f-aa24-e245b4939336/appium/device/system_bars] with no body
2026-06-18 06:48:52:704 [7a36aa7b][38;5;-178m[AndroidUiautomator2Driver@8470] Proxying [GET /window/current/size] to [GET http://127.0.0.1:8200/session/585e9a92-8a17-487f-aa24-e245b4939336/window/current/size] with no body
2026-06-18 06:48:52:708 [7a36aa7b][38;5;-178m[AndroidUiautomator2Driver@8470] Proxying [GET /appium/device/info] to [GET http://127.0.0.1:8200/session/585e9a92-8a17-487f-aa24-e245b4939336/appium/device/info] with no body
2026-06-18 06:48:52:716 [7a36aa7b][ADB] Running '/usr/local/lib/android/sdk/platform-tools/adb -P 5037 -s emulator-5554 shell dumpsys window'
2026-06-18 06:48:52:721 [7a36aa7b][ADB] Running '/usr/local/lib/android/sdk/platform-tools/adb -P 5037 -s emulator-5554 shell dumpsys power'
2026-06-18 06:48:52:794 [7a36aa7b][38;5;-178m[AndroidUiautomator2Driver@8470] Got response with status 200: {"sessionId":"585e9a92-8a17-487f-aa24-e245b4939336","value":1}
2026-06-18 06:48:52:799 [7a36aa7b][38;5;-178m[AndroidUiautomator2Driver@8470] Got response with status 200: {"sessionId":"585e9a92-8a17-487f-aa24-e245b4939336","value":{"statusBar":24}}
2026-06-18 06:48:52:811 [7a36aa7b][38;5;-178m[AndroidUiautomator2Driver@8470] Got response with status 200: {"sessionId":"585e9a92-8a17-487f-aa24-e245b4939336","value":{"height":640,"width":320}}
2026-06-18 06:48:52:888 [7a36aa7b][38;5;-178m[AndroidUiautomator2Driver@8470] [Instrumentation] s_glBindAttribLocation: bind attrib 0 name position
2026-06-18 06:48:52:888 [7a36aa7b][38;5;-178m[AndroidUiautomator2Driver@8470] [Instrumentation] s_glBindAttribLocation: bind attrib 1 name color
2026-06-18 06:48:52:888 [7a36aa7b][38;5;-178m[AndroidUiautomator2Driver@8470] [Instrumentation] s_glBindAttribLocation: bind attrib 2 name localCoord
2026-06-18 06:48:52:944 [7a36aa7b][38;5;-178m[AndroidUiautomator2Driver@8470] Screen already unlocked, doing nothing
2026-06-18 06:48:52:944 [7a36aa7b][38;5;-178m[AndroidUiautomator2Driver@8470] Starting 'com.example.smartcivicgovernance/com.example.smartcivicgovernance.SplashActivityand waiting for 'com.example.smartcivicgovernance/com.example.smartcivicgovernance.SplashActivity'
2026-06-18 06:48:52:945 [7a36aa7b][ADB] Getting IDs of all 'com.example.smartcivicgovernance' processes
2026-06-18 06:48:52:945 [7a36aa7b][ADB] Running '/usr/local/lib/android/sdk/platform-tools/adb -P 5037 -s emulator-5554 shell ps --help'
2026-06-18 06:48:52:995 [7a36aa7b][ADB] Running '/usr/local/lib/android/sdk/platform-tools/adb -P 5037 -s emulator-5554 shell ps -A'
2026-06-18 06:48:53:020 [7a36aa7b][38;5;-178m[AndroidUiautomator2Driver@8470] Got response with status 200: {"sessionId":"585e9a92-8a17-487f-aa24-e245b4939336","value":{"androidId":"83d9b963497d2895","apiVersion":"34","bluetooth":{"state":"ON"},"brand":"google","carrierName":"T-Mobile","displayDensity":160,"locale":"en_US","manufacturer":"Google","model":"sdk_gphone64_x86_64","networks":[{"capabilities":{"SSID":null,"linkDownBandwidthKbps":30000,"linkUpstreamBandwidthKbps":12000,"networkCapabilities":"NET_CAPABILITY_NOT_METERED,NET_CAPABILITY_INTERNET,NET_CAPABILITY_NOT_RESTRICTED,NET_CAPABILITY_TRUSTED,NET_CAPABILITY_NOT_VPN,NET_CAPABILITY_VALIDATED,NET_CAPABILITY_NOT_ROAMING,NET_CAPABILITY_FOREGROUND,NET_CAPABILITY_NOT_CONGESTED,NET_CAPABILITY_NOT_SUSPENDED","signalStrength":-50,"transportTypes":"TRANSPORT_WIFI"},"detailedState":"CONNECTED","extraInfo":"","isAvailable":true,"isConnected":true,"isFailover":false,"isRoaming":false,"state":"CONNECTED","subtype":-1,"subtypeName":"","type":1,"typeName":"WIFI"},{"capabilities":{"SSID":null,"linkDownBandwidthKbps":4300,"linkUpstreamBandwidthKbps":1800,"networkCapabilit…
2026-06-18 06:48:53:071 [7a36aa7b][ADB] Running '/usr/local/lib/android/sdk/platform-tools/adb -P 5037 -s emulator-5554 shell am start-activity -W -n com.example.smartcivicgovernance/com.example.smartcivicgovernance.SplashActivity -S -a android.intent.action.MAIN -c android.intent.category.LAUNCHER -f 0x10200000'
2026-06-18 06:48:53:389 [7a36aa7b][ADB] We tried to start an activity that doesn't exist, retrying with '.com.example.smartcivicgovernance.SplashActivity' activity name
2026-06-18 06:48:53:389 [7a36aa7b][ADB] Running '/usr/local/lib/android/sdk/platform-tools/adb -P 5037 -s emulator-5554 shell am start-activity -W -n com.example.smartcivicgovernance/.com.example.smartcivicgovernance.SplashActivity -S -a android.intent.action.MAIN -c android.intent.category.LAUNCHER -f 0x10200000'
2026-06-18 06:48:53:732 [7a36aa7b][BaseDriver] Unsubscribing 8470225c-eea9-45ee-8acd-27151bb3d350 from topic 'uiautomator2:sessionUdidClaimed'
2026-06-18 06:48:53:733 [7a36aa7b][38;5;-178m[AndroidUiautomator2Driver@8470] Deleting UiAutomator2 session
2026-06-18 06:48:53:733 [7a36aa7b][38;5;-178m[AndroidUiautomator2Driver@8470] Deleting UiAutomator2 server session
2026-06-18 06:48:53:733 [7a36aa7b][38;5;-178m[AndroidUiautomator2Driver@8470] Proxying [DELETE /] to [DELETE http://127.0.0.1:8200/session/585e9a92-8a17-487f-aa24-e245b4939336] with no body
2026-06-18 06:48:53:744 [7a36aa7b][38;5;-178m[AndroidUiautomator2Driver@8470] Got response with status 200: {"sessionId":"585e9a92-8a17-487f-aa24-e245b4939336","value":null}
2026-06-18 06:48:53:744 [7a36aa7b][ADB] Getting IDs of all 'io.appium.uiautomator2.server' processes
2026-06-18 06:48:53:745 [7a36aa7b][ADB] Running '/usr/local/lib/android/sdk/platform-tools/adb -P 5037 -s emulator-5554 shell ps -A'
2026-06-18 06:48:53:916 [7a36aa7b][38;5;-178m[AndroidUiautomator2Driver@8470] [Instrumentation] io.appium.uiautomator2.server.test.AppiumUiAutomator2Server:.
2026-06-18 06:48:53:916 [7a36aa7b][38;5;-178m[AndroidUiautomator2Driver@8470] [Instrumentation] 
2026-06-18 06:48:53:916 [7a36aa7b][38;5;-178m[AndroidUiautomator2Driver@8470] [Instrumentation] Time: 2.526
2026-06-18 06:48:53:916 [7a36aa7b][38;5;-178m[AndroidUiautomator2Driver@8470] [Instrumentation] 
2026-06-18 06:48:53:916 [7a36aa7b][38;5;-178m[AndroidUiautomator2Driver@8470] [Instrumentation] OK (1 test)
2026-06-18 06:48:53:916 [7a36aa7b][38;5;-178m[AndroidUiautomator2Driver@8470] [Instrumentation] 
2026-06-18 06:48:53:917 [7a36aa7b][38;5;-178m[AndroidUiautomator2Driver@8470] [Instrumentation] 
2026-06-18 06:48:53:925 [7a36aa7b][38;5;-178m[AndroidUiautomator2Driver@8470] [Instrumentation] The process has exited with code null, signal SIGTERM
2026-06-18 06:48:53:925 [7a36aa7b][ADB] Running '/usr/local/lib/android/sdk/platform-tools/adb -P 5037 -s emulator-5554 shell am force-stop io.appium.uiautomator2.server'
2026-06-18 06:48:53:928 [7a36aa7b][ADB] Running '/usr/local/lib/android/sdk/platform-tools/adb -P 5037 -s emulator-5554 shell am force-stop io.appium.uiautomator2.server.test'
2026-06-18 06:48:54:034 [7a36aa7b][ADB] Running '/usr/local/lib/android/sdk/platform-tools/adb -P 5037 -s emulator-5554 shell dumpsys activity services io.appium.settings/.recorder.RecorderService'
2026-06-18 06:48:54:087 [7a36aa7b][ADB] Removing forwarded port socket connection: 8200 
2026-06-18 06:48:54:087 [7a36aa7b][ADB] Running '/usr/local/lib/android/sdk/platform-tools/adb -P 5037 -s emulator-5554 forward --remove tcp:8200'
2026-06-18 06:48:54:098 [7a36aa7b][38;5;-178m[AndroidUiautomator2Driver@8470] Restoring hidden api policy to the device default configuration
2026-06-18 06:48:54:098 [7a36aa7b][ADB] Running '/usr/local/lib/android/sdk/platform-tools/adb -P 5037 -s emulator-5554 shell 'settings delete global hidden_api_policy_pre_p_apps;settings delete global hidden_api_policy_p_apps;settings delete global hidden_api_policy''
2026-06-18 06:48:54:260 [7a36aa7b][Logcat] Stopping logcat capture
2026-06-18 06:48:54:262 [7a36aa7b][AppiumDriver@e5e9] Event 'newSessionStarted' logged at 1781765334261 (06:48:54 GMT+0000 (Coordinated Universal Time))
2026-06-18 06:48:54:262 [7a36aa7b][AppiumDriver@e5e9] Encountered internal error running command: Error: Cannot start the 'com.example.smartcivicgovernance' application. Consider checking the driver's troubleshooting documentation. Original error: Cannot start the 'com.example.smartcivicgovernance' application. Consider checking the driver's troubleshooting documentation. Original error: Activity name '.com.example.smartcivicgovernance.SplashActivity' used to start the app doesn't exist or cannot be launched! Make sure it exists and is a launchable activity
    at ADB.startApp (/home/runner/.appium/node_modules/appium-uiautomator2-driver/node_modules/appium-adb/build/lib/tools/app-commands.js:612:15)
    at process.processTicksAndRejections (node:internal/process/task_queues:103:5)
    at async AndroidUiautomator2Driver.ensureAppStarts (/home/runner/.appium/node_modules/appium-uiautomator2-driver/build/lib/commands/aut.js:106:5)
    at async AndroidUiautomator2Driver.performPostExecSetup [as performSessionPostExecSetup] (/home/runner/.appium/node_modules/appium-uiautomator2-driver/build/lib/uiautomator2-server/session.js:202:9)
    at async AndroidUiautomator2Driver.startSession [as startUiAutomator2Session] (/home/runner/.appium/node_modules/appium-uiautomator2-driver/build/lib/uiautomator2-server/session.js:260:5)
    at async AndroidUiautomator2Driver.createSession (/home/runner/.appium/node_modules/appium-uiautomator2-driver/build/lib/driver.js:301:28)
    at async AppiumDriver.createSession (/usr/local/lib/node_modules/appium/build/lib/appium.js:271:44)
    at async runCommandPromise (/usr/local/lib/node_modules/appium/node_modules/@appium/base-driver/build/lib/basedriver/driver.js:119:24)
    at async AppiumDriver.executeCommand (/usr/local/lib/node_modules/appium/node_modules/@appium/base-driver/build/lib/basedriver/driver.js:162:15)
    at async defaultBehavior (/usr/local/lib/node_modules/appium/build/lib/appium.js:582:24)
    at async AppiumDriver.executeWrappedCommand (/usr/local/lib/node_modules/appium/build/lib/appium.js:694:22)
    at async AppiumDriver.executeCommand (/usr/local/lib/node_modules/appium/build/lib/appium.js:598:21)
    at async asyncHandler (/usr/local/lib/node_modules/appium/node_modules/@appium/base-driver/build/lib/protocol/protocol.js:401:25)
2026-06-18 06:48:54:270 [HTTP] <-- POST /session 500 10867 ms - 3607
2026-06-18 06:49:03:010 [Appium] Received SIGTERM - shutting down
