2026-06-22 09:25:28:929 [Appium] Welcome to Appium v3.5.2
2026-06-22 09:25:28:932 [Appium] The autodetected Appium home path: /home/runner/.appium
2026-06-22 09:25:28:933 [Appium] Attempting to load driver uiautomator2...
2026-06-22 09:25:28:936 [Appium] Requiring driver at /home/runner/.appium/node_modules/appium-uiautomator2-driver/build/lib/index.js
2026-06-22 09:25:29:516 [Appium] AndroidUiautomator2Driver has been successfully loaded in 0.581s
2026-06-22 09:25:29:540 [Appium] Appium REST http interface listener started on http://0.0.0.0:4723
2026-06-22 09:25:29:541 [Appium] You can provide the following URLs in your client code to connect to this server:
	http://127.0.0.1:4723/ (only accessible from the same host)
	http://10.1.0.114:4723/
2026-06-22 09:25:29:542 [Appium] Available drivers:
2026-06-22 09:25:29:543 [Appium]   - uiautomator2@7.6.2 (automationName 'UiAutomator2')
2026-06-22 09:25:29:543 [Appium] No plugins have been installed. Use the "appium plugin" command to install the one(s) you want to use.
2026-06-22 09:25:48:727 [HTTP] Request idempotency key: 9ed6f8ff-89eb-4acc-807e-0d86f5e578eb
2026-06-22 09:25:48:740 [HTTP] --> POST /session {"capabilities":{"firstMatch":[{}],"alwaysMatch":{"platformName":"Android","appium:automationName":"UiAutomator2","appium:deviceName":"Android Emulator","appium:appPackage":"com.example.smartcivicgovernance","appium:appActivity":"com.example.smartcivicgovernance.SplashActivity","appium:noReset":true}}}
2026-06-22 09:25:48:742 [AppiumDriver@f64c] Calling AppiumDriver.createSession() with args: [{"firstMatch":[{}],"alwaysMatch":{"platformName":"Android","appium:automationName":"UiAutomator2","appium:deviceName":"Android Emulator","appium:appPackage":"com.example.smartcivicgovernance","appium:appActivity":"com.example.smartcivicgovernance.SplashActivity","appium:noReset":true}},{"firstMatch":[{}],"alwaysMatch":{"platformName":"Android","appium:automationName":"UiAutomator2","appium:deviceName":"Android Emulator","appium:appPackage":"com.example.smartcivicgovernance","appium:appActivity":"com.example.smartcivicgovernance.SplashActivity","appium:noReset":true}},{"firstMatch":[{}],"alwaysMatch":{"platformName":"Android","appium:automationName":"UiAutomator2","appium:deviceName":"Android Emulator","appium:appPackage":"com.example.smartcivicgovernance","appium:appActivity":"com.example.smartcivicgovernance.SplashActivity","appium:noReset":true}}]
2026-06-22 09:25:48:743 [AppiumDriver@f64c] Event 'newSessionRequested' logged at 1782120348743 (09:25:48 GMT+0000 (Coordinated Universal Time))
2026-06-22 09:25:48:747 [Appium] Attempting to find matching driver for automationName 'UiAutomator2' and platformName 'Android'
2026-06-22 09:25:48:747 [Appium] The 'uiautomator2' driver was installed and matched caps.
2026-06-22 09:25:48:747 [Appium] Will require it at /home/runner/.appium/node_modules/appium-uiautomator2-driver
2026-06-22 09:25:48:749 [Appium] Requiring driver at /home/runner/.appium/node_modules/appium-uiautomator2-driver/build/lib/index.js
2026-06-22 09:25:48:750 [AppiumDriver@f64c] Appium v3.5.2 creating new AndroidUiautomator2Driver (v7.6.2) session
2026-06-22 09:25:48:750 [AppiumDriver@f64c] Checking BaseDriver versions for Appium and AndroidUiautomator2Driver
2026-06-22 09:25:48:750 [AppiumDriver@f64c] Appium's BaseDriver version is 10.7.1
2026-06-22 09:25:48:750 [AppiumDriver@f64c] AndroidUiautomator2Driver's BaseDriver version is 10.7.1
2026-06-22 09:25:48:759 [38;5;-191m[AndroidUiautomator2Driver@d998] 
2026-06-22 09:25:48:760 [38;5;-191m[AndroidUiautomator2Driver@d998] Creating session with W3C capabilities: {
  "alwaysMatch": {
    "platformName": "Android",
    "appium:automationName": "UiAutomator2",
    "appium:deviceName": "Android Emulator",
    "appium:appPackage": "com.example.smartcivicgovernance",
    "appium:appActivity": "com.example.smartcivicgovernance.SplashActivity",
    "appium:noReset": true
  },
  "firstMatch": [
    {}
  ]
}
2026-06-22 09:25:48:766 [bf4c7d8b][38;5;-191m[AndroidUiautomator2Driver@d998] Session created with session id: bf4c7d8b-45d3-4a72-a98d-54b389c412fc
2026-06-22 09:25:48:779 [bf4c7d8b][ADB] Found 6 'build-tools' folders under '/usr/local/lib/android/sdk' (newest first):
2026-06-22 09:25:48:780 [bf4c7d8b][ADB]     /usr/local/lib/android/sdk/build-tools/37.0.0
2026-06-22 09:25:48:780 [bf4c7d8b][ADB]     /usr/local/lib/android/sdk/build-tools/36.1.0
2026-06-22 09:25:48:780 [bf4c7d8b][ADB]     /usr/local/lib/android/sdk/build-tools/36.0.0
2026-06-22 09:25:48:780 [bf4c7d8b][ADB]     /usr/local/lib/android/sdk/build-tools/35.0.1
2026-06-22 09:25:48:780 [bf4c7d8b][ADB]     /usr/local/lib/android/sdk/build-tools/35.0.0
2026-06-22 09:25:48:780 [bf4c7d8b][ADB]     /usr/local/lib/android/sdk/build-tools/34.0.0
2026-06-22 09:25:48:782 [bf4c7d8b][ADB] Using 'adb' from '/usr/local/lib/android/sdk/platform-tools/adb'
2026-06-22 09:25:48:782 [bf4c7d8b][ADB] Running '/usr/local/lib/android/sdk/platform-tools/adb -P 5037 start-server'
2026-06-22 09:25:48:792 [bf4c7d8b][38;5;-191m[AndroidUiautomator2Driver@d998] Retrieving device list
2026-06-22 09:25:48:792 [bf4c7d8b][ADB] Trying to find connected Android devices
2026-06-22 09:25:48:793 [bf4c7d8b][ADB] Getting connected devices
2026-06-22 09:25:48:802 [bf4c7d8b][ADB] Connected devices: [{"udid":"emulator-5554","state":"device"}]
2026-06-22 09:25:48:803 [bf4c7d8b][38;5;-191m[AndroidUiautomator2Driver@d998] Using device: emulator-5554
2026-06-22 09:25:48:810 [bf4c7d8b][BaseDriver] Initialized new IPC object with max object size of 1048576 bytes and max topics of 1000
2026-06-22 09:25:48:812 [bf4c7d8b][BaseDriver] Subscribing d9981ce7-5446-4b7a-8efa-d83be59cf058 to topic 'uiautomator2:sessionUdidClaimed'
2026-06-22 09:25:48:813 [bf4c7d8b][BaseDriver] Subscribing d9981ce7-5446-4b7a-8efa-d83be59cf058 to topic 'uiautomator2:sessionUdidContended'
2026-06-22 09:25:48:813 [bf4c7d8b][BaseDriver] Subscribing d9981ce7-5446-4b7a-8efa-d83be59cf058 to topic 'uiautomator2:sessionUdidReleased'
2026-06-22 09:25:48:814 [bf4c7d8b][BaseDriver] d9981ce7-5446-4b7a-8efa-d83be59cf058 is publishing a message to topic uiautomator2:sessionUdidClaimed
2026-06-22 09:25:48:826 [bf4c7d8b][BaseDriver] Unsubscribing d9981ce7-5446-4b7a-8efa-d83be59cf058 from topic 'uiautomator2:sessionUdidContended'
2026-06-22 09:25:48:826 [bf4c7d8b][BaseDriver] Unsubscribing d9981ce7-5446-4b7a-8efa-d83be59cf058 from topic 'uiautomator2:sessionUdidReleased'
2026-06-22 09:25:48:827 [bf4c7d8b][ADB] Using 'adb' from '/usr/local/lib/android/sdk/platform-tools/adb'
2026-06-22 09:25:48:828 [bf4c7d8b][ADB] Running '/usr/local/lib/android/sdk/platform-tools/adb -P 5037 start-server'
2026-06-22 09:25:48:834 [bf4c7d8b][ADB] Setting device id to emulator-5554
2026-06-22 09:25:48:834 [bf4c7d8b][38;5;-191m[AndroidUiautomator2Driver@d998] Starting 'com.example.smartcivicgovernance' directly on the device
2026-06-22 09:25:48:835 [bf4c7d8b][ADB] Running '/usr/local/lib/android/sdk/platform-tools/adb -P 5037 -s emulator-5554 shell getprop ro.build.version.sdk'
2026-06-22 09:25:48:878 [bf4c7d8b][ADB] Current device property 'ro.build.version.sdk': 34
2026-06-22 09:25:48:878 [bf4c7d8b][ADB] Getting device platform version
2026-06-22 09:25:48:878 [bf4c7d8b][ADB] Running '/usr/local/lib/android/sdk/platform-tools/adb -P 5037 -s emulator-5554 shell getprop ro.build.version.release'
2026-06-22 09:25:48:910 [bf4c7d8b][ADB] Current device property 'ro.build.version.release': 14
2026-06-22 09:25:48:911 [bf4c7d8b][ADB] Device API level: 34
2026-06-22 09:25:48:911 [bf4c7d8b][38;5;-191m[AndroidUiautomator2Driver@d998] Relaxing hidden api policy
2026-06-22 09:25:48:911 [bf4c7d8b][ADB] Running '/usr/local/lib/android/sdk/platform-tools/adb -P 5037 -s emulator-5554 shell 'settings put global hidden_api_policy_pre_p_apps 1;settings put global hidden_api_policy_p_apps 1;settings put global hidden_api_policy 1''
2026-06-22 09:25:48:916 [bf4c7d8b][ADB] Running '/usr/local/lib/android/sdk/platform-tools/adb -P 5037 -s emulator-5554 wait-for-device'
2026-06-22 09:25:48:924 [bf4c7d8b][ADB] Running '/usr/local/lib/android/sdk/platform-tools/adb -P 5037 -s emulator-5554 shell echo ping'
2026-06-22 09:25:48:958 [bf4c7d8b][38;5;-191m[AndroidUiautomator2Driver@d998] Pushing settings apk to the device...
2026-06-22 09:25:48:959 [bf4c7d8b][ADB] Getting package info for 'io.appium.settings'
2026-06-22 09:25:48:959 [bf4c7d8b][ADB] Running '/usr/local/lib/android/sdk/platform-tools/adb -P 5037 -s emulator-5554 shell dumpsys package io.appium.settings'
2026-06-22 09:25:49:009 [bf4c7d8b][ADB] App '/home/runner/.appium/node_modules/appium-uiautomator2-driver/node_modules/io.appium.settings/apks/settings_apk-debug.apk' is not installed
2026-06-22 09:25:49:010 [bf4c7d8b][ADB] Installing '/home/runner/.appium/node_modules/appium-uiautomator2-driver/node_modules/io.appium.settings/apks/settings_apk-debug.apk'
2026-06-22 09:25:49:010 [bf4c7d8b][ADB] Running '/usr/local/lib/android/sdk/platform-tools/adb -P 5037 -s emulator-5554 install -g /home/runner/.appium/node_modules/appium-uiautomator2-driver/node_modules/io.appium.settings/apks/settings_apk-debug.apk'
2026-06-22 09:25:50:429 [bf4c7d8b][ADB] The installation of 'settings_apk-debug.apk' took 1418ms
2026-06-22 09:25:50:430 [bf4c7d8b][ADB] Install command stdout: Performing Streamed Install
Success
2026-06-22 09:25:50:431 [bf4c7d8b][ADB] Running '/usr/local/lib/android/sdk/platform-tools/adb -P 5037 -s emulator-5554 shell dumpsys activity services io.appium.settings'
2026-06-22 09:25:50:789 [bf4c7d8b][ADB] Running '/usr/local/lib/android/sdk/platform-tools/adb -P 5037 -s emulator-5554 shell cmd notification allow_listener io.appium.settings/.NLService'
2026-06-22 09:25:50:794 [bf4c7d8b][ADB] Running '/usr/local/lib/android/sdk/platform-tools/adb -P 5037 -s emulator-5554 shell appops set io.appium.settings PROJECT_MEDIA allow'
2026-06-22 09:25:51:120 [bf4c7d8b][ADB] Running '/usr/local/lib/android/sdk/platform-tools/adb -P 5037 -s emulator-5554 shell dumpsys activity services io.appium.settings'
2026-06-22 09:25:51:692 [bf4c7d8b][SettingsApp] Starting Appium Settings app
2026-06-22 09:25:51:693 [bf4c7d8b][ADB] Running '/usr/local/lib/android/sdk/platform-tools/adb -P 5037 -s emulator-5554 shell am start-activity -n io.appium.settings/.Settings -a android.intent.action.MAIN -c android.intent.category.LAUNCHER'
2026-06-22 09:25:52:267 [bf4c7d8b][ADB] Running '/usr/local/lib/android/sdk/platform-tools/adb -P 5037 -s emulator-5554 shell dumpsys activity services io.appium.settings'
2026-06-22 09:25:52:738 [bf4c7d8b][ADB] Running '/usr/local/lib/android/sdk/platform-tools/adb -P 5037 -s emulator-5554 shell dumpsys activity services io.appium.settings'
2026-06-22 09:25:53:099 [bf4c7d8b][ADB] Running '/usr/local/lib/android/sdk/platform-tools/adb -P 5037 -s emulator-5554 shell dumpsys activity services io.appium.settings'
2026-06-22 09:25:53:161 [bf4c7d8b][Logcat] Starting logs capture with command: /usr/local/lib/android/sdk/platform-tools/adb -P 5037 -s emulator-5554 logcat -v threadtime
2026-06-22 09:25:53:219 [bf4c7d8b][38;5;-191m[AndroidUiautomator2Driver@d998] Forwarding UiAutomator2 Server port 6790 to local port 8200
2026-06-22 09:25:53:229 [bf4c7d8b][ADB] Forwarding system: 8200 to device: 6790
2026-06-22 09:25:53:229 [bf4c7d8b][ADB] Running '/usr/local/lib/android/sdk/platform-tools/adb -P 5037 -s emulator-5554 forward tcp:8200 tcp:6790'
2026-06-22 09:25:53:252 [bf4c7d8b][38;5;-191m[AndroidUiautomator2Driver@d998] UIA2Proxy options: {"scheme":"http","server":"127.0.0.1","port":8200,"base":"","reqBasePath":"","sessionId":null,"timeout":240000,"keepAlive":true}
2026-06-22 09:25:53:253 [bf4c7d8b][ADB] Getting package info for 'io.appium.uiautomator2.server'
2026-06-22 09:25:53:255 [bf4c7d8b][ADB] Running '/usr/local/lib/android/sdk/platform-tools/adb -P 5037 -s emulator-5554 shell dumpsys package io.appium.uiautomator2.server'
2026-06-22 09:25:53:259 [bf4c7d8b][ADB] Getting install status for io.appium.uiautomator2.server.test
2026-06-22 09:25:53:259 [bf4c7d8b][38;5;-191m[AndroidUiautomator2Driver@d998] No app capability. Assuming it is already on the device
2026-06-22 09:25:53:261 [bf4c7d8b][ADB] Running '/usr/local/lib/android/sdk/platform-tools/adb -P 5037 -s emulator-5554 shell cmd package list packages --show-versioncode'
2026-06-22 09:25:53:359 [bf4c7d8b][ADB] App '/home/runner/.appium/node_modules/appium-uiautomator2-driver/node_modules/appium-uiautomator2-server/apks/appium-uiautomator2-server-v10.2.1.apk' is not installed
2026-06-22 09:25:53:396 [bf4c7d8b][ADB] 'io.appium.uiautomator2.server.test' is not installed
2026-06-22 09:25:53:396 [bf4c7d8b][38;5;-191m[AndroidUiautomator2Driver@d998] Server packages status: [{"installState":"notInstalled","appPath":"/home/runner/.appium/node_modules/appium-uiautomator2-driver/node_modules/appium-uiautomator2-server/apks/appium-uiautomator2-server-v10.2.1.apk","appId":"io.appium.uiautomator2.server"},{"installState":"notInstalled","appPath":"/home/runner/.appium/node_modules/appium-uiautomator2-driver/node_modules/appium-uiautomator2-server/apks/appium-uiautomator2-server-debug-androidTest.apk","appId":"io.appium.uiautomator2.server.test"}]
2026-06-22 09:25:53:397 [bf4c7d8b][38;5;-191m[AndroidUiautomator2Driver@d998] Server packages are going to be (re)installed
2026-06-22 09:25:53:398 [bf4c7d8b][ADB] Running '/usr/local/lib/android/sdk/platform-tools/adb -P 5037 -s emulator-5554 version'
2026-06-22 09:25:53:409 [bf4c7d8b][ADB] Running '/usr/local/lib/android/sdk/platform-tools/adb -P 5037 -s emulator-5554 features'
2026-06-22 09:25:53:423 [bf4c7d8b][ADB] Running '/usr/local/lib/android/sdk/platform-tools/adb -P 5037 -s emulator-5554 install -r --no-incremental /home/runner/.appium/node_modules/appium-uiautomator2-driver/node_modules/appium-uiautomator2-server/apks/appium-uiautomator2-server-v10.2.1.apk'
2026-06-22 09:25:53:428 [bf4c7d8b][ADB] Running '/usr/local/lib/android/sdk/platform-tools/adb -P 5037 -s emulator-5554 install -r --no-incremental /home/runner/.appium/node_modules/appium-uiautomator2-driver/node_modules/appium-uiautomator2-server/apks/appium-uiautomator2-server-debug-androidTest.apk'
2026-06-22 09:25:56:202 [bf4c7d8b][ADB] The installation of 'appium-uiautomator2-server-debug-androidTest.apk' took 2774ms
2026-06-22 09:25:56:203 [bf4c7d8b][ADB] Install command stdout: Performing Streamed Install
Success
2026-06-22 09:25:56:561 [bf4c7d8b][ADB] The installation of 'appium-uiautomator2-server-v10.2.1.apk' took 3138ms
2026-06-22 09:25:56:561 [bf4c7d8b][ADB] Install command stdout: Performing Streamed Install
Success
2026-06-22 09:25:56:562 [bf4c7d8b][38;5;-191m[AndroidUiautomator2Driver@d998] Waiting up to 30000ms for services to be available
2026-06-22 09:25:56:562 [bf4c7d8b][ADB] Running '/usr/local/lib/android/sdk/platform-tools/adb -P 5037 -s emulator-5554 shell pm list instrumentation'
2026-06-22 09:25:56:625 [bf4c7d8b][38;5;-191m[AndroidUiautomator2Driver@d998] Instrumentation target 'io.appium.uiautomator2.server.test/androidx.test.runner.AndroidJUnitRunner' is available
2026-06-22 09:25:56:627 [bf4c7d8b][ADB] Adding packages ["io.appium.settings","io.appium.uiautomator2.server","io.appium.uiautomator2.server.test"] to Doze whitelist
2026-06-22 09:25:56:628 [bf4c7d8b][ADB] Got the following command chunks to execute: [["dumpsys","deviceidle","whitelist","+io.appium.settings",";","dumpsys","deviceidle","whitelist","+io.appium.uiautomator2.server",";","dumpsys","deviceidle","whitelist","+io.appium.uiautomator2.server.test",";"]]
2026-06-22 09:25:56:628 [bf4c7d8b][ADB] Running '/usr/local/lib/android/sdk/platform-tools/adb -P 5037 -s emulator-5554 shell dumpsys deviceidle whitelist +io.appium.settings ; dumpsys deviceidle whitelist +io.appium.uiautomator2.server ; dumpsys deviceidle whitelist +io.appium.uiautomator2.server.test ;'
2026-06-22 09:25:56:761 [bf4c7d8b][38;5;-191m[AndroidUiautomator2Driver@d998] Performing shallow cleanup of automation leftovers
2026-06-22 09:25:56:779 [bf4c7d8b][38;5;-191m[AndroidUiautomator2Driver@d998] No obsolete sessions have been detected (socket hang up)
2026-06-22 09:25:56:779 [bf4c7d8b][ADB] Running '/usr/local/lib/android/sdk/platform-tools/adb -P 5037 -s emulator-5554 shell am force-stop io.appium.uiautomator2.server'
2026-06-22 09:25:56:784 [bf4c7d8b][ADB] Running '/usr/local/lib/android/sdk/platform-tools/adb -P 5037 -s emulator-5554 shell am force-stop io.appium.uiautomator2.server.test'
2026-06-22 09:25:56:860 [bf4c7d8b][38;5;-191m[AndroidUiautomator2Driver@d998] Starting UIAutomator2 server 10.2.1
2026-06-22 09:25:56:860 [bf4c7d8b][38;5;-191m[AndroidUiautomator2Driver@d998] Using UIAutomator2 server from '/home/runner/.appium/node_modules/appium-uiautomator2-driver/node_modules/appium-uiautomator2-server/apks/appium-uiautomator2-server-v10.2.1.apk' and test from '/home/runner/.appium/node_modules/appium-uiautomator2-driver/node_modules/appium-uiautomator2-server/apks/appium-uiautomator2-server-debug-androidTest.apk'
2026-06-22 09:25:56:860 [bf4c7d8b][38;5;-191m[AndroidUiautomator2Driver@d998] Waiting up to 30000ms for UiAutomator2 to be online...
2026-06-22 09:25:56:861 [bf4c7d8b][ADB] Creating ADB subprocess with args: ["-P","5037","-s","emulator-5554","shell","am","instrument","-w","-e","disableAnalytics","true","io.appium.uiautomator2.server.test/androidx.test.runner.AndroidJUnitRunner"]
2026-06-22 09:25:56:871 [bf4c7d8b][38;5;-191m[AndroidUiautomator2Driver@d998] Matched '/status' to command name 'getStatus'
2026-06-22 09:25:56:873 [bf4c7d8b][38;5;-191m[AndroidUiautomator2Driver@d998] Proxying [GET /status] to [GET http://127.0.0.1:8200/status] with no body
2026-06-22 09:25:56:887 [bf4c7d8b][38;5;-191m[AndroidUiautomator2Driver@d998] socket hang up
2026-06-22 09:25:57:889 [bf4c7d8b][38;5;-191m[AndroidUiautomator2Driver@d998] Matched '/status' to command name 'getStatus'
2026-06-22 09:25:57:891 [bf4c7d8b][38;5;-191m[AndroidUiautomator2Driver@d998] Proxying [GET /status] to [GET http://127.0.0.1:8200/status] with no body
2026-06-22 09:25:57:900 [bf4c7d8b][38;5;-191m[AndroidUiautomator2Driver@d998] socket hang up
2026-06-22 09:25:58:900 [bf4c7d8b][38;5;-191m[AndroidUiautomator2Driver@d998] Matched '/status' to command name 'getStatus'
2026-06-22 09:25:58:901 [bf4c7d8b][38;5;-191m[AndroidUiautomator2Driver@d998] Proxying [GET /status] to [GET http://127.0.0.1:8200/status] with no body
2026-06-22 09:25:58:904 [bf4c7d8b][38;5;-191m[AndroidUiautomator2Driver@d998] socket hang up
2026-06-22 09:25:59:066 [bf4c7d8b][38;5;-191m[AndroidUiautomator2Driver@d998] [Instrumentation] 
2026-06-22 09:25:59:513 [bf4c7d8b][38;5;-191m[AndroidUiautomator2Driver@d998] [Instrumentation] s_glBindAttribLocation: bind attrib 0 name position
2026-06-22 09:25:59:521 [bf4c7d8b][38;5;-191m[AndroidUiautomator2Driver@d998] [Instrumentation] s_glBindAttribLocation: bind attrib 1 name color
2026-06-22 09:25:59:521 [bf4c7d8b][38;5;-191m[AndroidUiautomator2Driver@d998] [Instrumentation] s_glBindAttribLocation: bind attrib 2 name localCoord
2026-06-22 09:25:59:905 [bf4c7d8b][38;5;-191m[AndroidUiautomator2Driver@d998] Matched '/status' to command name 'getStatus'
2026-06-22 09:25:59:905 [bf4c7d8b][38;5;-191m[AndroidUiautomator2Driver@d998] Proxying [GET /status] to [GET http://127.0.0.1:8200/status] with no body
2026-06-22 09:25:59:910 [bf4c7d8b][38;5;-191m[AndroidUiautomator2Driver@d998] socket hang up
2026-06-22 09:26:00:911 [bf4c7d8b][38;5;-191m[AndroidUiautomator2Driver@d998] Matched '/status' to command name 'getStatus'
2026-06-22 09:26:00:912 [bf4c7d8b][38;5;-191m[AndroidUiautomator2Driver@d998] Proxying [GET /status] to [GET http://127.0.0.1:8200/status] with no body
2026-06-22 09:26:01:018 [bf4c7d8b][38;5;-191m[AndroidUiautomator2Driver@d998] Got response with status 200: {"sessionId":"None","value":{"build":{"version":"10.2.1","versionCode":260},"message":"UiAutomator2 Server is ready to accept commands","ready":true}}
2026-06-22 09:26:01:019 [bf4c7d8b][38;5;-191m[AndroidUiautomator2Driver@d998] The initialization of the instrumentation process took 4158ms
2026-06-22 09:26:01:019 [bf4c7d8b][38;5;-191m[AndroidUiautomator2Driver@d998] Matched '/session' to command name 'createSession'
2026-06-22 09:26:01:019 [bf4c7d8b][38;5;-191m[AndroidUiautomator2Driver@d998] Proxying [POST /session] to [POST http://127.0.0.1:8200/session] with body: {"capabilities":{"firstMatch":[{"platformName":"Android","automationName":"UiAutomator2","deviceName":"emulator-5554","appPackage":"com.example.smartcivicgovernance","appActivity":"com.example.smartcivicgovernance.SplashActivity","noReset":true,"platform":"LINUX","webStorageEnabled":false,"takesScreenshot":true,"javascriptEnabled":true,"databaseEnabled":false,"networkConnectionEnabled":true,"locationContextEnabled":false,"warnings":{},"desired":{"platformName":"Android","automationName":"UiAutomator2","deviceName":"Android Emulator","appPackage":"com.example.smartcivicgovernance","appActivity":"com.example.smartcivicgovernance.SplashActivity","noReset":true},"deviceUDID":"emulator-5554"}],"alwaysMatch":{}}}
2026-06-22 09:26:01:043 [bf4c7d8b][38;5;-191m[AndroidUiautomator2Driver@d998] Got response with status 200: {"sessionId":"38584f3e-8a8d-43fd-aebf-5a5652e7dbad","value":{"capabilities":{"firstMatch":[{"platformName":"Android","automationName":"UiAutomator2","deviceName":"emulator-5554","appPackage":"com.example.smartcivicgovernance","appActivity":"com.example.smartcivicgovernance.SplashActivity","noReset":true,"platform":"LINUX","webStorageEnabled":false,"takesScreenshot":true,"javascriptEnabled":true,"databaseEnabled":false,"networkConnectionEnabled":true,"locationContextEnabled":false,"warnings":{},"desired":{"platformName":"Android","automationName":"UiAutomator2","deviceName":"Android Emulator","appPackage":"com.example.smartcivicgovernance","appActivity":"com.example.smartcivicgovernance.SplashActivity","noReset":true},"deviceUDID":"emulator-5554"}],"alwaysMatch":{}},"sessionId":"38584f3e-8a8d-43fd-aebf-5a5652e7dbad"}}
2026-06-22 09:26:01:044 [bf4c7d8b][38;5;-191m[AndroidUiautomator2Driver@d998] Determined the downstream protocol as 'W3C'
2026-06-22 09:26:01:068 [bf4c7d8b][38;5;-191m[AndroidUiautomator2Driver@d998] Proxying [GET /appium/device/pixel_ratio] to [GET http://127.0.0.1:8200/session/38584f3e-8a8d-43fd-aebf-5a5652e7dbad/appium/device/pixel_ratio] with no body
2026-06-22 09:26:01:074 [bf4c7d8b][38;5;-191m[AndroidUiautomator2Driver@d998] Proxying [GET /appium/device/system_bars] to [GET http://127.0.0.1:8200/session/38584f3e-8a8d-43fd-aebf-5a5652e7dbad/appium/device/system_bars] with no body
2026-06-22 09:26:01:079 [bf4c7d8b][38;5;-191m[AndroidUiautomator2Driver@d998] Proxying [GET /window/current/size] to [GET http://127.0.0.1:8200/session/38584f3e-8a8d-43fd-aebf-5a5652e7dbad/window/current/size] with no body
2026-06-22 09:26:01:086 [bf4c7d8b][38;5;-191m[AndroidUiautomator2Driver@d998] Proxying [GET /appium/device/info] to [GET http://127.0.0.1:8200/session/38584f3e-8a8d-43fd-aebf-5a5652e7dbad/appium/device/info] with no body
2026-06-22 09:26:01:090 [bf4c7d8b][ADB] Running '/usr/local/lib/android/sdk/platform-tools/adb -P 5037 -s emulator-5554 shell dumpsys window'
2026-06-22 09:26:01:098 [bf4c7d8b][ADB] Running '/usr/local/lib/android/sdk/platform-tools/adb -P 5037 -s emulator-5554 shell dumpsys power'
2026-06-22 09:26:01:135 [bf4c7d8b][38;5;-191m[AndroidUiautomator2Driver@d998] Got response with status 200: {"sessionId":"38584f3e-8a8d-43fd-aebf-5a5652e7dbad","value":1}
2026-06-22 09:26:01:278 [bf4c7d8b][38;5;-191m[AndroidUiautomator2Driver@d998] Got response with status 200: {"sessionId":"38584f3e-8a8d-43fd-aebf-5a5652e7dbad","value":{"statusBar":24}}
2026-06-22 09:26:01:282 [bf4c7d8b][38;5;-191m[AndroidUiautomator2Driver@d998] Got response with status 200: {"sessionId":"38584f3e-8a8d-43fd-aebf-5a5652e7dbad","value":{"height":640,"width":320}}
2026-06-22 09:26:01:333 [bf4c7d8b][38;5;-191m[AndroidUiautomator2Driver@d998] Screen already unlocked, doing nothing
2026-06-22 09:26:01:334 [bf4c7d8b][38;5;-191m[AndroidUiautomator2Driver@d998] Starting 'com.example.smartcivicgovernance/com.example.smartcivicgovernance.SplashActivityand waiting for 'com.example.smartcivicgovernance/com.example.smartcivicgovernance.SplashActivity'
2026-06-22 09:26:01:334 [bf4c7d8b][ADB] Getting IDs of all 'com.example.smartcivicgovernance' processes
2026-06-22 09:26:01:335 [bf4c7d8b][ADB] Running '/usr/local/lib/android/sdk/platform-tools/adb -P 5037 -s emulator-5554 shell ps --help'
2026-06-22 09:26:01:404 [bf4c7d8b][38;5;-191m[AndroidUiautomator2Driver@d998] Got response with status 200: {"sessionId":"38584f3e-8a8d-43fd-aebf-5a5652e7dbad","value":{"androidId":"f2691db0e3145fb0","apiVersion":"34","bluetooth":{"state":"ON"},"brand":"google","carrierName":"T-Mobile","displayDensity":160,"locale":"en_US","manufacturer":"Google","model":"sdk_gphone64_x86_64","networks":[{"capabilities":{"SSID":null,"linkDownBandwidthKbps":30000,"linkUpstreamBandwidthKbps":12000,"networkCapabilities":"NET_CAPABILITY_NOT_METERED,NET_CAPABILITY_INTERNET,NET_CAPABILITY_NOT_RESTRICTED,NET_CAPABILITY_TRUSTED,NET_CAPABILITY_NOT_VPN,NET_CAPABILITY_VALIDATED,NET_CAPABILITY_NOT_ROAMING,NET_CAPABILITY_FOREGROUND,NET_CAPABILITY_NOT_CONGESTED,NET_CAPABILITY_NOT_SUSPENDED","signalStrength":-50,"transportTypes":"TRANSPORT_WIFI"},"detailedState":"CONNECTED","extraInfo":"","isAvailable":true,"isConnected":true,"isFailover":false,"isRoaming":false,"state":"CONNECTED","subtype":-1,"subtypeName":"","type":1,"typeName":"WIFI"},{"capabilities":{"SSID":null,"linkDownBandwidthKbps":14,"linkUpstreamBandwidthKbps":14,"networkCapabilities"…
2026-06-22 09:26:01:417 [bf4c7d8b][ADB] Running '/usr/local/lib/android/sdk/platform-tools/adb -P 5037 -s emulator-5554 shell ps -A'
2026-06-22 09:26:01:757 [bf4c7d8b][ADB] Running '/usr/local/lib/android/sdk/platform-tools/adb -P 5037 -s emulator-5554 shell am start-activity -W -n com.example.smartcivicgovernance/com.example.smartcivicgovernance.SplashActivity -S -a android.intent.action.MAIN -c android.intent.category.LAUNCHER -f 0x10200000'
2026-06-22 09:26:02:079 [bf4c7d8b][ADB] We tried to start an activity that doesn't exist, retrying with '.com.example.smartcivicgovernance.SplashActivity' activity name
2026-06-22 09:26:02:079 [bf4c7d8b][ADB] Running '/usr/local/lib/android/sdk/platform-tools/adb -P 5037 -s emulator-5554 shell am start-activity -W -n com.example.smartcivicgovernance/.com.example.smartcivicgovernance.SplashActivity -S -a android.intent.action.MAIN -c android.intent.category.LAUNCHER -f 0x10200000'
2026-06-22 09:26:02:385 [bf4c7d8b][BaseDriver] Unsubscribing d9981ce7-5446-4b7a-8efa-d83be59cf058 from topic 'uiautomator2:sessionUdidClaimed'
2026-06-22 09:26:02:385 [bf4c7d8b][38;5;-191m[AndroidUiautomator2Driver@d998] Deleting UiAutomator2 session
2026-06-22 09:26:02:386 [bf4c7d8b][38;5;-191m[AndroidUiautomator2Driver@d998] Deleting UiAutomator2 server session
2026-06-22 09:26:02:386 [bf4c7d8b][38;5;-191m[AndroidUiautomator2Driver@d998] Proxying [DELETE /] to [DELETE http://127.0.0.1:8200/session/38584f3e-8a8d-43fd-aebf-5a5652e7dbad] with no body
2026-06-22 09:26:02:401 [bf4c7d8b][38;5;-191m[AndroidUiautomator2Driver@d998] Got response with status 200: {"sessionId":"38584f3e-8a8d-43fd-aebf-5a5652e7dbad","value":null}
2026-06-22 09:26:02:402 [bf4c7d8b][ADB] Getting IDs of all 'io.appium.uiautomator2.server' processes
2026-06-22 09:26:02:402 [bf4c7d8b][ADB] Running '/usr/local/lib/android/sdk/platform-tools/adb -P 5037 -s emulator-5554 shell ps -A'
2026-06-22 09:26:02:702 [bf4c7d8b][38;5;-191m[AndroidUiautomator2Driver@d998] [Instrumentation] io.appium.uiautomator2.server.test.AppiumUiAutomator2Server:.
2026-06-22 09:26:02:703 [bf4c7d8b][38;5;-191m[AndroidUiautomator2Driver@d998] [Instrumentation] The process has exited with code null, signal SIGTERM
2026-06-22 09:26:02:703 [bf4c7d8b][ADB] Running '/usr/local/lib/android/sdk/platform-tools/adb -P 5037 -s emulator-5554 shell am force-stop io.appium.uiautomator2.server'
2026-06-22 09:26:02:708 [bf4c7d8b][ADB] Running '/usr/local/lib/android/sdk/platform-tools/adb -P 5037 -s emulator-5554 shell am force-stop io.appium.uiautomator2.server.test'
2026-06-22 09:26:02:988 [bf4c7d8b][ADB] Running '/usr/local/lib/android/sdk/platform-tools/adb -P 5037 -s emulator-5554 shell dumpsys activity services io.appium.settings/.recorder.RecorderService'
2026-06-22 09:26:03:029 [bf4c7d8b][ADB] Removing forwarded port socket connection: 8200 
2026-06-22 09:26:03:029 [bf4c7d8b][ADB] Running '/usr/local/lib/android/sdk/platform-tools/adb -P 5037 -s emulator-5554 forward --remove tcp:8200'
2026-06-22 09:26:03:037 [bf4c7d8b][38;5;-191m[AndroidUiautomator2Driver@d998] Restoring hidden api policy to the device default configuration
2026-06-22 09:26:03:037 [bf4c7d8b][ADB] Running '/usr/local/lib/android/sdk/platform-tools/adb -P 5037 -s emulator-5554 shell 'settings delete global hidden_api_policy_pre_p_apps;settings delete global hidden_api_policy_p_apps;settings delete global hidden_api_policy''
2026-06-22 09:26:03:310 [bf4c7d8b][Logcat] Stopping logcat capture
2026-06-22 09:26:03:312 [bf4c7d8b][AppiumDriver@f64c] Event 'newSessionStarted' logged at 1782120363312 (09:26:03 GMT+0000 (Coordinated Universal Time))
2026-06-22 09:26:03:313 [bf4c7d8b][AppiumDriver@f64c] Encountered internal error running command: Error: Cannot start the 'com.example.smartcivicgovernance' application. Consider checking the driver's troubleshooting documentation. Original error: Cannot start the 'com.example.smartcivicgovernance' application. Consider checking the driver's troubleshooting documentation. Original error: Activity name '.com.example.smartcivicgovernance.SplashActivity' used to start the app doesn't exist or cannot be launched! Make sure it exists and is a launchable activity
    at ADB.startApp (/home/runner/.appium/node_modules/appium-uiautomator2-driver/node_modules/appium-adb/build/lib/tools/app-commands.js:612:15)
    at process.processTicksAndRejections (node:internal/process/task_queues:103:5)
    at async AndroidUiautomator2Driver.ensureAppStarts (/home/runner/.appium/node_modules/appium-uiautomator2-driver/build/lib/commands/aut.js:106:5)
    at async AndroidUiautomator2Driver.performPostExecSetup [as performSessionPostExecSetup] (/home/runner/.appium/node_modules/appium-uiautomator2-driver/build/lib/uiautomator2-server/session.js:202:9)
    at async AndroidUiautomator2Driver.startSession [as startUiAutomator2Session] (/home/runner/.appium/node_modules/appium-uiautomator2-driver/build/lib/uiautomator2-server/session.js:260:5)
    at async AndroidUiautomator2Driver.createSession (/home/runner/.appium/node_modules/appium-uiautomator2-driver/build/lib/driver.js:301:28)
    at async AppiumDriver.createSession (/usr/local/lib/node_modules/appium/build/lib/appium.js:271:44)
    at async runCommandPromise (/usr/local/lib/node_modules/appium/node_modules/@appium/base-driver/build/lib/basedriver/driver.js:119:24)
    at async AppiumDriver.executeCommand (/usr/local/lib/node_modules/appium/node_modules/@appium/base-driver/build/lib/basedriver/driver.js:162:15)
    at async defaultBehavior (/usr/local/lib/node_modules/appium/build/lib/appium.js:582:24)
    at async AppiumDriver.executeWrappedCommand (/usr/local/lib/node_modules/appium/build/lib/appium.js:694:22)
    at async AppiumDriver.executeCommand (/usr/local/lib/node_modules/appium/build/lib/appium.js:598:21)
    at async asyncHandler (/usr/local/lib/node_modules/appium/node_modules/@appium/base-driver/build/lib/protocol/protocol.js:401:25)
2026-06-22 09:26:03:317 [HTTP] <-- POST /session 500 14576 ms - 3523
2026-06-22 09:26:12:822 [Appium] Received SIGTERM - shutting down
