2026-06-22 03:52:57:708 [Appium] Welcome to Appium v3.5.2
2026-06-22 03:52:57:709 [Appium] The autodetected Appium home path: /home/runner/.appium
2026-06-22 03:52:57:711 [Appium] Attempting to load driver uiautomator2...
2026-06-22 03:52:57:713 [Appium] Requiring driver at /home/runner/.appium/node_modules/appium-uiautomator2-driver/build/lib/index.js
2026-06-22 03:52:58:177 [Appium] AndroidUiautomator2Driver has been successfully loaded in 0.465s
2026-06-22 03:52:58:196 [Appium] Appium REST http interface listener started on http://0.0.0.0:4723
2026-06-22 03:52:58:197 [Appium] You can provide the following URLs in your client code to connect to this server:
	http://127.0.0.1:4723/ (only accessible from the same host)
	http://10.1.0.119:4723/
2026-06-22 03:52:58:198 [Appium] Available drivers:
2026-06-22 03:52:58:198 [Appium]   - uiautomator2@7.6.2 (automationName 'UiAutomator2')
2026-06-22 03:52:58:199 [Appium] No plugins have been installed. Use the "appium plugin" command to install the one(s) you want to use.
2026-06-22 03:53:17:657 [HTTP] Request idempotency key: 9c47b1df-65cc-43fd-be66-d85a76cb6ac2
2026-06-22 03:53:17:677 [HTTP] --> POST /session {"capabilities":{"firstMatch":[{}],"alwaysMatch":{"platformName":"Android","appium:automationName":"UiAutomator2","appium:deviceName":"Android Emulator","appium:appPackage":"com.example.smartcivicgovernance","appium:appActivity":"com.example.smartcivicgovernance.SplashActivity","appium:noReset":true}}}
2026-06-22 03:53:17:680 [AppiumDriver@62be] Calling AppiumDriver.createSession() with args: [{"firstMatch":[{}],"alwaysMatch":{"platformName":"Android","appium:automationName":"UiAutomator2","appium:deviceName":"Android Emulator","appium:appPackage":"com.example.smartcivicgovernance","appium:appActivity":"com.example.smartcivicgovernance.SplashActivity","appium:noReset":true}},{"firstMatch":[{}],"alwaysMatch":{"platformName":"Android","appium:automationName":"UiAutomator2","appium:deviceName":"Android Emulator","appium:appPackage":"com.example.smartcivicgovernance","appium:appActivity":"com.example.smartcivicgovernance.SplashActivity","appium:noReset":true}},{"firstMatch":[{}],"alwaysMatch":{"platformName":"Android","appium:automationName":"UiAutomator2","appium:deviceName":"Android Emulator","appium:appPackage":"com.example.smartcivicgovernance","appium:appActivity":"com.example.smartcivicgovernance.SplashActivity","appium:noReset":true}}]
2026-06-22 03:53:17:681 [AppiumDriver@62be] Event 'newSessionRequested' logged at 1782100397681 (03:53:17 GMT+0000 (Coordinated Universal Time))
2026-06-22 03:53:17:687 [Appium] Attempting to find matching driver for automationName 'UiAutomator2' and platformName 'Android'
2026-06-22 03:53:17:687 [Appium] The 'uiautomator2' driver was installed and matched caps.
2026-06-22 03:53:17:687 [Appium] Will require it at /home/runner/.appium/node_modules/appium-uiautomator2-driver
2026-06-22 03:53:17:690 [Appium] Requiring driver at /home/runner/.appium/node_modules/appium-uiautomator2-driver/build/lib/index.js
2026-06-22 03:53:17:691 [AppiumDriver@62be] Appium v3.5.2 creating new AndroidUiautomator2Driver (v7.6.2) session
2026-06-22 03:53:17:691 [AppiumDriver@62be] Checking BaseDriver versions for Appium and AndroidUiautomator2Driver
2026-06-22 03:53:17:691 [AppiumDriver@62be] Appium's BaseDriver version is 10.7.1
2026-06-22 03:53:17:691 [AppiumDriver@62be] AndroidUiautomator2Driver's BaseDriver version is 10.7.1
2026-06-22 03:53:17:699 [38;5;-3m[AndroidUiautomator2Driver@57b0] 
2026-06-22 03:53:17:699 [38;5;-3m[AndroidUiautomator2Driver@57b0] Creating session with W3C capabilities: {
  "alwaysMatch": {
    "platformName": "Android",
    "appium:automationName": "UiAutomator2",
    "appium:deviceName": "Android Emulator",
    "appium:appPackage": "com.example.smartcivicgovernance",
    "appium:appActivity": "com.example.smartcivicgovernance.SplashActivity",
    "appium:noReset": true
  },
  "firstMatch": [
    {}
  ]
}
2026-06-22 03:53:17:705 [57ebefcf][38;5;-3m[AndroidUiautomator2Driver@57b0] Session created with session id: 57ebefcf-6658-460d-871c-274717cb94ca
2026-06-22 03:53:17:718 [57ebefcf][ADB] Found 6 'build-tools' folders under '/usr/local/lib/android/sdk' (newest first):
2026-06-22 03:53:17:718 [57ebefcf][ADB]     /usr/local/lib/android/sdk/build-tools/37.0.0
2026-06-22 03:53:17:718 [57ebefcf][ADB]     /usr/local/lib/android/sdk/build-tools/36.1.0
2026-06-22 03:53:17:718 [57ebefcf][ADB]     /usr/local/lib/android/sdk/build-tools/36.0.0
2026-06-22 03:53:17:718 [57ebefcf][ADB]     /usr/local/lib/android/sdk/build-tools/35.0.1
2026-06-22 03:53:17:718 [57ebefcf][ADB]     /usr/local/lib/android/sdk/build-tools/35.0.0
2026-06-22 03:53:17:719 [57ebefcf][ADB]     /usr/local/lib/android/sdk/build-tools/34.0.0
2026-06-22 03:53:17:720 [57ebefcf][ADB] Using 'adb' from '/usr/local/lib/android/sdk/platform-tools/adb'
2026-06-22 03:53:17:720 [57ebefcf][ADB] Running '/usr/local/lib/android/sdk/platform-tools/adb -P 5037 start-server'
2026-06-22 03:53:17:728 [57ebefcf][38;5;-3m[AndroidUiautomator2Driver@57b0] Retrieving device list
2026-06-22 03:53:17:728 [57ebefcf][ADB] Trying to find connected Android devices
2026-06-22 03:53:17:729 [57ebefcf][ADB] Getting connected devices
2026-06-22 03:53:17:736 [57ebefcf][ADB] Connected devices: [{"udid":"emulator-5554","state":"device"}]
2026-06-22 03:53:17:736 [57ebefcf][38;5;-3m[AndroidUiautomator2Driver@57b0] Using device: emulator-5554
2026-06-22 03:53:17:743 [57ebefcf][BaseDriver] Initialized new IPC object with max object size of 1048576 bytes and max topics of 1000
2026-06-22 03:53:17:743 [57ebefcf][BaseDriver] Subscribing 57b08e56-8113-4a0b-84fd-3ab24da769ab to topic 'uiautomator2:sessionUdidClaimed'
2026-06-22 03:53:17:744 [57ebefcf][BaseDriver] Subscribing 57b08e56-8113-4a0b-84fd-3ab24da769ab to topic 'uiautomator2:sessionUdidContended'
2026-06-22 03:53:17:744 [57ebefcf][BaseDriver] Subscribing 57b08e56-8113-4a0b-84fd-3ab24da769ab to topic 'uiautomator2:sessionUdidReleased'
2026-06-22 03:53:17:744 [57ebefcf][BaseDriver] 57b08e56-8113-4a0b-84fd-3ab24da769ab is publishing a message to topic uiautomator2:sessionUdidClaimed
2026-06-22 03:53:17:757 [57ebefcf][BaseDriver] Unsubscribing 57b08e56-8113-4a0b-84fd-3ab24da769ab from topic 'uiautomator2:sessionUdidContended'
2026-06-22 03:53:17:757 [57ebefcf][BaseDriver] Unsubscribing 57b08e56-8113-4a0b-84fd-3ab24da769ab from topic 'uiautomator2:sessionUdidReleased'
2026-06-22 03:53:17:760 [57ebefcf][ADB] Using 'adb' from '/usr/local/lib/android/sdk/platform-tools/adb'
2026-06-22 03:53:17:760 [57ebefcf][ADB] Running '/usr/local/lib/android/sdk/platform-tools/adb -P 5037 start-server'
2026-06-22 03:53:17:768 [57ebefcf][ADB] Setting device id to emulator-5554
2026-06-22 03:53:17:769 [57ebefcf][38;5;-3m[AndroidUiautomator2Driver@57b0] Starting 'com.example.smartcivicgovernance' directly on the device
2026-06-22 03:53:17:770 [57ebefcf][ADB] Running '/usr/local/lib/android/sdk/platform-tools/adb -P 5037 -s emulator-5554 shell getprop ro.build.version.sdk'
2026-06-22 03:53:17:813 [57ebefcf][ADB] Current device property 'ro.build.version.sdk': 34
2026-06-22 03:53:17:814 [57ebefcf][ADB] Getting device platform version
2026-06-22 03:53:17:814 [57ebefcf][ADB] Running '/usr/local/lib/android/sdk/platform-tools/adb -P 5037 -s emulator-5554 shell getprop ro.build.version.release'
2026-06-22 03:53:17:834 [57ebefcf][ADB] Current device property 'ro.build.version.release': 14
2026-06-22 03:53:17:834 [57ebefcf][ADB] Device API level: 34
2026-06-22 03:53:17:834 [57ebefcf][38;5;-3m[AndroidUiautomator2Driver@57b0] Relaxing hidden api policy
2026-06-22 03:53:17:835 [57ebefcf][ADB] Running '/usr/local/lib/android/sdk/platform-tools/adb -P 5037 -s emulator-5554 shell 'settings put global hidden_api_policy_pre_p_apps 1;settings put global hidden_api_policy_p_apps 1;settings put global hidden_api_policy 1''
2026-06-22 03:53:17:840 [57ebefcf][ADB] Running '/usr/local/lib/android/sdk/platform-tools/adb -P 5037 -s emulator-5554 wait-for-device'
2026-06-22 03:53:17:852 [57ebefcf][ADB] Running '/usr/local/lib/android/sdk/platform-tools/adb -P 5037 -s emulator-5554 shell echo ping'
2026-06-22 03:53:17:913 [57ebefcf][38;5;-3m[AndroidUiautomator2Driver@57b0] Pushing settings apk to the device...
2026-06-22 03:53:17:914 [57ebefcf][ADB] Getting package info for 'io.appium.settings'
2026-06-22 03:53:17:915 [57ebefcf][ADB] Running '/usr/local/lib/android/sdk/platform-tools/adb -P 5037 -s emulator-5554 shell dumpsys package io.appium.settings'
2026-06-22 03:53:18:210 [57ebefcf][ADB] App '/home/runner/.appium/node_modules/appium-uiautomator2-driver/node_modules/io.appium.settings/apks/settings_apk-debug.apk' is not installed
2026-06-22 03:53:18:210 [57ebefcf][ADB] Installing '/home/runner/.appium/node_modules/appium-uiautomator2-driver/node_modules/io.appium.settings/apks/settings_apk-debug.apk'
2026-06-22 03:53:18:211 [57ebefcf][ADB] Running '/usr/local/lib/android/sdk/platform-tools/adb -P 5037 -s emulator-5554 install -g /home/runner/.appium/node_modules/appium-uiautomator2-driver/node_modules/io.appium.settings/apks/settings_apk-debug.apk'
2026-06-22 03:53:20:037 [57ebefcf][ADB] The installation of 'settings_apk-debug.apk' took 1825ms
2026-06-22 03:53:20:037 [57ebefcf][ADB] Install command stdout: Performing Streamed Install
Success
2026-06-22 03:53:20:037 [57ebefcf][ADB] Running '/usr/local/lib/android/sdk/platform-tools/adb -P 5037 -s emulator-5554 shell dumpsys activity services io.appium.settings'
2026-06-22 03:53:20:457 [57ebefcf][ADB] Running '/usr/local/lib/android/sdk/platform-tools/adb -P 5037 -s emulator-5554 shell cmd notification allow_listener io.appium.settings/.NLService'
2026-06-22 03:53:20:465 [57ebefcf][ADB] Running '/usr/local/lib/android/sdk/platform-tools/adb -P 5037 -s emulator-5554 shell appops set io.appium.settings PROJECT_MEDIA allow'
2026-06-22 03:53:20:657 [57ebefcf][ADB] Running '/usr/local/lib/android/sdk/platform-tools/adb -P 5037 -s emulator-5554 shell dumpsys activity services io.appium.settings'
2026-06-22 03:53:20:791 [57ebefcf][SettingsApp] Starting Appium Settings app
2026-06-22 03:53:20:792 [57ebefcf][ADB] Running '/usr/local/lib/android/sdk/platform-tools/adb -P 5037 -s emulator-5554 shell am start-activity -n io.appium.settings/.Settings -a android.intent.action.MAIN -c android.intent.category.LAUNCHER'
2026-06-22 03:53:21:355 [57ebefcf][ADB] Running '/usr/local/lib/android/sdk/platform-tools/adb -P 5037 -s emulator-5554 shell dumpsys activity services io.appium.settings'
2026-06-22 03:53:21:812 [57ebefcf][ADB] Running '/usr/local/lib/android/sdk/platform-tools/adb -P 5037 -s emulator-5554 shell dumpsys activity services io.appium.settings'
2026-06-22 03:53:22:494 [57ebefcf][ADB] Running '/usr/local/lib/android/sdk/platform-tools/adb -P 5037 -s emulator-5554 shell dumpsys activity services io.appium.settings'
2026-06-22 03:53:22:595 [57ebefcf][Logcat] Starting logs capture with command: /usr/local/lib/android/sdk/platform-tools/adb -P 5037 -s emulator-5554 logcat -v threadtime
2026-06-22 03:53:22:659 [57ebefcf][38;5;-3m[AndroidUiautomator2Driver@57b0] Forwarding UiAutomator2 Server port 6790 to local port 8200
2026-06-22 03:53:22:662 [57ebefcf][ADB] Forwarding system: 8200 to device: 6790
2026-06-22 03:53:22:662 [57ebefcf][ADB] Running '/usr/local/lib/android/sdk/platform-tools/adb -P 5037 -s emulator-5554 forward tcp:8200 tcp:6790'
2026-06-22 03:53:22:675 [57ebefcf][38;5;-3m[AndroidUiautomator2Driver@57b0] UIA2Proxy options: {"scheme":"http","server":"127.0.0.1","port":8200,"base":"","reqBasePath":"","sessionId":null,"timeout":240000,"keepAlive":true}
2026-06-22 03:53:22:676 [57ebefcf][ADB] Getting package info for 'io.appium.uiautomator2.server'
2026-06-22 03:53:22:676 [57ebefcf][ADB] Running '/usr/local/lib/android/sdk/platform-tools/adb -P 5037 -s emulator-5554 shell dumpsys package io.appium.uiautomator2.server'
2026-06-22 03:53:22:681 [57ebefcf][ADB] Getting install status for io.appium.uiautomator2.server.test
2026-06-22 03:53:22:683 [57ebefcf][38;5;-3m[AndroidUiautomator2Driver@57b0] No app capability. Assuming it is already on the device
2026-06-22 03:53:22:683 [57ebefcf][ADB] Running '/usr/local/lib/android/sdk/platform-tools/adb -P 5037 -s emulator-5554 shell cmd package list packages --show-versioncode'
2026-06-22 03:53:22:784 [57ebefcf][ADB] App '/home/runner/.appium/node_modules/appium-uiautomator2-driver/node_modules/appium-uiautomator2-server/apks/appium-uiautomator2-server-v10.2.1.apk' is not installed
2026-06-22 03:53:22:825 [57ebefcf][ADB] 'io.appium.uiautomator2.server.test' is not installed
2026-06-22 03:53:22:825 [57ebefcf][38;5;-3m[AndroidUiautomator2Driver@57b0] Server packages status: [{"installState":"notInstalled","appPath":"/home/runner/.appium/node_modules/appium-uiautomator2-driver/node_modules/appium-uiautomator2-server/apks/appium-uiautomator2-server-v10.2.1.apk","appId":"io.appium.uiautomator2.server"},{"installState":"notInstalled","appPath":"/home/runner/.appium/node_modules/appium-uiautomator2-driver/node_modules/appium-uiautomator2-server/apks/appium-uiautomator2-server-debug-androidTest.apk","appId":"io.appium.uiautomator2.server.test"}]
2026-06-22 03:53:22:826 [57ebefcf][38;5;-3m[AndroidUiautomator2Driver@57b0] Server packages are going to be (re)installed
2026-06-22 03:53:22:826 [57ebefcf][ADB] Running '/usr/local/lib/android/sdk/platform-tools/adb -P 5037 -s emulator-5554 version'
2026-06-22 03:53:22:837 [57ebefcf][ADB] Running '/usr/local/lib/android/sdk/platform-tools/adb -P 5037 -s emulator-5554 features'
2026-06-22 03:53:22:845 [57ebefcf][ADB] Running '/usr/local/lib/android/sdk/platform-tools/adb -P 5037 -s emulator-5554 install -r --no-incremental /home/runner/.appium/node_modules/appium-uiautomator2-driver/node_modules/appium-uiautomator2-server/apks/appium-uiautomator2-server-v10.2.1.apk'
2026-06-22 03:53:22:848 [57ebefcf][ADB] Running '/usr/local/lib/android/sdk/platform-tools/adb -P 5037 -s emulator-5554 install -r --no-incremental /home/runner/.appium/node_modules/appium-uiautomator2-driver/node_modules/appium-uiautomator2-server/apks/appium-uiautomator2-server-debug-androidTest.apk'
2026-06-22 03:53:25:124 [57ebefcf][ADB] The installation of 'appium-uiautomator2-server-debug-androidTest.apk' took 2276ms
2026-06-22 03:53:25:124 [57ebefcf][ADB] Install command stdout: Performing Streamed Install
Success
2026-06-22 03:53:26:132 [57ebefcf][ADB] The installation of 'appium-uiautomator2-server-v10.2.1.apk' took 3287ms
2026-06-22 03:53:26:132 [57ebefcf][ADB] Install command stdout: Performing Streamed Install
Success
2026-06-22 03:53:26:133 [57ebefcf][38;5;-3m[AndroidUiautomator2Driver@57b0] Waiting up to 30000ms for services to be available
2026-06-22 03:53:26:133 [57ebefcf][ADB] Running '/usr/local/lib/android/sdk/platform-tools/adb -P 5037 -s emulator-5554 shell pm list instrumentation'
2026-06-22 03:53:26:298 [57ebefcf][38;5;-3m[AndroidUiautomator2Driver@57b0] Instrumentation target 'io.appium.uiautomator2.server.test/androidx.test.runner.AndroidJUnitRunner' is available
2026-06-22 03:53:26:303 [57ebefcf][ADB] Adding packages ["io.appium.settings","io.appium.uiautomator2.server","io.appium.uiautomator2.server.test"] to Doze whitelist
2026-06-22 03:53:26:304 [57ebefcf][ADB] Got the following command chunks to execute: [["dumpsys","deviceidle","whitelist","+io.appium.settings",";","dumpsys","deviceidle","whitelist","+io.appium.uiautomator2.server",";","dumpsys","deviceidle","whitelist","+io.appium.uiautomator2.server.test",";"]]
2026-06-22 03:53:26:304 [57ebefcf][ADB] Running '/usr/local/lib/android/sdk/platform-tools/adb -P 5037 -s emulator-5554 shell dumpsys deviceidle whitelist +io.appium.settings ; dumpsys deviceidle whitelist +io.appium.uiautomator2.server ; dumpsys deviceidle whitelist +io.appium.uiautomator2.server.test ;'
2026-06-22 03:53:26:585 [57ebefcf][38;5;-3m[AndroidUiautomator2Driver@57b0] Performing shallow cleanup of automation leftovers
2026-06-22 03:53:26:602 [57ebefcf][38;5;-3m[AndroidUiautomator2Driver@57b0] No obsolete sessions have been detected (socket hang up)
2026-06-22 03:53:26:602 [57ebefcf][ADB] Running '/usr/local/lib/android/sdk/platform-tools/adb -P 5037 -s emulator-5554 shell am force-stop io.appium.uiautomator2.server'
2026-06-22 03:53:26:608 [57ebefcf][ADB] Running '/usr/local/lib/android/sdk/platform-tools/adb -P 5037 -s emulator-5554 shell am force-stop io.appium.uiautomator2.server.test'
2026-06-22 03:53:26:711 [57ebefcf][38;5;-3m[AndroidUiautomator2Driver@57b0] Starting UIAutomator2 server 10.2.1
2026-06-22 03:53:26:711 [57ebefcf][38;5;-3m[AndroidUiautomator2Driver@57b0] Using UIAutomator2 server from '/home/runner/.appium/node_modules/appium-uiautomator2-driver/node_modules/appium-uiautomator2-server/apks/appium-uiautomator2-server-v10.2.1.apk' and test from '/home/runner/.appium/node_modules/appium-uiautomator2-driver/node_modules/appium-uiautomator2-server/apks/appium-uiautomator2-server-debug-androidTest.apk'
2026-06-22 03:53:26:712 [57ebefcf][38;5;-3m[AndroidUiautomator2Driver@57b0] Waiting up to 30000ms for UiAutomator2 to be online...
2026-06-22 03:53:26:712 [57ebefcf][ADB] Creating ADB subprocess with args: ["-P","5037","-s","emulator-5554","shell","am","instrument","-w","-e","disableAnalytics","true","io.appium.uiautomator2.server.test/androidx.test.runner.AndroidJUnitRunner"]
2026-06-22 03:53:26:722 [57ebefcf][38;5;-3m[AndroidUiautomator2Driver@57b0] Matched '/status' to command name 'getStatus'
2026-06-22 03:53:26:724 [57ebefcf][38;5;-3m[AndroidUiautomator2Driver@57b0] Proxying [GET /status] to [GET http://127.0.0.1:8200/status] with no body
2026-06-22 03:53:26:739 [57ebefcf][38;5;-3m[AndroidUiautomator2Driver@57b0] socket hang up
2026-06-22 03:53:27:740 [57ebefcf][38;5;-3m[AndroidUiautomator2Driver@57b0] Matched '/status' to command name 'getStatus'
2026-06-22 03:53:27:741 [57ebefcf][38;5;-3m[AndroidUiautomator2Driver@57b0] Proxying [GET /status] to [GET http://127.0.0.1:8200/status] with no body
2026-06-22 03:53:27:746 [57ebefcf][38;5;-3m[AndroidUiautomator2Driver@57b0] socket hang up
2026-06-22 03:53:28:747 [57ebefcf][38;5;-3m[AndroidUiautomator2Driver@57b0] Matched '/status' to command name 'getStatus'
2026-06-22 03:53:28:747 [57ebefcf][38;5;-3m[AndroidUiautomator2Driver@57b0] Proxying [GET /status] to [GET http://127.0.0.1:8200/status] with no body
2026-06-22 03:53:28:753 [57ebefcf][38;5;-3m[AndroidUiautomator2Driver@57b0] socket hang up
2026-06-22 03:53:29:755 [57ebefcf][38;5;-3m[AndroidUiautomator2Driver@57b0] Matched '/status' to command name 'getStatus'
2026-06-22 03:53:29:755 [57ebefcf][38;5;-3m[AndroidUiautomator2Driver@57b0] Proxying [GET /status] to [GET http://127.0.0.1:8200/status] with no body
2026-06-22 03:53:29:760 [57ebefcf][38;5;-3m[AndroidUiautomator2Driver@57b0] socket hang up
2026-06-22 03:53:29:832 [57ebefcf][38;5;-3m[AndroidUiautomator2Driver@57b0] [Instrumentation] 
2026-06-22 03:53:30:761 [57ebefcf][38;5;-3m[AndroidUiautomator2Driver@57b0] Matched '/status' to command name 'getStatus'
2026-06-22 03:53:30:762 [57ebefcf][38;5;-3m[AndroidUiautomator2Driver@57b0] Proxying [GET /status] to [GET http://127.0.0.1:8200/status] with no body
2026-06-22 03:53:30:765 [57ebefcf][38;5;-3m[AndroidUiautomator2Driver@57b0] socket hang up
2026-06-22 03:53:30:783 [57ebefcf][38;5;-3m[AndroidUiautomator2Driver@57b0] [Instrumentation] s_glBindAttribLocation: bind attrib 0 name position
2026-06-22 03:53:30:783 [57ebefcf][38;5;-3m[AndroidUiautomator2Driver@57b0] [Instrumentation] s_glBindAttribLocation: bind attrib 1 name color
2026-06-22 03:53:30:783 [57ebefcf][38;5;-3m[AndroidUiautomator2Driver@57b0] [Instrumentation] s_glBindAttribLocation: bind attrib 2 name localCoord
2026-06-22 03:53:31:766 [57ebefcf][38;5;-3m[AndroidUiautomator2Driver@57b0] Matched '/status' to command name 'getStatus'
2026-06-22 03:53:31:767 [57ebefcf][38;5;-3m[AndroidUiautomator2Driver@57b0] Proxying [GET /status] to [GET http://127.0.0.1:8200/status] with no body
2026-06-22 03:53:31:813 [57ebefcf][38;5;-3m[AndroidUiautomator2Driver@57b0] Got response with status 200: {"sessionId":"None","value":{"build":{"version":"10.2.1","versionCode":260},"message":"UiAutomator2 Server is ready to accept commands","ready":true}}
2026-06-22 03:53:31:814 [57ebefcf][38;5;-3m[AndroidUiautomator2Driver@57b0] The initialization of the instrumentation process took 5102ms
2026-06-22 03:53:31:814 [57ebefcf][38;5;-3m[AndroidUiautomator2Driver@57b0] Matched '/session' to command name 'createSession'
2026-06-22 03:53:31:816 [57ebefcf][38;5;-3m[AndroidUiautomator2Driver@57b0] Proxying [POST /session] to [POST http://127.0.0.1:8200/session] with body: {"capabilities":{"firstMatch":[{"platformName":"Android","automationName":"UiAutomator2","deviceName":"emulator-5554","appPackage":"com.example.smartcivicgovernance","appActivity":"com.example.smartcivicgovernance.SplashActivity","noReset":true,"platform":"LINUX","webStorageEnabled":false,"takesScreenshot":true,"javascriptEnabled":true,"databaseEnabled":false,"networkConnectionEnabled":true,"locationContextEnabled":false,"warnings":{},"desired":{"platformName":"Android","automationName":"UiAutomator2","deviceName":"Android Emulator","appPackage":"com.example.smartcivicgovernance","appActivity":"com.example.smartcivicgovernance.SplashActivity","noReset":true},"deviceUDID":"emulator-5554"}],"alwaysMatch":{}}}
2026-06-22 03:53:31:851 [57ebefcf][38;5;-3m[AndroidUiautomator2Driver@57b0] Got response with status 200: {"sessionId":"911aecff-2741-41d2-ad3f-b41c82a8ff2c","value":{"capabilities":{"firstMatch":[{"platformName":"Android","automationName":"UiAutomator2","deviceName":"emulator-5554","appPackage":"com.example.smartcivicgovernance","appActivity":"com.example.smartcivicgovernance.SplashActivity","noReset":true,"platform":"LINUX","webStorageEnabled":false,"takesScreenshot":true,"javascriptEnabled":true,"databaseEnabled":false,"networkConnectionEnabled":true,"locationContextEnabled":false,"warnings":{},"desired":{"platformName":"Android","automationName":"UiAutomator2","deviceName":"Android Emulator","appPackage":"com.example.smartcivicgovernance","appActivity":"com.example.smartcivicgovernance.SplashActivity","noReset":true},"deviceUDID":"emulator-5554"}],"alwaysMatch":{}},"sessionId":"911aecff-2741-41d2-ad3f-b41c82a8ff2c"}}
2026-06-22 03:53:31:851 [57ebefcf][38;5;-3m[AndroidUiautomator2Driver@57b0] Determined the downstream protocol as 'W3C'
2026-06-22 03:53:31:869 [57ebefcf][38;5;-3m[AndroidUiautomator2Driver@57b0] Proxying [GET /appium/device/pixel_ratio] to [GET http://127.0.0.1:8200/session/911aecff-2741-41d2-ad3f-b41c82a8ff2c/appium/device/pixel_ratio] with no body
2026-06-22 03:53:31:873 [57ebefcf][38;5;-3m[AndroidUiautomator2Driver@57b0] Proxying [GET /appium/device/system_bars] to [GET http://127.0.0.1:8200/session/911aecff-2741-41d2-ad3f-b41c82a8ff2c/appium/device/system_bars] with no body
2026-06-22 03:53:31:878 [57ebefcf][38;5;-3m[AndroidUiautomator2Driver@57b0] Proxying [GET /window/current/size] to [GET http://127.0.0.1:8200/session/911aecff-2741-41d2-ad3f-b41c82a8ff2c/window/current/size] with no body
2026-06-22 03:53:31:883 [57ebefcf][38;5;-3m[AndroidUiautomator2Driver@57b0] Proxying [GET /appium/device/info] to [GET http://127.0.0.1:8200/session/911aecff-2741-41d2-ad3f-b41c82a8ff2c/appium/device/info] with no body
2026-06-22 03:53:31:885 [57ebefcf][ADB] Running '/usr/local/lib/android/sdk/platform-tools/adb -P 5037 -s emulator-5554 shell dumpsys window'
2026-06-22 03:53:31:890 [57ebefcf][ADB] Running '/usr/local/lib/android/sdk/platform-tools/adb -P 5037 -s emulator-5554 shell dumpsys power'
2026-06-22 03:53:31:927 [57ebefcf][38;5;-3m[AndroidUiautomator2Driver@57b0] Got response with status 200: {"sessionId":"911aecff-2741-41d2-ad3f-b41c82a8ff2c","value":1}
2026-06-22 03:53:31:983 [57ebefcf][38;5;-3m[AndroidUiautomator2Driver@57b0] Got response with status 200: {"sessionId":"911aecff-2741-41d2-ad3f-b41c82a8ff2c","value":{"height":640,"width":320}}
2026-06-22 03:53:31:991 [57ebefcf][38;5;-3m[AndroidUiautomator2Driver@57b0] Got response with status 200: {"sessionId":"911aecff-2741-41d2-ad3f-b41c82a8ff2c","value":{"androidId":"7f685ba8b314a871","apiVersion":"34","bluetooth":{"state":"ON"},"brand":"google","carrierName":"T-Mobile","displayDensity":160,"locale":"en_US","manufacturer":"Google","model":"sdk_gphone64_x86_64","networks":[{"capabilities":{"SSID":null,"linkDownBandwidthKbps":30000,"linkUpstreamBandwidthKbps":12000,"networkCapabilities":"NET_CAPABILITY_NOT_METERED,NET_CAPABILITY_INTERNET,NET_CAPABILITY_NOT_RESTRICTED,NET_CAPABILITY_TRUSTED,NET_CAPABILITY_NOT_VPN,NET_CAPABILITY_VALIDATED,NET_CAPABILITY_NOT_ROAMING,NET_CAPABILITY_FOREGROUND,NET_CAPABILITY_NOT_CONGESTED,NET_CAPABILITY_NOT_SUSPENDED","signalStrength":-50,"transportTypes":"TRANSPORT_WIFI"},"detailedState":"CONNECTED","extraInfo":"","isAvailable":true,"isConnected":true,"isFailover":false,"isRoaming":false,"state":"CONNECTED","subtype":-1,"subtypeName":"","type":1,"typeName":"WIFI"},{"capabilities":{"SSID":null,"linkDownBandwidthKbps":4300,"linkUpstreamBandwidthKbps":1800,"networkCapabilit…
2026-06-22 03:53:31:998 [57ebefcf][38;5;-3m[AndroidUiautomator2Driver@57b0] Got response with status 200: {"sessionId":"911aecff-2741-41d2-ad3f-b41c82a8ff2c","value":{"statusBar":24}}
2026-06-22 03:53:32:036 [57ebefcf][38;5;-3m[AndroidUiautomator2Driver@57b0] Screen already unlocked, doing nothing
2026-06-22 03:53:32:037 [57ebefcf][38;5;-3m[AndroidUiautomator2Driver@57b0] Starting 'com.example.smartcivicgovernance/com.example.smartcivicgovernance.SplashActivityand waiting for 'com.example.smartcivicgovernance/com.example.smartcivicgovernance.SplashActivity'
2026-06-22 03:53:32:037 [57ebefcf][ADB] Getting IDs of all 'com.example.smartcivicgovernance' processes
2026-06-22 03:53:32:038 [57ebefcf][ADB] Running '/usr/local/lib/android/sdk/platform-tools/adb -P 5037 -s emulator-5554 shell ps --help'
2026-06-22 03:53:32:072 [57ebefcf][ADB] Running '/usr/local/lib/android/sdk/platform-tools/adb -P 5037 -s emulator-5554 shell ps -A'
2026-06-22 03:53:32:423 [57ebefcf][ADB] Running '/usr/local/lib/android/sdk/platform-tools/adb -P 5037 -s emulator-5554 shell am start-activity -W -n com.example.smartcivicgovernance/com.example.smartcivicgovernance.SplashActivity -S -a android.intent.action.MAIN -c android.intent.category.LAUNCHER -f 0x10200000'
2026-06-22 03:53:32:720 [57ebefcf][ADB] We tried to start an activity that doesn't exist, retrying with '.com.example.smartcivicgovernance.SplashActivity' activity name
2026-06-22 03:53:32:721 [57ebefcf][ADB] Running '/usr/local/lib/android/sdk/platform-tools/adb -P 5037 -s emulator-5554 shell am start-activity -W -n com.example.smartcivicgovernance/.com.example.smartcivicgovernance.SplashActivity -S -a android.intent.action.MAIN -c android.intent.category.LAUNCHER -f 0x10200000'
2026-06-22 03:53:33:011 [57ebefcf][BaseDriver] Unsubscribing 57b08e56-8113-4a0b-84fd-3ab24da769ab from topic 'uiautomator2:sessionUdidClaimed'
2026-06-22 03:53:33:011 [57ebefcf][38;5;-3m[AndroidUiautomator2Driver@57b0] Deleting UiAutomator2 session
2026-06-22 03:53:33:012 [57ebefcf][38;5;-3m[AndroidUiautomator2Driver@57b0] Deleting UiAutomator2 server session
2026-06-22 03:53:33:012 [57ebefcf][38;5;-3m[AndroidUiautomator2Driver@57b0] Proxying [DELETE /] to [DELETE http://127.0.0.1:8200/session/911aecff-2741-41d2-ad3f-b41c82a8ff2c] with no body
2026-06-22 03:53:33:022 [57ebefcf][38;5;-3m[AndroidUiautomator2Driver@57b0] Got response with status 200: {"sessionId":"911aecff-2741-41d2-ad3f-b41c82a8ff2c","value":null}
2026-06-22 03:53:33:023 [57ebefcf][ADB] Getting IDs of all 'io.appium.uiautomator2.server' processes
2026-06-22 03:53:33:023 [57ebefcf][ADB] Running '/usr/local/lib/android/sdk/platform-tools/adb -P 5037 -s emulator-5554 shell ps -A'
2026-06-22 03:53:33:323 [57ebefcf][38;5;-3m[AndroidUiautomator2Driver@57b0] [Instrumentation] io.appium.uiautomator2.server.test.AppiumUiAutomator2Server:.
2026-06-22 03:53:33:324 [57ebefcf][38;5;-3m[AndroidUiautomator2Driver@57b0] [Instrumentation] 
2026-06-22 03:53:33:324 [57ebefcf][38;5;-3m[AndroidUiautomator2Driver@57b0] [Instrumentation] Time: 3.269
2026-06-22 03:53:33:325 [57ebefcf][38;5;-3m[AndroidUiautomator2Driver@57b0] [Instrumentation] 
2026-06-22 03:53:33:325 [57ebefcf][38;5;-3m[AndroidUiautomator2Driver@57b0] [Instrumentation] OK (1 test)
2026-06-22 03:53:33:325 [57ebefcf][38;5;-3m[AndroidUiautomator2Driver@57b0] [Instrumentation] 
2026-06-22 03:53:33:325 [57ebefcf][38;5;-3m[AndroidUiautomator2Driver@57b0] [Instrumentation] 
2026-06-22 03:53:33:333 [57ebefcf][38;5;-3m[AndroidUiautomator2Driver@57b0] [Instrumentation] The process has exited with code null, signal SIGTERM
2026-06-22 03:53:33:333 [57ebefcf][ADB] Running '/usr/local/lib/android/sdk/platform-tools/adb -P 5037 -s emulator-5554 shell am force-stop io.appium.uiautomator2.server'
2026-06-22 03:53:33:336 [57ebefcf][ADB] Running '/usr/local/lib/android/sdk/platform-tools/adb -P 5037 -s emulator-5554 shell am force-stop io.appium.uiautomator2.server.test'
2026-06-22 03:53:33:401 [57ebefcf][ADB] Running '/usr/local/lib/android/sdk/platform-tools/adb -P 5037 -s emulator-5554 shell dumpsys activity services io.appium.settings/.recorder.RecorderService'
2026-06-22 03:53:33:435 [57ebefcf][ADB] Removing forwarded port socket connection: 8200 
2026-06-22 03:53:33:435 [57ebefcf][ADB] Running '/usr/local/lib/android/sdk/platform-tools/adb -P 5037 -s emulator-5554 forward --remove tcp:8200'
2026-06-22 03:53:33:442 [57ebefcf][38;5;-3m[AndroidUiautomator2Driver@57b0] Restoring hidden api policy to the device default configuration
2026-06-22 03:53:33:443 [57ebefcf][ADB] Running '/usr/local/lib/android/sdk/platform-tools/adb -P 5037 -s emulator-5554 shell 'settings delete global hidden_api_policy_pre_p_apps;settings delete global hidden_api_policy_p_apps;settings delete global hidden_api_policy''
2026-06-22 03:53:33:576 [57ebefcf][Logcat] Stopping logcat capture
2026-06-22 03:53:33:578 [57ebefcf][AppiumDriver@62be] Event 'newSessionStarted' logged at 1782100413578 (03:53:33 GMT+0000 (Coordinated Universal Time))
2026-06-22 03:53:33:579 [57ebefcf][AppiumDriver@62be] Encountered internal error running command: Error: Cannot start the 'com.example.smartcivicgovernance' application. Consider checking the driver's troubleshooting documentation. Original error: Cannot start the 'com.example.smartcivicgovernance' application. Consider checking the driver's troubleshooting documentation. Original error: Activity name '.com.example.smartcivicgovernance.SplashActivity' used to start the app doesn't exist or cannot be launched! Make sure it exists and is a launchable activity
    at ADB.startApp (/home/runner/.appium/node_modules/appium-uiautomator2-driver/node_modules/appium-adb/build/lib/tools/app-commands.js:612:15)
    at process.processTicksAndRejections (node:internal/process/task_queues:103:5)
    at async AndroidUiautomator2Driver.ensureAppStarts (/home/runner/.appium/node_modules/appium-uiautomator2-driver/build/lib/commands/aut.js:106:5)
    at async AndroidUiautomator2Driver.performPostExecSetup [as performSessionPostExecSetup] (/home/runner/.appium/node_modules/appium-uiautomator2-driver/build/lib/uiautomator2-server/session.js:202:9)
    at async AndroidUiautomator2Driver.startSession [as startUiAutomator2Session] (/home/runner/.appium/node_modules/appium-uiautomator2-driver/build/lib/uiautomator2-server/session.js:260:5)
    at async AndroidUiautomator2Driver.createSession (/home/runner/.appium/node_modules/appium-uiautomator2-driver/build/lib/driver.js:301:28)
    at async AppiumDriver.createSession (/usr/local/lib/node_modules/appium/build/lib/appium.js:271:44)
    at async runCommandPromise (/usr/local/lib/node_modules/appium/node_modules/@appium/base-driver/build/lib/basedriver/driver.js:119:24)
    at async AppiumDriver.executeCommand (/usr/local/lib/node_modules/appium/node_modules/@appium/base-driver/build/lib/basedriver/driver.js:162:15)
    at async defaultBehavior (/usr/local/lib/node_modules/appium/build/lib/appium.js:582:24)
    at async AppiumDriver.executeWrappedCommand (/usr/local/lib/node_modules/appium/build/lib/appium.js:694:22)
    at async AppiumDriver.executeCommand (/usr/local/lib/node_modules/appium/build/lib/appium.js:598:21)
    at async asyncHandler (/usr/local/lib/node_modules/appium/node_modules/@appium/base-driver/build/lib/protocol/protocol.js:401:25)
2026-06-22 03:53:33:584 [HTTP] <-- POST /session 500 15907 ms - 3607
2026-06-22 03:53:42:421 [Appium] Received SIGTERM - shutting down
