2026-06-22 09:02:33:346 [Appium] Welcome to Appium v3.5.2
2026-06-22 09:02:33:348 [Appium] The autodetected Appium home path: /home/runner/.appium
2026-06-22 09:02:33:349 [Appium] Attempting to load driver uiautomator2...
2026-06-22 09:02:33:351 [Appium] Requiring driver at /home/runner/.appium/node_modules/appium-uiautomator2-driver/build/lib/index.js
2026-06-22 09:02:33:858 [Appium] AndroidUiautomator2Driver has been successfully loaded in 0.509s
2026-06-22 09:02:33:885 [Appium] Appium REST http interface listener started on http://0.0.0.0:4723
2026-06-22 09:02:33:886 [Appium] You can provide the following URLs in your client code to connect to this server:
	http://127.0.0.1:4723/ (only accessible from the same host)
	http://10.1.0.118:4723/
2026-06-22 09:02:33:887 [Appium] Available drivers:
2026-06-22 09:02:33:888 [Appium]   - uiautomator2@7.6.2 (automationName 'UiAutomator2')
2026-06-22 09:02:33:889 [Appium] No plugins have been installed. Use the "appium plugin" command to install the one(s) you want to use.
2026-06-22 09:02:53:305 [HTTP] Request idempotency key: c9fa5aa4-d553-445b-a9cb-d9b7db69b9e6
2026-06-22 09:02:53:320 [HTTP] --> POST /session {"capabilities":{"firstMatch":[{}],"alwaysMatch":{"platformName":"Android","appium:automationName":"UiAutomator2","appium:deviceName":"Android Emulator","appium:appPackage":"com.example.smartcivicgovernance","appium:appActivity":"com.example.smartcivicgovernance.SplashActivity","appium:noReset":true}}}
2026-06-22 09:02:53:322 [AppiumDriver@4d97] Calling AppiumDriver.createSession() with args: [{"firstMatch":[{}],"alwaysMatch":{"platformName":"Android","appium:automationName":"UiAutomator2","appium:deviceName":"Android Emulator","appium:appPackage":"com.example.smartcivicgovernance","appium:appActivity":"com.example.smartcivicgovernance.SplashActivity","appium:noReset":true}},{"firstMatch":[{}],"alwaysMatch":{"platformName":"Android","appium:automationName":"UiAutomator2","appium:deviceName":"Android Emulator","appium:appPackage":"com.example.smartcivicgovernance","appium:appActivity":"com.example.smartcivicgovernance.SplashActivity","appium:noReset":true}},{"firstMatch":[{}],"alwaysMatch":{"platformName":"Android","appium:automationName":"UiAutomator2","appium:deviceName":"Android Emulator","appium:appPackage":"com.example.smartcivicgovernance","appium:appActivity":"com.example.smartcivicgovernance.SplashActivity","appium:noReset":true}}]
2026-06-22 09:02:53:324 [AppiumDriver@4d97] Event 'newSessionRequested' logged at 1782118973323 (09:02:53 GMT+0000 (Coordinated Universal Time))
2026-06-22 09:02:53:327 [Appium] Attempting to find matching driver for automationName 'UiAutomator2' and platformName 'Android'
2026-06-22 09:02:53:328 [Appium] The 'uiautomator2' driver was installed and matched caps.
2026-06-22 09:02:53:328 [Appium] Will require it at /home/runner/.appium/node_modules/appium-uiautomator2-driver
2026-06-22 09:02:53:330 [Appium] Requiring driver at /home/runner/.appium/node_modules/appium-uiautomator2-driver/build/lib/index.js
2026-06-22 09:02:53:331 [AppiumDriver@4d97] Appium v3.5.2 creating new AndroidUiautomator2Driver (v7.6.2) session
2026-06-22 09:02:53:331 [AppiumDriver@4d97] Checking BaseDriver versions for Appium and AndroidUiautomator2Driver
2026-06-22 09:02:53:331 [AppiumDriver@4d97] Appium's BaseDriver version is 10.7.1
2026-06-22 09:02:53:332 [AppiumDriver@4d97] AndroidUiautomator2Driver's BaseDriver version is 10.7.1
2026-06-22 09:02:53:341 [38;5;-161m[AndroidUiautomator2Driver@1cc7] 
2026-06-22 09:02:53:343 [38;5;-161m[AndroidUiautomator2Driver@1cc7] Creating session with W3C capabilities: {
  "alwaysMatch": {
    "platformName": "Android",
    "appium:automationName": "UiAutomator2",
    "appium:deviceName": "Android Emulator",
    "appium:appPackage": "com.example.smartcivicgovernance",
    "appium:appActivity": "com.example.smartcivicgovernance.SplashActivity",
    "appium:noReset": true
  },
  "firstMatch": [
    {}
  ]
}
2026-06-22 09:02:53:348 [cbfdfa7a][38;5;-161m[AndroidUiautomator2Driver@1cc7] Session created with session id: cbfdfa7a-64f9-4ae5-b097-1e7a7feb9176
2026-06-22 09:02:53:364 [cbfdfa7a][ADB] Found 6 'build-tools' folders under '/usr/local/lib/android/sdk' (newest first):
2026-06-22 09:02:53:365 [cbfdfa7a][ADB]     /usr/local/lib/android/sdk/build-tools/37.0.0
2026-06-22 09:02:53:365 [cbfdfa7a][ADB]     /usr/local/lib/android/sdk/build-tools/36.1.0
2026-06-22 09:02:53:366 [cbfdfa7a][ADB]     /usr/local/lib/android/sdk/build-tools/36.0.0
2026-06-22 09:02:53:366 [cbfdfa7a][ADB]     /usr/local/lib/android/sdk/build-tools/35.0.1
2026-06-22 09:02:53:367 [cbfdfa7a][ADB]     /usr/local/lib/android/sdk/build-tools/35.0.0
2026-06-22 09:02:53:367 [cbfdfa7a][ADB]     /usr/local/lib/android/sdk/build-tools/34.0.0
2026-06-22 09:02:53:368 [cbfdfa7a][ADB] Using 'adb' from '/usr/local/lib/android/sdk/platform-tools/adb'
2026-06-22 09:02:53:370 [cbfdfa7a][ADB] Running '/usr/local/lib/android/sdk/platform-tools/adb -P 5037 start-server'
2026-06-22 09:02:53:379 [cbfdfa7a][38;5;-161m[AndroidUiautomator2Driver@1cc7] Retrieving device list
2026-06-22 09:02:53:379 [cbfdfa7a][ADB] Trying to find connected Android devices
2026-06-22 09:02:53:380 [cbfdfa7a][ADB] Getting connected devices
2026-06-22 09:02:53:390 [cbfdfa7a][ADB] Connected devices: [{"udid":"emulator-5554","state":"device"}]
2026-06-22 09:02:53:390 [cbfdfa7a][38;5;-161m[AndroidUiautomator2Driver@1cc7] Using device: emulator-5554
2026-06-22 09:02:53:397 [cbfdfa7a][BaseDriver] Initialized new IPC object with max object size of 1048576 bytes and max topics of 1000
2026-06-22 09:02:53:398 [cbfdfa7a][BaseDriver] Subscribing 1cc742ff-da5b-4185-85c6-b1322cb58b54 to topic 'uiautomator2:sessionUdidClaimed'
2026-06-22 09:02:53:398 [cbfdfa7a][BaseDriver] Subscribing 1cc742ff-da5b-4185-85c6-b1322cb58b54 to topic 'uiautomator2:sessionUdidContended'
2026-06-22 09:02:53:398 [cbfdfa7a][BaseDriver] Subscribing 1cc742ff-da5b-4185-85c6-b1322cb58b54 to topic 'uiautomator2:sessionUdidReleased'
2026-06-22 09:02:53:399 [cbfdfa7a][BaseDriver] 1cc742ff-da5b-4185-85c6-b1322cb58b54 is publishing a message to topic uiautomator2:sessionUdidClaimed
2026-06-22 09:02:53:412 [cbfdfa7a][BaseDriver] Unsubscribing 1cc742ff-da5b-4185-85c6-b1322cb58b54 from topic 'uiautomator2:sessionUdidContended'
2026-06-22 09:02:53:413 [cbfdfa7a][BaseDriver] Unsubscribing 1cc742ff-da5b-4185-85c6-b1322cb58b54 from topic 'uiautomator2:sessionUdidReleased'
2026-06-22 09:02:53:414 [cbfdfa7a][ADB] Using 'adb' from '/usr/local/lib/android/sdk/platform-tools/adb'
2026-06-22 09:02:53:414 [cbfdfa7a][ADB] Running '/usr/local/lib/android/sdk/platform-tools/adb -P 5037 start-server'
2026-06-22 09:02:53:422 [cbfdfa7a][ADB] Setting device id to emulator-5554
2026-06-22 09:02:53:423 [cbfdfa7a][38;5;-161m[AndroidUiautomator2Driver@1cc7] Starting 'com.example.smartcivicgovernance' directly on the device
2026-06-22 09:02:53:424 [cbfdfa7a][ADB] Running '/usr/local/lib/android/sdk/platform-tools/adb -P 5037 -s emulator-5554 shell getprop ro.build.version.sdk'
2026-06-22 09:02:53:466 [cbfdfa7a][ADB] Current device property 'ro.build.version.sdk': 34
2026-06-22 09:02:53:467 [cbfdfa7a][ADB] Getting device platform version
2026-06-22 09:02:53:467 [cbfdfa7a][ADB] Running '/usr/local/lib/android/sdk/platform-tools/adb -P 5037 -s emulator-5554 shell getprop ro.build.version.release'
2026-06-22 09:02:53:506 [cbfdfa7a][ADB] Current device property 'ro.build.version.release': 14
2026-06-22 09:02:53:507 [cbfdfa7a][ADB] Device API level: 34
2026-06-22 09:02:53:507 [cbfdfa7a][38;5;-161m[AndroidUiautomator2Driver@1cc7] Relaxing hidden api policy
2026-06-22 09:02:53:508 [cbfdfa7a][ADB] Running '/usr/local/lib/android/sdk/platform-tools/adb -P 5037 -s emulator-5554 shell 'settings put global hidden_api_policy_pre_p_apps 1;settings put global hidden_api_policy_p_apps 1;settings put global hidden_api_policy 1''
2026-06-22 09:02:53:513 [cbfdfa7a][ADB] Running '/usr/local/lib/android/sdk/platform-tools/adb -P 5037 -s emulator-5554 wait-for-device'
2026-06-22 09:02:53:519 [cbfdfa7a][ADB] Running '/usr/local/lib/android/sdk/platform-tools/adb -P 5037 -s emulator-5554 shell echo ping'
2026-06-22 09:02:53:561 [cbfdfa7a][38;5;-161m[AndroidUiautomator2Driver@1cc7] Pushing settings apk to the device...
2026-06-22 09:02:53:562 [cbfdfa7a][ADB] Getting package info for 'io.appium.settings'
2026-06-22 09:02:53:563 [cbfdfa7a][ADB] Running '/usr/local/lib/android/sdk/platform-tools/adb -P 5037 -s emulator-5554 shell dumpsys package io.appium.settings'
2026-06-22 09:02:53:608 [cbfdfa7a][ADB] App '/home/runner/.appium/node_modules/appium-uiautomator2-driver/node_modules/io.appium.settings/apks/settings_apk-debug.apk' is not installed
2026-06-22 09:02:53:609 [cbfdfa7a][ADB] Installing '/home/runner/.appium/node_modules/appium-uiautomator2-driver/node_modules/io.appium.settings/apks/settings_apk-debug.apk'
2026-06-22 09:02:53:610 [cbfdfa7a][ADB] Running '/usr/local/lib/android/sdk/platform-tools/adb -P 5037 -s emulator-5554 install -g /home/runner/.appium/node_modules/appium-uiautomator2-driver/node_modules/io.appium.settings/apks/settings_apk-debug.apk'
2026-06-22 09:02:54:413 [cbfdfa7a][ADB] The installation of 'settings_apk-debug.apk' took 803ms
2026-06-22 09:02:54:414 [cbfdfa7a][ADB] Install command stdout: Performing Streamed Install
Success
2026-06-22 09:02:54:414 [cbfdfa7a][ADB] Running '/usr/local/lib/android/sdk/platform-tools/adb -P 5037 -s emulator-5554 shell dumpsys activity services io.appium.settings'
2026-06-22 09:02:54:509 [cbfdfa7a][ADB] Running '/usr/local/lib/android/sdk/platform-tools/adb -P 5037 -s emulator-5554 shell cmd notification allow_listener io.appium.settings/.NLService'
2026-06-22 09:02:54:515 [cbfdfa7a][ADB] Running '/usr/local/lib/android/sdk/platform-tools/adb -P 5037 -s emulator-5554 shell appops set io.appium.settings PROJECT_MEDIA allow'
2026-06-22 09:02:54:612 [cbfdfa7a][ADB] Running '/usr/local/lib/android/sdk/platform-tools/adb -P 5037 -s emulator-5554 shell dumpsys activity services io.appium.settings'
2026-06-22 09:02:54:662 [cbfdfa7a][SettingsApp] Starting Appium Settings app
2026-06-22 09:02:54:663 [cbfdfa7a][ADB] Running '/usr/local/lib/android/sdk/platform-tools/adb -P 5037 -s emulator-5554 shell am start-activity -n io.appium.settings/.Settings -a android.intent.action.MAIN -c android.intent.category.LAUNCHER'
2026-06-22 09:02:54:939 [cbfdfa7a][ADB] Running '/usr/local/lib/android/sdk/platform-tools/adb -P 5037 -s emulator-5554 shell dumpsys activity services io.appium.settings'
2026-06-22 09:02:55:326 [cbfdfa7a][ADB] Running '/usr/local/lib/android/sdk/platform-tools/adb -P 5037 -s emulator-5554 shell dumpsys activity services io.appium.settings'
2026-06-22 09:02:55:771 [cbfdfa7a][ADB] Running '/usr/local/lib/android/sdk/platform-tools/adb -P 5037 -s emulator-5554 shell dumpsys activity services io.appium.settings'
2026-06-22 09:02:55:856 [cbfdfa7a][Logcat] Starting logs capture with command: /usr/local/lib/android/sdk/platform-tools/adb -P 5037 -s emulator-5554 logcat -v threadtime
2026-06-22 09:02:55:903 [cbfdfa7a][38;5;-161m[AndroidUiautomator2Driver@1cc7] Forwarding UiAutomator2 Server port 6790 to local port 8200
2026-06-22 09:02:55:904 [cbfdfa7a][ADB] Forwarding system: 8200 to device: 6790
2026-06-22 09:02:55:905 [cbfdfa7a][ADB] Running '/usr/local/lib/android/sdk/platform-tools/adb -P 5037 -s emulator-5554 forward tcp:8200 tcp:6790'
2026-06-22 09:02:55:924 [cbfdfa7a][38;5;-161m[AndroidUiautomator2Driver@1cc7] UIA2Proxy options: {"scheme":"http","server":"127.0.0.1","port":8200,"base":"","reqBasePath":"","sessionId":null,"timeout":240000,"keepAlive":true}
2026-06-22 09:02:55:925 [cbfdfa7a][ADB] Getting package info for 'io.appium.uiautomator2.server'
2026-06-22 09:02:55:925 [cbfdfa7a][ADB] Running '/usr/local/lib/android/sdk/platform-tools/adb -P 5037 -s emulator-5554 shell dumpsys package io.appium.uiautomator2.server'
2026-06-22 09:02:55:928 [cbfdfa7a][ADB] Getting install status for io.appium.uiautomator2.server.test
2026-06-22 09:02:55:929 [cbfdfa7a][38;5;-161m[AndroidUiautomator2Driver@1cc7] No app capability. Assuming it is already on the device
2026-06-22 09:02:55:929 [cbfdfa7a][ADB] Running '/usr/local/lib/android/sdk/platform-tools/adb -P 5037 -s emulator-5554 shell cmd package list packages --show-versioncode'
2026-06-22 09:02:56:030 [cbfdfa7a][ADB] App '/home/runner/.appium/node_modules/appium-uiautomator2-driver/node_modules/appium-uiautomator2-server/apks/appium-uiautomator2-server-v10.2.1.apk' is not installed
2026-06-22 09:02:56:311 [cbfdfa7a][ADB] 'io.appium.uiautomator2.server.test' is not installed
2026-06-22 09:02:56:312 [cbfdfa7a][38;5;-161m[AndroidUiautomator2Driver@1cc7] Server packages status: [{"installState":"notInstalled","appPath":"/home/runner/.appium/node_modules/appium-uiautomator2-driver/node_modules/appium-uiautomator2-server/apks/appium-uiautomator2-server-v10.2.1.apk","appId":"io.appium.uiautomator2.server"},{"installState":"notInstalled","appPath":"/home/runner/.appium/node_modules/appium-uiautomator2-driver/node_modules/appium-uiautomator2-server/apks/appium-uiautomator2-server-debug-androidTest.apk","appId":"io.appium.uiautomator2.server.test"}]
2026-06-22 09:02:56:312 [cbfdfa7a][38;5;-161m[AndroidUiautomator2Driver@1cc7] Server packages are going to be (re)installed
2026-06-22 09:02:56:314 [cbfdfa7a][ADB] Running '/usr/local/lib/android/sdk/platform-tools/adb -P 5037 -s emulator-5554 version'
2026-06-22 09:02:56:325 [cbfdfa7a][ADB] Running '/usr/local/lib/android/sdk/platform-tools/adb -P 5037 -s emulator-5554 features'
2026-06-22 09:02:56:333 [cbfdfa7a][ADB] Running '/usr/local/lib/android/sdk/platform-tools/adb -P 5037 -s emulator-5554 install -r --no-incremental /home/runner/.appium/node_modules/appium-uiautomator2-driver/node_modules/appium-uiautomator2-server/apks/appium-uiautomator2-server-v10.2.1.apk'
2026-06-22 09:02:56:337 [cbfdfa7a][ADB] Running '/usr/local/lib/android/sdk/platform-tools/adb -P 5037 -s emulator-5554 install -r --no-incremental /home/runner/.appium/node_modules/appium-uiautomator2-driver/node_modules/appium-uiautomator2-server/apks/appium-uiautomator2-server-debug-androidTest.apk'
2026-06-22 09:02:58:104 [cbfdfa7a][ADB] The installation of 'appium-uiautomator2-server-debug-androidTest.apk' took 1767ms
2026-06-22 09:02:58:104 [cbfdfa7a][ADB] Install command stdout: Performing Streamed Install
Success
2026-06-22 09:02:58:435 [cbfdfa7a][ADB] The installation of 'appium-uiautomator2-server-v10.2.1.apk' took 2102ms
2026-06-22 09:02:58:435 [cbfdfa7a][ADB] Install command stdout: Performing Streamed Install
Success
2026-06-22 09:02:58:436 [cbfdfa7a][38;5;-161m[AndroidUiautomator2Driver@1cc7] Waiting up to 30000ms for services to be available
2026-06-22 09:02:58:436 [cbfdfa7a][ADB] Running '/usr/local/lib/android/sdk/platform-tools/adb -P 5037 -s emulator-5554 shell pm list instrumentation'
2026-06-22 09:02:58:545 [cbfdfa7a][38;5;-161m[AndroidUiautomator2Driver@1cc7] Instrumentation target 'io.appium.uiautomator2.server.test/androidx.test.runner.AndroidJUnitRunner' is available
2026-06-22 09:02:58:551 [cbfdfa7a][ADB] Adding packages ["io.appium.settings","io.appium.uiautomator2.server","io.appium.uiautomator2.server.test"] to Doze whitelist
2026-06-22 09:02:58:551 [cbfdfa7a][ADB] Got the following command chunks to execute: [["dumpsys","deviceidle","whitelist","+io.appium.settings",";","dumpsys","deviceidle","whitelist","+io.appium.uiautomator2.server",";","dumpsys","deviceidle","whitelist","+io.appium.uiautomator2.server.test",";"]]
2026-06-22 09:02:58:552 [cbfdfa7a][ADB] Running '/usr/local/lib/android/sdk/platform-tools/adb -P 5037 -s emulator-5554 shell dumpsys deviceidle whitelist +io.appium.settings ; dumpsys deviceidle whitelist +io.appium.uiautomator2.server ; dumpsys deviceidle whitelist +io.appium.uiautomator2.server.test ;'
2026-06-22 09:02:58:679 [cbfdfa7a][38;5;-161m[AndroidUiautomator2Driver@1cc7] Performing shallow cleanup of automation leftovers
2026-06-22 09:02:58:698 [cbfdfa7a][38;5;-161m[AndroidUiautomator2Driver@1cc7] No obsolete sessions have been detected (socket hang up)
2026-06-22 09:02:58:699 [cbfdfa7a][ADB] Running '/usr/local/lib/android/sdk/platform-tools/adb -P 5037 -s emulator-5554 shell am force-stop io.appium.uiautomator2.server'
2026-06-22 09:02:58:704 [cbfdfa7a][ADB] Running '/usr/local/lib/android/sdk/platform-tools/adb -P 5037 -s emulator-5554 shell am force-stop io.appium.uiautomator2.server.test'
2026-06-22 09:02:58:794 [cbfdfa7a][38;5;-161m[AndroidUiautomator2Driver@1cc7] Starting UIAutomator2 server 10.2.1
2026-06-22 09:02:58:794 [cbfdfa7a][38;5;-161m[AndroidUiautomator2Driver@1cc7] Using UIAutomator2 server from '/home/runner/.appium/node_modules/appium-uiautomator2-driver/node_modules/appium-uiautomator2-server/apks/appium-uiautomator2-server-v10.2.1.apk' and test from '/home/runner/.appium/node_modules/appium-uiautomator2-driver/node_modules/appium-uiautomator2-server/apks/appium-uiautomator2-server-debug-androidTest.apk'
2026-06-22 09:02:58:794 [cbfdfa7a][38;5;-161m[AndroidUiautomator2Driver@1cc7] Waiting up to 30000ms for UiAutomator2 to be online...
2026-06-22 09:02:58:795 [cbfdfa7a][ADB] Creating ADB subprocess with args: ["-P","5037","-s","emulator-5554","shell","am","instrument","-w","-e","disableAnalytics","true","io.appium.uiautomator2.server.test/androidx.test.runner.AndroidJUnitRunner"]
2026-06-22 09:02:58:806 [cbfdfa7a][38;5;-161m[AndroidUiautomator2Driver@1cc7] Matched '/status' to command name 'getStatus'
2026-06-22 09:02:58:809 [cbfdfa7a][38;5;-161m[AndroidUiautomator2Driver@1cc7] Proxying [GET /status] to [GET http://127.0.0.1:8200/status] with no body
2026-06-22 09:02:58:826 [cbfdfa7a][38;5;-161m[AndroidUiautomator2Driver@1cc7] socket hang up
2026-06-22 09:02:59:828 [cbfdfa7a][38;5;-161m[AndroidUiautomator2Driver@1cc7] Matched '/status' to command name 'getStatus'
2026-06-22 09:02:59:828 [cbfdfa7a][38;5;-161m[AndroidUiautomator2Driver@1cc7] Proxying [GET /status] to [GET http://127.0.0.1:8200/status] with no body
2026-06-22 09:02:59:833 [cbfdfa7a][38;5;-161m[AndroidUiautomator2Driver@1cc7] socket hang up
2026-06-22 09:03:00:410 [cbfdfa7a][38;5;-161m[AndroidUiautomator2Driver@1cc7] [Instrumentation] 
2026-06-22 09:03:00:833 [cbfdfa7a][38;5;-161m[AndroidUiautomator2Driver@1cc7] Matched '/status' to command name 'getStatus'
2026-06-22 09:03:00:833 [cbfdfa7a][38;5;-161m[AndroidUiautomator2Driver@1cc7] Proxying [GET /status] to [GET http://127.0.0.1:8200/status] with no body
2026-06-22 09:03:00:837 [cbfdfa7a][38;5;-161m[AndroidUiautomator2Driver@1cc7] socket hang up
2026-06-22 09:03:01:840 [cbfdfa7a][38;5;-161m[AndroidUiautomator2Driver@1cc7] Matched '/status' to command name 'getStatus'
2026-06-22 09:03:01:840 [cbfdfa7a][38;5;-161m[AndroidUiautomator2Driver@1cc7] Proxying [GET /status] to [GET http://127.0.0.1:8200/status] with no body
2026-06-22 09:03:01:915 [cbfdfa7a][38;5;-161m[AndroidUiautomator2Driver@1cc7] Got response with status 200: {"sessionId":"None","value":{"build":{"version":"10.2.1","versionCode":260},"message":"UiAutomator2 Server is ready to accept commands","ready":true}}
2026-06-22 09:03:01:915 [cbfdfa7a][38;5;-161m[AndroidUiautomator2Driver@1cc7] The initialization of the instrumentation process took 3121ms
2026-06-22 09:03:01:918 [cbfdfa7a][38;5;-161m[AndroidUiautomator2Driver@1cc7] Matched '/session' to command name 'createSession'
2026-06-22 09:03:01:918 [cbfdfa7a][38;5;-161m[AndroidUiautomator2Driver@1cc7] Proxying [POST /session] to [POST http://127.0.0.1:8200/session] with body: {"capabilities":{"firstMatch":[{"platformName":"Android","automationName":"UiAutomator2","deviceName":"emulator-5554","appPackage":"com.example.smartcivicgovernance","appActivity":"com.example.smartcivicgovernance.SplashActivity","noReset":true,"platform":"LINUX","webStorageEnabled":false,"takesScreenshot":true,"javascriptEnabled":true,"databaseEnabled":false,"networkConnectionEnabled":true,"locationContextEnabled":false,"warnings":{},"desired":{"platformName":"Android","automationName":"UiAutomator2","deviceName":"Android Emulator","appPackage":"com.example.smartcivicgovernance","appActivity":"com.example.smartcivicgovernance.SplashActivity","noReset":true},"deviceUDID":"emulator-5554"}],"alwaysMatch":{}}}
2026-06-22 09:03:01:970 [cbfdfa7a][38;5;-161m[AndroidUiautomator2Driver@1cc7] Got response with status 200: {"sessionId":"e64fe2f3-fdef-408d-b001-ecfdbe6bd3a4","value":{"capabilities":{"firstMatch":[{"platformName":"Android","automationName":"UiAutomator2","deviceName":"emulator-5554","appPackage":"com.example.smartcivicgovernance","appActivity":"com.example.smartcivicgovernance.SplashActivity","noReset":true,"platform":"LINUX","webStorageEnabled":false,"takesScreenshot":true,"javascriptEnabled":true,"databaseEnabled":false,"networkConnectionEnabled":true,"locationContextEnabled":false,"warnings":{},"desired":{"platformName":"Android","automationName":"UiAutomator2","deviceName":"Android Emulator","appPackage":"com.example.smartcivicgovernance","appActivity":"com.example.smartcivicgovernance.SplashActivity","noReset":true},"deviceUDID":"emulator-5554"}],"alwaysMatch":{}},"sessionId":"e64fe2f3-fdef-408d-b001-ecfdbe6bd3a4"}}
2026-06-22 09:03:01:972 [cbfdfa7a][38;5;-161m[AndroidUiautomator2Driver@1cc7] Determined the downstream protocol as 'W3C'
2026-06-22 09:03:01:998 [cbfdfa7a][38;5;-161m[AndroidUiautomator2Driver@1cc7] Proxying [GET /appium/device/pixel_ratio] to [GET http://127.0.0.1:8200/session/e64fe2f3-fdef-408d-b001-ecfdbe6bd3a4/appium/device/pixel_ratio] with no body
2026-06-22 09:03:02:006 [cbfdfa7a][38;5;-161m[AndroidUiautomator2Driver@1cc7] Proxying [GET /appium/device/system_bars] to [GET http://127.0.0.1:8200/session/e64fe2f3-fdef-408d-b001-ecfdbe6bd3a4/appium/device/system_bars] with no body
2026-06-22 09:03:02:016 [cbfdfa7a][38;5;-161m[AndroidUiautomator2Driver@1cc7] Proxying [GET /window/current/size] to [GET http://127.0.0.1:8200/session/e64fe2f3-fdef-408d-b001-ecfdbe6bd3a4/window/current/size] with no body
2026-06-22 09:03:02:026 [cbfdfa7a][38;5;-161m[AndroidUiautomator2Driver@1cc7] Proxying [GET /appium/device/info] to [GET http://127.0.0.1:8200/session/e64fe2f3-fdef-408d-b001-ecfdbe6bd3a4/appium/device/info] with no body
2026-06-22 09:03:02:029 [cbfdfa7a][ADB] Running '/usr/local/lib/android/sdk/platform-tools/adb -P 5037 -s emulator-5554 shell dumpsys window'
2026-06-22 09:03:02:033 [cbfdfa7a][ADB] Running '/usr/local/lib/android/sdk/platform-tools/adb -P 5037 -s emulator-5554 shell dumpsys power'
2026-06-22 09:03:02:076 [cbfdfa7a][38;5;-161m[AndroidUiautomator2Driver@1cc7] Got response with status 200: {"sessionId":"e64fe2f3-fdef-408d-b001-ecfdbe6bd3a4","value":1}
2026-06-22 09:03:02:099 [cbfdfa7a][38;5;-161m[AndroidUiautomator2Driver@1cc7] Got response with status 200: {"sessionId":"e64fe2f3-fdef-408d-b001-ecfdbe6bd3a4","value":{"height":640,"width":320}}
2026-06-22 09:03:02:103 [cbfdfa7a][38;5;-161m[AndroidUiautomator2Driver@1cc7] Got response with status 200: {"sessionId":"e64fe2f3-fdef-408d-b001-ecfdbe6bd3a4","value":{"statusBar":24}}
2026-06-22 09:03:02:127 [cbfdfa7a][38;5;-161m[AndroidUiautomator2Driver@1cc7] Got response with status 200: {"sessionId":"e64fe2f3-fdef-408d-b001-ecfdbe6bd3a4","value":{"androidId":"c34edb0f2796efa0","apiVersion":"34","bluetooth":{"state":"ON"},"brand":"google","carrierName":"T-Mobile","displayDensity":160,"locale":"en_US","manufacturer":"Google","model":"sdk_gphone64_x86_64","networks":[{"capabilities":{"SSID":null,"linkDownBandwidthKbps":30000,"linkUpstreamBandwidthKbps":12000,"networkCapabilities":"NET_CAPABILITY_NOT_METERED,NET_CAPABILITY_INTERNET,NET_CAPABILITY_NOT_RESTRICTED,NET_CAPABILITY_TRUSTED,NET_CAPABILITY_NOT_VPN,NET_CAPABILITY_VALIDATED,NET_CAPABILITY_NOT_ROAMING,NET_CAPABILITY_FOREGROUND,NET_CAPABILITY_NOT_CONGESTED,NET_CAPABILITY_NOT_SUSPENDED","signalStrength":-50,"transportTypes":"TRANSPORT_WIFI"},"detailedState":"CONNECTED","extraInfo":"","isAvailable":true,"isConnected":true,"isFailover":false,"isRoaming":false,"state":"CONNECTED","subtype":-1,"subtypeName":"","type":1,"typeName":"WIFI"},{"capabilities":{"SSID":null,"linkDownBandwidthKbps":14,"linkUpstreamBandwidthKbps":14,"networkCapabilities"…
2026-06-22 09:03:02:155 [cbfdfa7a][38;5;-161m[AndroidUiautomator2Driver@1cc7] Screen already unlocked, doing nothing
2026-06-22 09:03:02:156 [cbfdfa7a][38;5;-161m[AndroidUiautomator2Driver@1cc7] Starting 'com.example.smartcivicgovernance/com.example.smartcivicgovernance.SplashActivityand waiting for 'com.example.smartcivicgovernance/com.example.smartcivicgovernance.SplashActivity'
2026-06-22 09:03:02:157 [cbfdfa7a][ADB] Getting IDs of all 'com.example.smartcivicgovernance' processes
2026-06-22 09:03:02:157 [cbfdfa7a][ADB] Running '/usr/local/lib/android/sdk/platform-tools/adb -P 5037 -s emulator-5554 shell ps --help'
2026-06-22 09:03:02:198 [cbfdfa7a][ADB] Running '/usr/local/lib/android/sdk/platform-tools/adb -P 5037 -s emulator-5554 shell ps -A'
2026-06-22 09:03:02:615 [cbfdfa7a][38;5;-161m[AndroidUiautomator2Driver@1cc7] [Instrumentation] s_glBindAttribLocation: bind attrib 0 name position
2026-06-22 09:03:02:615 [cbfdfa7a][38;5;-161m[AndroidUiautomator2Driver@1cc7] [Instrumentation] s_glBindAttribLocation: bind attrib 1 name color
2026-06-22 09:03:02:615 [cbfdfa7a][38;5;-161m[AndroidUiautomator2Driver@1cc7] [Instrumentation] s_glBindAttribLocation: bind attrib 2 name localCoord
2026-06-22 09:03:02:652 [cbfdfa7a][ADB] Running '/usr/local/lib/android/sdk/platform-tools/adb -P 5037 -s emulator-5554 shell am start-activity -W -n com.example.smartcivicgovernance/com.example.smartcivicgovernance.SplashActivity -S -a android.intent.action.MAIN -c android.intent.category.LAUNCHER -f 0x10200000'
2026-06-22 09:03:02:951 [cbfdfa7a][ADB] We tried to start an activity that doesn't exist, retrying with '.com.example.smartcivicgovernance.SplashActivity' activity name
2026-06-22 09:03:02:951 [cbfdfa7a][ADB] Running '/usr/local/lib/android/sdk/platform-tools/adb -P 5037 -s emulator-5554 shell am start-activity -W -n com.example.smartcivicgovernance/.com.example.smartcivicgovernance.SplashActivity -S -a android.intent.action.MAIN -c android.intent.category.LAUNCHER -f 0x10200000'
2026-06-22 09:03:03:279 [cbfdfa7a][BaseDriver] Unsubscribing 1cc742ff-da5b-4185-85c6-b1322cb58b54 from topic 'uiautomator2:sessionUdidClaimed'
2026-06-22 09:03:03:279 [cbfdfa7a][38;5;-161m[AndroidUiautomator2Driver@1cc7] Deleting UiAutomator2 session
2026-06-22 09:03:03:280 [cbfdfa7a][38;5;-161m[AndroidUiautomator2Driver@1cc7] Deleting UiAutomator2 server session
2026-06-22 09:03:03:280 [cbfdfa7a][38;5;-161m[AndroidUiautomator2Driver@1cc7] Proxying [DELETE /] to [DELETE http://127.0.0.1:8200/session/e64fe2f3-fdef-408d-b001-ecfdbe6bd3a4] with no body
2026-06-22 09:03:03:296 [cbfdfa7a][38;5;-161m[AndroidUiautomator2Driver@1cc7] Got response with status 200: {"sessionId":"e64fe2f3-fdef-408d-b001-ecfdbe6bd3a4","value":null}
2026-06-22 09:03:03:297 [cbfdfa7a][ADB] Getting IDs of all 'io.appium.uiautomator2.server' processes
2026-06-22 09:03:03:297 [cbfdfa7a][ADB] Running '/usr/local/lib/android/sdk/platform-tools/adb -P 5037 -s emulator-5554 shell ps -A'
2026-06-22 09:03:03:443 [cbfdfa7a][38;5;-161m[AndroidUiautomator2Driver@1cc7] [Instrumentation] io.appium.uiautomator2.server.test.AppiumUiAutomator2Server:.
2026-06-22 09:03:03:444 [cbfdfa7a][38;5;-161m[AndroidUiautomator2Driver@1cc7] [Instrumentation] 
2026-06-22 09:03:03:444 [cbfdfa7a][38;5;-161m[AndroidUiautomator2Driver@1cc7] [Instrumentation] Time: 2.926
2026-06-22 09:03:03:445 [cbfdfa7a][38;5;-161m[AndroidUiautomator2Driver@1cc7] [Instrumentation] 
2026-06-22 09:03:03:445 [cbfdfa7a][38;5;-161m[AndroidUiautomator2Driver@1cc7] [Instrumentation] OK (1 test)
2026-06-22 09:03:03:445 [cbfdfa7a][38;5;-161m[AndroidUiautomator2Driver@1cc7] [Instrumentation] 
2026-06-22 09:03:03:445 [cbfdfa7a][38;5;-161m[AndroidUiautomator2Driver@1cc7] [Instrumentation] 
2026-06-22 09:03:03:508 [cbfdfa7a][38;5;-161m[AndroidUiautomator2Driver@1cc7] [Instrumentation] The process has exited with code 0, signal null
2026-06-22 09:03:03:606 [cbfdfa7a][ADB] Running '/usr/local/lib/android/sdk/platform-tools/adb -P 5037 -s emulator-5554 shell am force-stop io.appium.uiautomator2.server'
2026-06-22 09:03:03:611 [cbfdfa7a][ADB] Running '/usr/local/lib/android/sdk/platform-tools/adb -P 5037 -s emulator-5554 shell am force-stop io.appium.uiautomator2.server.test'
2026-06-22 09:03:03:724 [cbfdfa7a][ADB] Running '/usr/local/lib/android/sdk/platform-tools/adb -P 5037 -s emulator-5554 shell dumpsys activity services io.appium.settings/.recorder.RecorderService'
2026-06-22 09:03:03:772 [cbfdfa7a][ADB] Removing forwarded port socket connection: 8200 
2026-06-22 09:03:03:773 [cbfdfa7a][ADB] Running '/usr/local/lib/android/sdk/platform-tools/adb -P 5037 -s emulator-5554 forward --remove tcp:8200'
2026-06-22 09:03:03:781 [cbfdfa7a][38;5;-161m[AndroidUiautomator2Driver@1cc7] Restoring hidden api policy to the device default configuration
2026-06-22 09:03:03:781 [cbfdfa7a][ADB] Running '/usr/local/lib/android/sdk/platform-tools/adb -P 5037 -s emulator-5554 shell 'settings delete global hidden_api_policy_pre_p_apps;settings delete global hidden_api_policy_p_apps;settings delete global hidden_api_policy''
2026-06-22 09:03:03:915 [cbfdfa7a][Logcat] Stopping logcat capture
2026-06-22 09:03:03:918 [cbfdfa7a][AppiumDriver@4d97] Event 'newSessionStarted' logged at 1782118983918 (09:03:03 GMT+0000 (Coordinated Universal Time))
2026-06-22 09:03:03:921 [cbfdfa7a][AppiumDriver@4d97] Encountered internal error running command: Error: Cannot start the 'com.example.smartcivicgovernance' application. Consider checking the driver's troubleshooting documentation. Original error: Cannot start the 'com.example.smartcivicgovernance' application. Consider checking the driver's troubleshooting documentation. Original error: Activity name '.com.example.smartcivicgovernance.SplashActivity' used to start the app doesn't exist or cannot be launched! Make sure it exists and is a launchable activity
    at ADB.startApp (/home/runner/.appium/node_modules/appium-uiautomator2-driver/node_modules/appium-adb/build/lib/tools/app-commands.js:612:15)
    at process.processTicksAndRejections (node:internal/process/task_queues:103:5)
    at async AndroidUiautomator2Driver.ensureAppStarts (/home/runner/.appium/node_modules/appium-uiautomator2-driver/build/lib/commands/aut.js:106:5)
    at async AndroidUiautomator2Driver.performPostExecSetup [as performSessionPostExecSetup] (/home/runner/.appium/node_modules/appium-uiautomator2-driver/build/lib/uiautomator2-server/session.js:202:9)
    at async AndroidUiautomator2Driver.startSession [as startUiAutomator2Session] (/home/runner/.appium/node_modules/appium-uiautomator2-driver/build/lib/uiautomator2-server/session.js:260:5)
    at async AndroidUiautomator2Driver.createSession (/home/runner/.appium/node_modules/appium-uiautomator2-driver/build/lib/driver.js:301:28)
    at async AppiumDriver.createSession (/usr/local/lib/node_modules/appium/build/lib/appium.js:271:44)
    at async runCommandPromise (/usr/local/lib/node_modules/appium/node_modules/@appium/base-driver/build/lib/basedriver/driver.js:119:24)
    at async AppiumDriver.executeCommand (/usr/local/lib/node_modules/appium/node_modules/@appium/base-driver/build/lib/basedriver/driver.js:162:15)
    at async defaultBehavior (/usr/local/lib/node_modules/appium/build/lib/appium.js:582:24)
    at async AppiumDriver.executeWrappedCommand (/usr/local/lib/node_modules/appium/build/lib/appium.js:694:22)
    at async AppiumDriver.executeCommand (/usr/local/lib/node_modules/appium/build/lib/appium.js:598:21)
    at async asyncHandler (/usr/local/lib/node_modules/appium/node_modules/@appium/base-driver/build/lib/protocol/protocol.js:401:25)
2026-06-22 09:03:03:928 [HTTP] <-- POST /session 500 10606 ms - 3607
2026-06-22 09:03:13:501 [Appium] Received SIGTERM - shutting down
