2026-06-18 06:35:20:476 [Appium] Welcome to Appium v3.5.1
2026-06-18 06:35:20:478 [Appium] The autodetected Appium home path: /home/runner/.appium
2026-06-18 06:35:20:479 [Appium] Attempting to load driver uiautomator2...
2026-06-18 06:35:20:482 [Appium] Requiring driver at /home/runner/.appium/node_modules/appium-uiautomator2-driver/build/lib/index.js
2026-06-18 06:35:21:314 [Appium] AndroidUiautomator2Driver has been successfully loaded in 0.834s
2026-06-18 06:35:21:339 [Appium] Appium REST http interface listener started on http://0.0.0.0:4723
2026-06-18 06:35:21:340 [Appium] You can provide the following URLs in your client code to connect to this server:
	http://127.0.0.1:4723/ (only accessible from the same host)
	http://10.1.0.37:4723/
2026-06-18 06:35:21:341 [Appium] Available drivers:
2026-06-18 06:35:21:342 [Appium]   - uiautomator2@7.6.1 (automationName 'UiAutomator2')
2026-06-18 06:35:21:343 [Appium] No plugins have been installed. Use the "appium plugin" command to install the one(s) you want to use.
2026-06-18 06:35:40:113 [HTTP] Request idempotency key: 23a76f0b-6234-48be-889e-136d5291e7da
2026-06-18 06:35:40:128 [HTTP] --> POST /session {"capabilities":{"firstMatch":[{}],"alwaysMatch":{"platformName":"Android","appium:automationName":"UiAutomator2","appium:deviceName":"Android Emulator","appium:appPackage":"com.example.smartcivicgovernance","appium:appActivity":"com.example.smartcivicgovernance.SplashActivity","appium:noReset":true}}}
2026-06-18 06:35:40:130 [AppiumDriver@be13] Calling AppiumDriver.createSession() with args: [{"firstMatch":[{}],"alwaysMatch":{"platformName":"Android","appium:automationName":"UiAutomator2","appium:deviceName":"Android Emulator","appium:appPackage":"com.example.smartcivicgovernance","appium:appActivity":"com.example.smartcivicgovernance.SplashActivity","appium:noReset":true}},{"firstMatch":[{}],"alwaysMatch":{"platformName":"Android","appium:automationName":"UiAutomator2","appium:deviceName":"Android Emulator","appium:appPackage":"com.example.smartcivicgovernance","appium:appActivity":"com.example.smartcivicgovernance.SplashActivity","appium:noReset":true}},{"firstMatch":[{}],"alwaysMatch":{"platformName":"Android","appium:automationName":"UiAutomator2","appium:deviceName":"Android Emulator","appium:appPackage":"com.example.smartcivicgovernance","appium:appActivity":"com.example.smartcivicgovernance.SplashActivity","appium:noReset":true}}]
2026-06-18 06:35:40:131 [AppiumDriver@be13] Event 'newSessionRequested' logged at 1781764540131 (06:35:40 GMT+0000 (Coordinated Universal Time))
2026-06-18 06:35:40:136 [Appium] Attempting to find matching driver for automationName 'UiAutomator2' and platformName 'Android'
2026-06-18 06:35:40:136 [Appium] The 'uiautomator2' driver was installed and matched caps.
2026-06-18 06:35:40:136 [Appium] Will require it at /home/runner/.appium/node_modules/appium-uiautomator2-driver
2026-06-18 06:35:40:138 [Appium] Requiring driver at /home/runner/.appium/node_modules/appium-uiautomator2-driver/build/lib/index.js
2026-06-18 06:35:40:139 [AppiumDriver@be13] Appium v3.5.1 creating new AndroidUiautomator2Driver (v7.6.1) session
2026-06-18 06:35:40:139 [AppiumDriver@be13] Checking BaseDriver versions for Appium and AndroidUiautomator2Driver
2026-06-18 06:35:40:139 [AppiumDriver@be13] Appium's BaseDriver version is 10.7.0
2026-06-18 06:35:40:139 [AppiumDriver@be13] AndroidUiautomator2Driver's BaseDriver version is 10.7.0
2026-06-18 06:35:40:144 [38;5;-6m[AndroidUiautomator2Driver@3578] 
2026-06-18 06:35:40:145 [38;5;-6m[AndroidUiautomator2Driver@3578] Creating session with W3C capabilities: {
  "alwaysMatch": {
    "platformName": "Android",
    "appium:automationName": "UiAutomator2",
    "appium:deviceName": "Android Emulator",
    "appium:appPackage": "com.example.smartcivicgovernance",
    "appium:appActivity": "com.example.smartcivicgovernance.SplashActivity",
    "appium:noReset": true
  },
  "firstMatch": [
    {}
  ]
}
2026-06-18 06:35:40:151 [75a50ad5][38;5;-6m[AndroidUiautomator2Driver@3578] Session created with session id: 75a50ad5-48a7-454e-85c7-d9d53b2c4e1f
2026-06-18 06:35:40:163 [75a50ad5][ADB] Found 6 'build-tools' folders under '/usr/local/lib/android/sdk' (newest first):
2026-06-18 06:35:40:163 [75a50ad5][ADB]     /usr/local/lib/android/sdk/build-tools/37.0.0
2026-06-18 06:35:40:164 [75a50ad5][ADB]     /usr/local/lib/android/sdk/build-tools/36.1.0
2026-06-18 06:35:40:164 [75a50ad5][ADB]     /usr/local/lib/android/sdk/build-tools/36.0.0
2026-06-18 06:35:40:164 [75a50ad5][ADB]     /usr/local/lib/android/sdk/build-tools/35.0.1
2026-06-18 06:35:40:164 [75a50ad5][ADB]     /usr/local/lib/android/sdk/build-tools/35.0.0
2026-06-18 06:35:40:164 [75a50ad5][ADB]     /usr/local/lib/android/sdk/build-tools/34.0.0
2026-06-18 06:35:40:166 [75a50ad5][ADB] Using 'adb' from '/usr/local/lib/android/sdk/platform-tools/adb'
2026-06-18 06:35:40:167 [75a50ad5][ADB] Running '/usr/local/lib/android/sdk/platform-tools/adb -P 5037 start-server'
2026-06-18 06:35:40:175 [75a50ad5][38;5;-6m[AndroidUiautomator2Driver@3578] Retrieving device list
2026-06-18 06:35:40:176 [75a50ad5][ADB] Trying to find connected Android devices
2026-06-18 06:35:40:176 [75a50ad5][ADB] Getting connected devices
2026-06-18 06:35:40:186 [75a50ad5][ADB] Connected devices: [{"udid":"emulator-5554","state":"device"}]
2026-06-18 06:35:40:186 [75a50ad5][38;5;-6m[AndroidUiautomator2Driver@3578] Using device: emulator-5554
2026-06-18 06:35:40:193 [75a50ad5][BaseDriver] Initialized new IPC object with max object size of 1048576 bytes and max topics of 1000
2026-06-18 06:35:40:193 [75a50ad5][BaseDriver] Subscribing 3578f3ea-e395-43d2-951f-339158d5c53b to topic 'uiautomator2:sessionUdidClaimed'
2026-06-18 06:35:40:193 [75a50ad5][BaseDriver] Subscribing 3578f3ea-e395-43d2-951f-339158d5c53b to topic 'uiautomator2:sessionUdidContended'
2026-06-18 06:35:40:193 [75a50ad5][BaseDriver] Subscribing 3578f3ea-e395-43d2-951f-339158d5c53b to topic 'uiautomator2:sessionUdidReleased'
2026-06-18 06:35:40:194 [75a50ad5][BaseDriver] 3578f3ea-e395-43d2-951f-339158d5c53b is publishing a message to topic uiautomator2:sessionUdidClaimed
2026-06-18 06:35:40:206 [75a50ad5][BaseDriver] Unsubscribing 3578f3ea-e395-43d2-951f-339158d5c53b from topic 'uiautomator2:sessionUdidContended'
2026-06-18 06:35:40:208 [75a50ad5][BaseDriver] Unsubscribing 3578f3ea-e395-43d2-951f-339158d5c53b from topic 'uiautomator2:sessionUdidReleased'
2026-06-18 06:35:40:211 [75a50ad5][ADB] Using 'adb' from '/usr/local/lib/android/sdk/platform-tools/adb'
2026-06-18 06:35:40:211 [75a50ad5][ADB] Running '/usr/local/lib/android/sdk/platform-tools/adb -P 5037 start-server'
2026-06-18 06:35:40:217 [75a50ad5][ADB] Setting device id to emulator-5554
2026-06-18 06:35:40:217 [75a50ad5][38;5;-6m[AndroidUiautomator2Driver@3578] Starting 'com.example.smartcivicgovernance' directly on the device
2026-06-18 06:35:40:219 [75a50ad5][ADB] Running '/usr/local/lib/android/sdk/platform-tools/adb -P 5037 -s emulator-5554 shell getprop ro.build.version.sdk'
2026-06-18 06:35:40:270 [75a50ad5][ADB] Current device property 'ro.build.version.sdk': 34
2026-06-18 06:35:40:270 [75a50ad5][ADB] Getting device platform version
2026-06-18 06:35:40:271 [75a50ad5][ADB] Running '/usr/local/lib/android/sdk/platform-tools/adb -P 5037 -s emulator-5554 shell getprop ro.build.version.release'
2026-06-18 06:35:40:317 [75a50ad5][ADB] Current device property 'ro.build.version.release': 14
2026-06-18 06:35:40:317 [75a50ad5][ADB] Device API level: 34
2026-06-18 06:35:40:317 [75a50ad5][38;5;-6m[AndroidUiautomator2Driver@3578] Relaxing hidden api policy
2026-06-18 06:35:40:318 [75a50ad5][ADB] Running '/usr/local/lib/android/sdk/platform-tools/adb -P 5037 -s emulator-5554 shell 'settings put global hidden_api_policy_pre_p_apps 1;settings put global hidden_api_policy_p_apps 1;settings put global hidden_api_policy 1''
2026-06-18 06:35:40:325 [75a50ad5][ADB] Running '/usr/local/lib/android/sdk/platform-tools/adb -P 5037 -s emulator-5554 wait-for-device'
2026-06-18 06:35:40:337 [75a50ad5][ADB] Running '/usr/local/lib/android/sdk/platform-tools/adb -P 5037 -s emulator-5554 shell echo ping'
2026-06-18 06:35:40:364 [75a50ad5][38;5;-6m[AndroidUiautomator2Driver@3578] Pushing settings apk to the device...
2026-06-18 06:35:40:365 [75a50ad5][ADB] Getting package info for 'io.appium.settings'
2026-06-18 06:35:40:365 [75a50ad5][ADB] Running '/usr/local/lib/android/sdk/platform-tools/adb -P 5037 -s emulator-5554 shell dumpsys package io.appium.settings'
2026-06-18 06:35:40:430 [75a50ad5][ADB] App '/home/runner/.appium/node_modules/appium-uiautomator2-driver/node_modules/io.appium.settings/apks/settings_apk-debug.apk' is not installed
2026-06-18 06:35:40:431 [75a50ad5][ADB] Installing '/home/runner/.appium/node_modules/appium-uiautomator2-driver/node_modules/io.appium.settings/apks/settings_apk-debug.apk'
2026-06-18 06:35:40:431 [75a50ad5][ADB] Running '/usr/local/lib/android/sdk/platform-tools/adb -P 5037 -s emulator-5554 install -g /home/runner/.appium/node_modules/appium-uiautomator2-driver/node_modules/io.appium.settings/apks/settings_apk-debug.apk'
2026-06-18 06:35:40:780 [75a50ad5][ADB] The installation of 'settings_apk-debug.apk' took 348ms
2026-06-18 06:35:40:780 [75a50ad5][ADB] Install command stdout: Performing Streamed Install
Success
2026-06-18 06:35:40:781 [75a50ad5][ADB] Running '/usr/local/lib/android/sdk/platform-tools/adb -P 5037 -s emulator-5554 shell dumpsys activity services io.appium.settings'
2026-06-18 06:35:40:874 [75a50ad5][ADB] Running '/usr/local/lib/android/sdk/platform-tools/adb -P 5037 -s emulator-5554 shell cmd notification allow_listener io.appium.settings/.NLService'
2026-06-18 06:35:40:883 [75a50ad5][ADB] Running '/usr/local/lib/android/sdk/platform-tools/adb -P 5037 -s emulator-5554 shell appops set io.appium.settings PROJECT_MEDIA allow'
2026-06-18 06:35:40:985 [75a50ad5][ADB] Running '/usr/local/lib/android/sdk/platform-tools/adb -P 5037 -s emulator-5554 shell dumpsys activity services io.appium.settings'
2026-06-18 06:35:41:061 [75a50ad5][SettingsApp] Starting Appium Settings app
2026-06-18 06:35:41:062 [75a50ad5][ADB] Running '/usr/local/lib/android/sdk/platform-tools/adb -P 5037 -s emulator-5554 shell am start-activity -n io.appium.settings/.Settings -a android.intent.action.MAIN -c android.intent.category.LAUNCHER'
2026-06-18 06:35:41:193 [75a50ad5][ADB] Running '/usr/local/lib/android/sdk/platform-tools/adb -P 5037 -s emulator-5554 shell dumpsys activity services io.appium.settings'
2026-06-18 06:35:41:720 [75a50ad5][ADB] Running '/usr/local/lib/android/sdk/platform-tools/adb -P 5037 -s emulator-5554 shell dumpsys activity services io.appium.settings'
2026-06-18 06:35:42:080 [75a50ad5][ADB] Running '/usr/local/lib/android/sdk/platform-tools/adb -P 5037 -s emulator-5554 shell dumpsys activity services io.appium.settings'
2026-06-18 06:35:42:162 [75a50ad5][Logcat] Starting logs capture with command: /usr/local/lib/android/sdk/platform-tools/adb -P 5037 -s emulator-5554 logcat -v threadtime
2026-06-18 06:35:42:234 [75a50ad5][38;5;-6m[AndroidUiautomator2Driver@3578] Forwarding UiAutomator2 Server port 6790 to local port 8200
2026-06-18 06:35:42:240 [75a50ad5][ADB] Forwarding system: 8200 to device: 6790
2026-06-18 06:35:42:240 [75a50ad5][ADB] Running '/usr/local/lib/android/sdk/platform-tools/adb -P 5037 -s emulator-5554 forward tcp:8200 tcp:6790'
2026-06-18 06:35:42:264 [75a50ad5][38;5;-6m[AndroidUiautomator2Driver@3578] UIA2Proxy options: {"scheme":"http","server":"127.0.0.1","port":8200,"base":"","reqBasePath":"","sessionId":null,"timeout":240000,"keepAlive":true}
2026-06-18 06:35:42:265 [75a50ad5][ADB] Getting package info for 'io.appium.uiautomator2.server'
2026-06-18 06:35:42:265 [75a50ad5][ADB] Running '/usr/local/lib/android/sdk/platform-tools/adb -P 5037 -s emulator-5554 shell dumpsys package io.appium.uiautomator2.server'
2026-06-18 06:35:42:269 [75a50ad5][ADB] Getting install status for io.appium.uiautomator2.server.test
2026-06-18 06:35:42:269 [75a50ad5][38;5;-6m[AndroidUiautomator2Driver@3578] No app capability. Assuming it is already on the device
2026-06-18 06:35:42:269 [75a50ad5][ADB] Running '/usr/local/lib/android/sdk/platform-tools/adb -P 5037 -s emulator-5554 shell cmd package list packages --show-versioncode'
2026-06-18 06:35:42:304 [75a50ad5][ADB] App '/home/runner/.appium/node_modules/appium-uiautomator2-driver/node_modules/appium-uiautomator2-server/apks/appium-uiautomator2-server-v10.2.1.apk' is not installed
2026-06-18 06:35:42:398 [75a50ad5][ADB] 'io.appium.uiautomator2.server.test' is not installed
2026-06-18 06:35:42:398 [75a50ad5][38;5;-6m[AndroidUiautomator2Driver@3578] Server packages status: [{"installState":"notInstalled","appPath":"/home/runner/.appium/node_modules/appium-uiautomator2-driver/node_modules/appium-uiautomator2-server/apks/appium-uiautomator2-server-v10.2.1.apk","appId":"io.appium.uiautomator2.server"},{"installState":"notInstalled","appPath":"/home/runner/.appium/node_modules/appium-uiautomator2-driver/node_modules/appium-uiautomator2-server/apks/appium-uiautomator2-server-debug-androidTest.apk","appId":"io.appium.uiautomator2.server.test"}]
2026-06-18 06:35:42:398 [75a50ad5][38;5;-6m[AndroidUiautomator2Driver@3578] Server packages are going to be (re)installed
2026-06-18 06:35:42:399 [75a50ad5][ADB] Running '/usr/local/lib/android/sdk/platform-tools/adb -P 5037 -s emulator-5554 version'
2026-06-18 06:35:42:408 [75a50ad5][ADB] Running '/usr/local/lib/android/sdk/platform-tools/adb -P 5037 -s emulator-5554 features'
2026-06-18 06:35:42:417 [75a50ad5][ADB] Running '/usr/local/lib/android/sdk/platform-tools/adb -P 5037 -s emulator-5554 install -r --no-incremental /home/runner/.appium/node_modules/appium-uiautomator2-driver/node_modules/appium-uiautomator2-server/apks/appium-uiautomator2-server-v10.2.1.apk'
2026-06-18 06:35:42:422 [75a50ad5][ADB] Running '/usr/local/lib/android/sdk/platform-tools/adb -P 5037 -s emulator-5554 install -r --no-incremental /home/runner/.appium/node_modules/appium-uiautomator2-driver/node_modules/appium-uiautomator2-server/apks/appium-uiautomator2-server-debug-androidTest.apk'
2026-06-18 06:35:43:782 [75a50ad5][ADB] The installation of 'appium-uiautomator2-server-debug-androidTest.apk' took 1359ms
2026-06-18 06:35:43:782 [75a50ad5][ADB] Install command stdout: Performing Streamed Install
Success
2026-06-18 06:35:44:859 [75a50ad5][ADB] The installation of 'appium-uiautomator2-server-v10.2.1.apk' took 2442ms
2026-06-18 06:35:44:860 [75a50ad5][ADB] Install command stdout: Performing Streamed Install
Success
2026-06-18 06:35:44:861 [75a50ad5][38;5;-6m[AndroidUiautomator2Driver@3578] Waiting up to 30000ms for services to be available
2026-06-18 06:35:44:862 [75a50ad5][ADB] Running '/usr/local/lib/android/sdk/platform-tools/adb -P 5037 -s emulator-5554 shell pm list instrumentation'
2026-06-18 06:35:44:915 [75a50ad5][38;5;-6m[AndroidUiautomator2Driver@3578] Instrumentation target 'io.appium.uiautomator2.server.test/androidx.test.runner.AndroidJUnitRunner' is available
2026-06-18 06:35:44:920 [75a50ad5][ADB] Adding packages ["io.appium.settings","io.appium.uiautomator2.server","io.appium.uiautomator2.server.test"] to Doze whitelist
2026-06-18 06:35:44:921 [75a50ad5][ADB] Got the following command chunks to execute: [["dumpsys","deviceidle","whitelist","+io.appium.settings",";","dumpsys","deviceidle","whitelist","+io.appium.uiautomator2.server",";","dumpsys","deviceidle","whitelist","+io.appium.uiautomator2.server.test",";"]]
2026-06-18 06:35:44:921 [75a50ad5][ADB] Running '/usr/local/lib/android/sdk/platform-tools/adb -P 5037 -s emulator-5554 shell dumpsys deviceidle whitelist +io.appium.settings ; dumpsys deviceidle whitelist +io.appium.uiautomator2.server ; dumpsys deviceidle whitelist +io.appium.uiautomator2.server.test ;'
2026-06-18 06:35:45:052 [75a50ad5][38;5;-6m[AndroidUiautomator2Driver@3578] Performing shallow cleanup of automation leftovers
2026-06-18 06:35:45:073 [75a50ad5][38;5;-6m[AndroidUiautomator2Driver@3578] No obsolete sessions have been detected (socket hang up)
2026-06-18 06:35:45:073 [75a50ad5][ADB] Running '/usr/local/lib/android/sdk/platform-tools/adb -P 5037 -s emulator-5554 shell am force-stop io.appium.uiautomator2.server'
2026-06-18 06:35:45:077 [75a50ad5][ADB] Running '/usr/local/lib/android/sdk/platform-tools/adb -P 5037 -s emulator-5554 shell am force-stop io.appium.uiautomator2.server.test'
2026-06-18 06:35:45:167 [75a50ad5][38;5;-6m[AndroidUiautomator2Driver@3578] Starting UIAutomator2 server 10.2.1
2026-06-18 06:35:45:168 [75a50ad5][38;5;-6m[AndroidUiautomator2Driver@3578] Using UIAutomator2 server from '/home/runner/.appium/node_modules/appium-uiautomator2-driver/node_modules/appium-uiautomator2-server/apks/appium-uiautomator2-server-v10.2.1.apk' and test from '/home/runner/.appium/node_modules/appium-uiautomator2-driver/node_modules/appium-uiautomator2-server/apks/appium-uiautomator2-server-debug-androidTest.apk'
2026-06-18 06:35:45:168 [75a50ad5][38;5;-6m[AndroidUiautomator2Driver@3578] Waiting up to 30000ms for UiAutomator2 to be online...
2026-06-18 06:35:45:169 [75a50ad5][ADB] Creating ADB subprocess with args: ["-P","5037","-s","emulator-5554","shell","am","instrument","-w","-e","disableAnalytics","true","io.appium.uiautomator2.server.test/androidx.test.runner.AndroidJUnitRunner"]
2026-06-18 06:35:45:181 [75a50ad5][38;5;-6m[AndroidUiautomator2Driver@3578] Matched '/status' to command name 'getStatus'
2026-06-18 06:35:45:183 [75a50ad5][38;5;-6m[AndroidUiautomator2Driver@3578] Proxying [GET /status] to [GET http://127.0.0.1:8200/status] with no body
2026-06-18 06:35:45:199 [75a50ad5][38;5;-6m[AndroidUiautomator2Driver@3578] socket hang up
2026-06-18 06:35:46:200 [75a50ad5][38;5;-6m[AndroidUiautomator2Driver@3578] Matched '/status' to command name 'getStatus'
2026-06-18 06:35:46:200 [75a50ad5][38;5;-6m[AndroidUiautomator2Driver@3578] Proxying [GET /status] to [GET http://127.0.0.1:8200/status] with no body
2026-06-18 06:35:46:204 [75a50ad5][38;5;-6m[AndroidUiautomator2Driver@3578] socket hang up
2026-06-18 06:35:47:205 [75a50ad5][38;5;-6m[AndroidUiautomator2Driver@3578] Matched '/status' to command name 'getStatus'
2026-06-18 06:35:47:206 [75a50ad5][38;5;-6m[AndroidUiautomator2Driver@3578] Proxying [GET /status] to [GET http://127.0.0.1:8200/status] with no body
2026-06-18 06:35:47:209 [75a50ad5][38;5;-6m[AndroidUiautomator2Driver@3578] socket hang up
2026-06-18 06:35:47:646 [75a50ad5][38;5;-6m[AndroidUiautomator2Driver@3578] [Instrumentation] 
2026-06-18 06:35:48:210 [75a50ad5][38;5;-6m[AndroidUiautomator2Driver@3578] Matched '/status' to command name 'getStatus'
2026-06-18 06:35:48:211 [75a50ad5][38;5;-6m[AndroidUiautomator2Driver@3578] Proxying [GET /status] to [GET http://127.0.0.1:8200/status] with no body
2026-06-18 06:35:48:215 [75a50ad5][38;5;-6m[AndroidUiautomator2Driver@3578] socket hang up
2026-06-18 06:35:48:738 [75a50ad5][38;5;-6m[AndroidUiautomator2Driver@3578] [Instrumentation] s_glBindAttribLocation: bind attrib 0 name position
2026-06-18 06:35:48:740 [75a50ad5][38;5;-6m[AndroidUiautomator2Driver@3578] [Instrumentation] s_glBindAttribLocation: bind attrib 1 name color
2026-06-18 06:35:48:742 [75a50ad5][38;5;-6m[AndroidUiautomator2Driver@3578] [Instrumentation] s_glBindAttribLocation: bind attrib 2 name localCoord
2026-06-18 06:35:49:217 [75a50ad5][38;5;-6m[AndroidUiautomator2Driver@3578] Matched '/status' to command name 'getStatus'
2026-06-18 06:35:49:218 [75a50ad5][38;5;-6m[AndroidUiautomator2Driver@3578] Proxying [GET /status] to [GET http://127.0.0.1:8200/status] with no body
2026-06-18 06:35:49:275 [75a50ad5][38;5;-6m[AndroidUiautomator2Driver@3578] Got response with status 200: {"sessionId":"None","value":{"build":{"version":"10.2.1","versionCode":260},"message":"UiAutomator2 Server is ready to accept commands","ready":true}}
2026-06-18 06:35:49:275 [75a50ad5][38;5;-6m[AndroidUiautomator2Driver@3578] The initialization of the instrumentation process took 4107ms
2026-06-18 06:35:49:276 [75a50ad5][38;5;-6m[AndroidUiautomator2Driver@3578] Matched '/session' to command name 'createSession'
2026-06-18 06:35:49:277 [75a50ad5][38;5;-6m[AndroidUiautomator2Driver@3578] Proxying [POST /session] to [POST http://127.0.0.1:8200/session] with body: {"capabilities":{"firstMatch":[{"platformName":"Android","automationName":"UiAutomator2","deviceName":"emulator-5554","appPackage":"com.example.smartcivicgovernance","appActivity":"com.example.smartcivicgovernance.SplashActivity","noReset":true,"platform":"LINUX","webStorageEnabled":false,"takesScreenshot":true,"javascriptEnabled":true,"databaseEnabled":false,"networkConnectionEnabled":true,"locationContextEnabled":false,"warnings":{},"desired":{"platformName":"Android","automationName":"UiAutomator2","deviceName":"Android Emulator","appPackage":"com.example.smartcivicgovernance","appActivity":"com.example.smartcivicgovernance.SplashActivity","noReset":true},"deviceUDID":"emulator-5554"}],"alwaysMatch":{}}}
2026-06-18 06:35:49:307 [75a50ad5][38;5;-6m[AndroidUiautomator2Driver@3578] Got response with status 200: {"sessionId":"49dd171a-8965-4bd0-b86f-c994247896f8","value":{"capabilities":{"firstMatch":[{"platformName":"Android","automationName":"UiAutomator2","deviceName":"emulator-5554","appPackage":"com.example.smartcivicgovernance","appActivity":"com.example.smartcivicgovernance.SplashActivity","noReset":true,"platform":"LINUX","webStorageEnabled":false,"takesScreenshot":true,"javascriptEnabled":true,"databaseEnabled":false,"networkConnectionEnabled":true,"locationContextEnabled":false,"warnings":{},"desired":{"platformName":"Android","automationName":"UiAutomator2","deviceName":"Android Emulator","appPackage":"com.example.smartcivicgovernance","appActivity":"com.example.smartcivicgovernance.SplashActivity","noReset":true},"deviceUDID":"emulator-5554"}],"alwaysMatch":{}},"sessionId":"49dd171a-8965-4bd0-b86f-c994247896f8"}}
2026-06-18 06:35:49:307 [75a50ad5][38;5;-6m[AndroidUiautomator2Driver@3578] Determined the downstream protocol as 'W3C'
2026-06-18 06:35:49:322 [75a50ad5][38;5;-6m[AndroidUiautomator2Driver@3578] Proxying [GET /appium/device/pixel_ratio] to [GET http://127.0.0.1:8200/session/49dd171a-8965-4bd0-b86f-c994247896f8/appium/device/pixel_ratio] with no body
2026-06-18 06:35:49:327 [75a50ad5][38;5;-6m[AndroidUiautomator2Driver@3578] Proxying [GET /appium/device/system_bars] to [GET http://127.0.0.1:8200/session/49dd171a-8965-4bd0-b86f-c994247896f8/appium/device/system_bars] with no body
2026-06-18 06:35:49:331 [75a50ad5][38;5;-6m[AndroidUiautomator2Driver@3578] Proxying [GET /window/current/size] to [GET http://127.0.0.1:8200/session/49dd171a-8965-4bd0-b86f-c994247896f8/window/current/size] with no body
2026-06-18 06:35:49:335 [75a50ad5][38;5;-6m[AndroidUiautomator2Driver@3578] Proxying [GET /appium/device/info] to [GET http://127.0.0.1:8200/session/49dd171a-8965-4bd0-b86f-c994247896f8/appium/device/info] with no body
2026-06-18 06:35:49:337 [75a50ad5][ADB] Running '/usr/local/lib/android/sdk/platform-tools/adb -P 5037 -s emulator-5554 shell dumpsys window'
2026-06-18 06:35:49:345 [75a50ad5][ADB] Running '/usr/local/lib/android/sdk/platform-tools/adb -P 5037 -s emulator-5554 shell dumpsys power'
2026-06-18 06:35:49:366 [75a50ad5][38;5;-6m[AndroidUiautomator2Driver@3578] Got response with status 200: {"sessionId":"49dd171a-8965-4bd0-b86f-c994247896f8","value":1}
2026-06-18 06:35:49:377 [75a50ad5][38;5;-6m[AndroidUiautomator2Driver@3578] Got response with status 200: {"sessionId":"49dd171a-8965-4bd0-b86f-c994247896f8","value":{"height":640,"width":320}}
2026-06-18 06:35:49:446 [75a50ad5][38;5;-6m[AndroidUiautomator2Driver@3578] Got response with status 200: {"sessionId":"49dd171a-8965-4bd0-b86f-c994247896f8","value":{"statusBar":24}}
2026-06-18 06:35:49:501 [75a50ad5][38;5;-6m[AndroidUiautomator2Driver@3578] Got response with status 200: {"sessionId":"49dd171a-8965-4bd0-b86f-c994247896f8","value":{"androidId":"b38c7f6ca0e5cf94","apiVersion":"34","bluetooth":{"state":"ON"},"brand":"google","carrierName":"T-Mobile","displayDensity":160,"locale":"en_US","manufacturer":"Google","model":"sdk_gphone64_x86_64","networks":[{"capabilities":{"SSID":null,"linkDownBandwidthKbps":30000,"linkUpstreamBandwidthKbps":12000,"networkCapabilities":"NET_CAPABILITY_NOT_METERED,NET_CAPABILITY_INTERNET,NET_CAPABILITY_NOT_RESTRICTED,NET_CAPABILITY_TRUSTED,NET_CAPABILITY_NOT_VPN,NET_CAPABILITY_VALIDATED,NET_CAPABILITY_NOT_ROAMING,NET_CAPABILITY_FOREGROUND,NET_CAPABILITY_NOT_CONGESTED,NET_CAPABILITY_NOT_SUSPENDED","signalStrength":-50,"transportTypes":"TRANSPORT_WIFI"},"detailedState":"CONNECTED","extraInfo":"","isAvailable":true,"isConnected":true,"isFailover":false,"isRoaming":false,"state":"CONNECTED","subtype":-1,"subtypeName":"","type":1,"typeName":"WIFI"},{"capabilities":{"SSID":null,"linkDownBandwidthKbps":14,"linkUpstreamBandwidthKbps":14,"networkCapabilities"…
2026-06-18 06:35:49:671 [75a50ad5][38;5;-6m[AndroidUiautomator2Driver@3578] Screen already unlocked, doing nothing
2026-06-18 06:35:49:672 [75a50ad5][38;5;-6m[AndroidUiautomator2Driver@3578] Starting 'com.example.smartcivicgovernance/com.example.smartcivicgovernance.SplashActivityand waiting for 'com.example.smartcivicgovernance/com.example.smartcivicgovernance.SplashActivity'
2026-06-18 06:35:49:672 [75a50ad5][ADB] Getting IDs of all 'com.example.smartcivicgovernance' processes
2026-06-18 06:35:49:672 [75a50ad5][ADB] Running '/usr/local/lib/android/sdk/platform-tools/adb -P 5037 -s emulator-5554 shell ps --help'
2026-06-18 06:35:49:737 [75a50ad5][ADB] Running '/usr/local/lib/android/sdk/platform-tools/adb -P 5037 -s emulator-5554 shell ps -A'
2026-06-18 06:35:50:023 [75a50ad5][ADB] Running '/usr/local/lib/android/sdk/platform-tools/adb -P 5037 -s emulator-5554 shell am start-activity -W -n com.example.smartcivicgovernance/com.example.smartcivicgovernance.SplashActivity -S -a android.intent.action.MAIN -c android.intent.category.LAUNCHER -f 0x10200000'
2026-06-18 06:35:50:337 [75a50ad5][ADB] We tried to start an activity that doesn't exist, retrying with '.com.example.smartcivicgovernance.SplashActivity' activity name
2026-06-18 06:35:50:337 [75a50ad5][ADB] Running '/usr/local/lib/android/sdk/platform-tools/adb -P 5037 -s emulator-5554 shell am start-activity -W -n com.example.smartcivicgovernance/.com.example.smartcivicgovernance.SplashActivity -S -a android.intent.action.MAIN -c android.intent.category.LAUNCHER -f 0x10200000'
2026-06-18 06:35:50:654 [75a50ad5][BaseDriver] Unsubscribing 3578f3ea-e395-43d2-951f-339158d5c53b from topic 'uiautomator2:sessionUdidClaimed'
2026-06-18 06:35:50:654 [75a50ad5][38;5;-6m[AndroidUiautomator2Driver@3578] Deleting UiAutomator2 session
2026-06-18 06:35:50:655 [75a50ad5][38;5;-6m[AndroidUiautomator2Driver@3578] Deleting UiAutomator2 server session
2026-06-18 06:35:50:655 [75a50ad5][38;5;-6m[AndroidUiautomator2Driver@3578] Proxying [DELETE /] to [DELETE http://127.0.0.1:8200/session/49dd171a-8965-4bd0-b86f-c994247896f8] with no body
2026-06-18 06:35:50:666 [75a50ad5][38;5;-6m[AndroidUiautomator2Driver@3578] Got response with status 200: {"sessionId":"49dd171a-8965-4bd0-b86f-c994247896f8","value":null}
2026-06-18 06:35:50:667 [75a50ad5][ADB] Getting IDs of all 'io.appium.uiautomator2.server' processes
2026-06-18 06:35:50:667 [75a50ad5][ADB] Running '/usr/local/lib/android/sdk/platform-tools/adb -P 5037 -s emulator-5554 shell ps -A'
2026-06-18 06:35:50:845 [75a50ad5][38;5;-6m[AndroidUiautomator2Driver@3578] [Instrumentation] io.appium.uiautomator2.server.test.AppiumUiAutomator2Server:.
2026-06-18 06:35:50:845 [75a50ad5][38;5;-6m[AndroidUiautomator2Driver@3578] [Instrumentation] 
2026-06-18 06:35:50:846 [75a50ad5][38;5;-6m[AndroidUiautomator2Driver@3578] [Instrumentation] Time: 3.103
2026-06-18 06:35:50:846 [75a50ad5][38;5;-6m[AndroidUiautomator2Driver@3578] [Instrumentation] 
2026-06-18 06:35:50:846 [75a50ad5][38;5;-6m[AndroidUiautomator2Driver@3578] [Instrumentation] OK (1 test)
2026-06-18 06:35:50:846 [75a50ad5][38;5;-6m[AndroidUiautomator2Driver@3578] [Instrumentation] 
2026-06-18 06:35:50:846 [75a50ad5][38;5;-6m[AndroidUiautomator2Driver@3578] [Instrumentation] 
2026-06-18 06:35:50:864 [75a50ad5][38;5;-6m[AndroidUiautomator2Driver@3578] [Instrumentation] The process has exited with code 0, signal null
2026-06-18 06:35:51:001 [75a50ad5][ADB] Running '/usr/local/lib/android/sdk/platform-tools/adb -P 5037 -s emulator-5554 shell am force-stop io.appium.uiautomator2.server'
2026-06-18 06:35:51:004 [75a50ad5][ADB] Running '/usr/local/lib/android/sdk/platform-tools/adb -P 5037 -s emulator-5554 shell am force-stop io.appium.uiautomator2.server.test'
2026-06-18 06:35:51:121 [75a50ad5][ADB] Running '/usr/local/lib/android/sdk/platform-tools/adb -P 5037 -s emulator-5554 shell dumpsys activity services io.appium.settings/.recorder.RecorderService'
2026-06-18 06:35:51:153 [75a50ad5][ADB] Removing forwarded port socket connection: 8200 
2026-06-18 06:35:51:153 [75a50ad5][ADB] Running '/usr/local/lib/android/sdk/platform-tools/adb -P 5037 -s emulator-5554 forward --remove tcp:8200'
2026-06-18 06:35:51:162 [75a50ad5][38;5;-6m[AndroidUiautomator2Driver@3578] Restoring hidden api policy to the device default configuration
2026-06-18 06:35:51:163 [75a50ad5][ADB] Running '/usr/local/lib/android/sdk/platform-tools/adb -P 5037 -s emulator-5554 shell 'settings delete global hidden_api_policy_pre_p_apps;settings delete global hidden_api_policy_p_apps;settings delete global hidden_api_policy''
2026-06-18 06:35:51:319 [75a50ad5][Logcat] Stopping logcat capture
2026-06-18 06:35:51:321 [75a50ad5][AppiumDriver@be13] Event 'newSessionStarted' logged at 1781764551321 (06:35:51 GMT+0000 (Coordinated Universal Time))
2026-06-18 06:35:51:321 [75a50ad5][AppiumDriver@be13] Encountered internal error running command: Error: Cannot start the 'com.example.smartcivicgovernance' application. Consider checking the driver's troubleshooting documentation. Original error: Cannot start the 'com.example.smartcivicgovernance' application. Consider checking the driver's troubleshooting documentation. Original error: Activity name '.com.example.smartcivicgovernance.SplashActivity' used to start the app doesn't exist or cannot be launched! Make sure it exists and is a launchable activity
    at ADB.startApp (/home/runner/.appium/node_modules/appium-uiautomator2-driver/node_modules/appium-adb/build/lib/tools/app-commands.js:612:15)
    at process.processTicksAndRejections (node:internal/process/task_queues:103:5)
    at async AndroidUiautomator2Driver.ensureAppStarts (/home/runner/.appium/node_modules/appium-uiautomator2-driver/build/lib/commands/aut.js:106:5)
    at async AndroidUiautomator2Driver.performPostExecSetup [as performSessionPostExecSetup] (/home/runner/.appium/node_modules/appium-uiautomator2-driver/build/lib/uiautomator2-server/session.js:202:9)
    at async AndroidUiautomator2Driver.startSession [as startUiAutomator2Session] (/home/runner/.appium/node_modules/appium-uiautomator2-driver/build/lib/uiautomator2-server/session.js:260:5)
    at async AndroidUiautomator2Driver.createSession (/home/runner/.appium/node_modules/appium-uiautomator2-driver/build/lib/driver.js:301:28)
    at async AppiumDriver.createSession (/usr/local/lib/node_modules/appium/build/lib/appium.js:271:44)
    at async runCommandPromise (/usr/local/lib/node_modules/appium/node_modules/@appium/base-driver/build/lib/basedriver/driver.js:119:24)
    at async AppiumDriver.executeCommand (/usr/local/lib/node_modules/appium/node_modules/@appium/base-driver/build/lib/basedriver/driver.js:162:15)
    at async defaultBehavior (/usr/local/lib/node_modules/appium/build/lib/appium.js:582:24)
    at async AppiumDriver.executeWrappedCommand (/usr/local/lib/node_modules/appium/build/lib/appium.js:694:22)
    at async AppiumDriver.executeCommand (/usr/local/lib/node_modules/appium/build/lib/appium.js:598:21)
    at async asyncHandler (/usr/local/lib/node_modules/appium/node_modules/@appium/base-driver/build/lib/protocol/protocol.js:401:25)
2026-06-18 06:35:51:329 [HTTP] <-- POST /session 500 11200 ms - 3607
2026-06-18 06:35:59:959 [Appium] Received SIGTERM - shutting down
