2026-06-18 08:11:49:857 [Appium] Welcome to Appium v3.5.1
2026-06-18 08:11:49:860 [Appium] The autodetected Appium home path: /home/runner/.appium
2026-06-18 08:11:49:861 [Appium] Attempting to load driver uiautomator2...
2026-06-18 08:11:49:863 [Appium] Requiring driver at /home/runner/.appium/node_modules/appium-uiautomator2-driver/build/lib/index.js
2026-06-18 08:11:50:386 [Appium] AndroidUiautomator2Driver has been successfully loaded in 0.525s
2026-06-18 08:11:50:416 [Appium] Appium REST http interface listener started on http://0.0.0.0:4723
2026-06-18 08:11:50:419 [Appium] You can provide the following URLs in your client code to connect to this server:
	http://127.0.0.1:4723/ (only accessible from the same host)
	http://10.1.0.147:4723/
2026-06-18 08:11:50:420 [Appium] Available drivers:
2026-06-18 08:11:50:423 [Appium]   - uiautomator2@7.6.1 (automationName 'UiAutomator2')
2026-06-18 08:11:50:424 [Appium] No plugins have been installed. Use the "appium plugin" command to install the one(s) you want to use.
2026-06-18 08:12:09:687 [HTTP] Request idempotency key: c780502e-f74c-4ef7-a5c4-6c94d00f2b68
2026-06-18 08:12:09:701 [HTTP] --> POST /session {"capabilities":{"firstMatch":[{}],"alwaysMatch":{"platformName":"Android","appium:automationName":"UiAutomator2","appium:deviceName":"Android Emulator","appium:appPackage":"com.example.smartcivicgovernance","appium:appActivity":"com.example.smartcivicgovernance.SplashActivity","appium:noReset":true}}}
2026-06-18 08:12:09:703 [AppiumDriver@556e] Calling AppiumDriver.createSession() with args: [{"firstMatch":[{}],"alwaysMatch":{"platformName":"Android","appium:automationName":"UiAutomator2","appium:deviceName":"Android Emulator","appium:appPackage":"com.example.smartcivicgovernance","appium:appActivity":"com.example.smartcivicgovernance.SplashActivity","appium:noReset":true}},{"firstMatch":[{}],"alwaysMatch":{"platformName":"Android","appium:automationName":"UiAutomator2","appium:deviceName":"Android Emulator","appium:appPackage":"com.example.smartcivicgovernance","appium:appActivity":"com.example.smartcivicgovernance.SplashActivity","appium:noReset":true}},{"firstMatch":[{}],"alwaysMatch":{"platformName":"Android","appium:automationName":"UiAutomator2","appium:deviceName":"Android Emulator","appium:appPackage":"com.example.smartcivicgovernance","appium:appActivity":"com.example.smartcivicgovernance.SplashActivity","appium:noReset":true}}]
2026-06-18 08:12:09:704 [AppiumDriver@556e] Event 'newSessionRequested' logged at 1781770329704 (08:12:09 GMT+0000 (Coordinated Universal Time))
2026-06-18 08:12:09:709 [Appium] Attempting to find matching driver for automationName 'UiAutomator2' and platformName 'Android'
2026-06-18 08:12:09:709 [Appium] The 'uiautomator2' driver was installed and matched caps.
2026-06-18 08:12:09:710 [Appium] Will require it at /home/runner/.appium/node_modules/appium-uiautomator2-driver
2026-06-18 08:12:09:712 [Appium] Requiring driver at /home/runner/.appium/node_modules/appium-uiautomator2-driver/build/lib/index.js
2026-06-18 08:12:09:713 [AppiumDriver@556e] Appium v3.5.1 creating new AndroidUiautomator2Driver (v7.6.1) session
2026-06-18 08:12:09:713 [AppiumDriver@556e] Checking BaseDriver versions for Appium and AndroidUiautomator2Driver
2026-06-18 08:12:09:714 [AppiumDriver@556e] Appium's BaseDriver version is 10.7.0
2026-06-18 08:12:09:714 [AppiumDriver@556e] AndroidUiautomator2Driver's BaseDriver version is 10.7.0
2026-06-18 08:12:09:722 [38;5;-64m[AndroidUiautomator2Driver@5ac4] 
2026-06-18 08:12:09:723 [38;5;-64m[AndroidUiautomator2Driver@5ac4] Creating session with W3C capabilities: {
  "alwaysMatch": {
    "platformName": "Android",
    "appium:automationName": "UiAutomator2",
    "appium:deviceName": "Android Emulator",
    "appium:appPackage": "com.example.smartcivicgovernance",
    "appium:appActivity": "com.example.smartcivicgovernance.SplashActivity",
    "appium:noReset": true
  },
  "firstMatch": [
    {}
  ]
}
2026-06-18 08:12:09:729 [7ea4b0ab][38;5;-64m[AndroidUiautomator2Driver@5ac4] Session created with session id: 7ea4b0ab-4235-4c61-8e55-a38222c5d22e
2026-06-18 08:12:09:742 [7ea4b0ab][ADB] Found 6 'build-tools' folders under '/usr/local/lib/android/sdk' (newest first):
2026-06-18 08:12:09:743 [7ea4b0ab][ADB]     /usr/local/lib/android/sdk/build-tools/37.0.0
2026-06-18 08:12:09:743 [7ea4b0ab][ADB]     /usr/local/lib/android/sdk/build-tools/36.1.0
2026-06-18 08:12:09:743 [7ea4b0ab][ADB]     /usr/local/lib/android/sdk/build-tools/36.0.0
2026-06-18 08:12:09:743 [7ea4b0ab][ADB]     /usr/local/lib/android/sdk/build-tools/35.0.1
2026-06-18 08:12:09:744 [7ea4b0ab][ADB]     /usr/local/lib/android/sdk/build-tools/35.0.0
2026-06-18 08:12:09:744 [7ea4b0ab][ADB]     /usr/local/lib/android/sdk/build-tools/34.0.0
2026-06-18 08:12:09:745 [7ea4b0ab][ADB] Using 'adb' from '/usr/local/lib/android/sdk/platform-tools/adb'
2026-06-18 08:12:09:745 [7ea4b0ab][ADB] Running '/usr/local/lib/android/sdk/platform-tools/adb -P 5037 start-server'
2026-06-18 08:12:09:756 [7ea4b0ab][38;5;-64m[AndroidUiautomator2Driver@5ac4] Retrieving device list
2026-06-18 08:12:09:757 [7ea4b0ab][ADB] Trying to find connected Android devices
2026-06-18 08:12:09:758 [7ea4b0ab][ADB] Getting connected devices
2026-06-18 08:12:09:765 [7ea4b0ab][ADB] Connected devices: [{"udid":"emulator-5554","state":"device"}]
2026-06-18 08:12:09:766 [7ea4b0ab][38;5;-64m[AndroidUiautomator2Driver@5ac4] Using device: emulator-5554
2026-06-18 08:12:09:772 [7ea4b0ab][BaseDriver] Initialized new IPC object with max object size of 1048576 bytes and max topics of 1000
2026-06-18 08:12:09:773 [7ea4b0ab][BaseDriver] Subscribing 5ac47597-64c8-4dad-b1f9-9abb97c7fe04 to topic 'uiautomator2:sessionUdidClaimed'
2026-06-18 08:12:09:773 [7ea4b0ab][BaseDriver] Subscribing 5ac47597-64c8-4dad-b1f9-9abb97c7fe04 to topic 'uiautomator2:sessionUdidContended'
2026-06-18 08:12:09:773 [7ea4b0ab][BaseDriver] Subscribing 5ac47597-64c8-4dad-b1f9-9abb97c7fe04 to topic 'uiautomator2:sessionUdidReleased'
2026-06-18 08:12:09:775 [7ea4b0ab][BaseDriver] 5ac47597-64c8-4dad-b1f9-9abb97c7fe04 is publishing a message to topic uiautomator2:sessionUdidClaimed
2026-06-18 08:12:09:787 [7ea4b0ab][BaseDriver] Unsubscribing 5ac47597-64c8-4dad-b1f9-9abb97c7fe04 from topic 'uiautomator2:sessionUdidContended'
2026-06-18 08:12:09:788 [7ea4b0ab][BaseDriver] Unsubscribing 5ac47597-64c8-4dad-b1f9-9abb97c7fe04 from topic 'uiautomator2:sessionUdidReleased'
2026-06-18 08:12:09:790 [7ea4b0ab][ADB] Using 'adb' from '/usr/local/lib/android/sdk/platform-tools/adb'
2026-06-18 08:12:09:790 [7ea4b0ab][ADB] Running '/usr/local/lib/android/sdk/platform-tools/adb -P 5037 start-server'
2026-06-18 08:12:09:800 [7ea4b0ab][ADB] Setting device id to emulator-5554
2026-06-18 08:12:09:801 [7ea4b0ab][38;5;-64m[AndroidUiautomator2Driver@5ac4] Starting 'com.example.smartcivicgovernance' directly on the device
2026-06-18 08:12:09:802 [7ea4b0ab][ADB] Running '/usr/local/lib/android/sdk/platform-tools/adb -P 5037 -s emulator-5554 shell getprop ro.build.version.sdk'
2026-06-18 08:12:09:935 [7ea4b0ab][ADB] Current device property 'ro.build.version.sdk': 34
2026-06-18 08:12:09:936 [7ea4b0ab][ADB] Getting device platform version
2026-06-18 08:12:09:936 [7ea4b0ab][ADB] Running '/usr/local/lib/android/sdk/platform-tools/adb -P 5037 -s emulator-5554 shell getprop ro.build.version.release'
2026-06-18 08:12:10:003 [7ea4b0ab][ADB] Current device property 'ro.build.version.release': 14
2026-06-18 08:12:10:004 [7ea4b0ab][ADB] Device API level: 34
2026-06-18 08:12:10:004 [7ea4b0ab][38;5;-64m[AndroidUiautomator2Driver@5ac4] Relaxing hidden api policy
2026-06-18 08:12:10:004 [7ea4b0ab][ADB] Running '/usr/local/lib/android/sdk/platform-tools/adb -P 5037 -s emulator-5554 shell 'settings put global hidden_api_policy_pre_p_apps 1;settings put global hidden_api_policy_p_apps 1;settings put global hidden_api_policy 1''
2026-06-18 08:12:10:010 [7ea4b0ab][ADB] Running '/usr/local/lib/android/sdk/platform-tools/adb -P 5037 -s emulator-5554 wait-for-device'
2026-06-18 08:12:10:019 [7ea4b0ab][ADB] Running '/usr/local/lib/android/sdk/platform-tools/adb -P 5037 -s emulator-5554 shell echo ping'
2026-06-18 08:12:10:045 [7ea4b0ab][38;5;-64m[AndroidUiautomator2Driver@5ac4] Pushing settings apk to the device...
2026-06-18 08:12:10:047 [7ea4b0ab][ADB] Getting package info for 'io.appium.settings'
2026-06-18 08:12:10:047 [7ea4b0ab][ADB] Running '/usr/local/lib/android/sdk/platform-tools/adb -P 5037 -s emulator-5554 shell dumpsys package io.appium.settings'
2026-06-18 08:12:10:167 [7ea4b0ab][ADB] App '/home/runner/.appium/node_modules/appium-uiautomator2-driver/node_modules/io.appium.settings/apks/settings_apk-debug.apk' is not installed
2026-06-18 08:12:10:167 [7ea4b0ab][ADB] Installing '/home/runner/.appium/node_modules/appium-uiautomator2-driver/node_modules/io.appium.settings/apks/settings_apk-debug.apk'
2026-06-18 08:12:10:168 [7ea4b0ab][ADB] Running '/usr/local/lib/android/sdk/platform-tools/adb -P 5037 -s emulator-5554 install -g /home/runner/.appium/node_modules/appium-uiautomator2-driver/node_modules/io.appium.settings/apks/settings_apk-debug.apk'
2026-06-18 08:12:11:677 [7ea4b0ab][ADB] The installation of 'settings_apk-debug.apk' took 1509ms
2026-06-18 08:12:11:678 [7ea4b0ab][ADB] Install command stdout: Performing Streamed Install
Success
2026-06-18 08:12:11:678 [7ea4b0ab][ADB] Running '/usr/local/lib/android/sdk/platform-tools/adb -P 5037 -s emulator-5554 shell dumpsys activity services io.appium.settings'
2026-06-18 08:12:11:818 [7ea4b0ab][ADB] Running '/usr/local/lib/android/sdk/platform-tools/adb -P 5037 -s emulator-5554 shell cmd notification allow_listener io.appium.settings/.NLService'
2026-06-18 08:12:11:822 [7ea4b0ab][ADB] Running '/usr/local/lib/android/sdk/platform-tools/adb -P 5037 -s emulator-5554 shell appops set io.appium.settings PROJECT_MEDIA allow'
2026-06-18 08:12:11:961 [7ea4b0ab][ADB] Running '/usr/local/lib/android/sdk/platform-tools/adb -P 5037 -s emulator-5554 shell dumpsys activity services io.appium.settings'
2026-06-18 08:12:12:045 [7ea4b0ab][SettingsApp] Starting Appium Settings app
2026-06-18 08:12:12:046 [7ea4b0ab][ADB] Running '/usr/local/lib/android/sdk/platform-tools/adb -P 5037 -s emulator-5554 shell am start-activity -n io.appium.settings/.Settings -a android.intent.action.MAIN -c android.intent.category.LAUNCHER'
2026-06-18 08:12:12:159 [7ea4b0ab][ADB] Running '/usr/local/lib/android/sdk/platform-tools/adb -P 5037 -s emulator-5554 shell dumpsys activity services io.appium.settings'
2026-06-18 08:12:12:615 [7ea4b0ab][ADB] Running '/usr/local/lib/android/sdk/platform-tools/adb -P 5037 -s emulator-5554 shell dumpsys activity services io.appium.settings'
2026-06-18 08:12:12:972 [7ea4b0ab][ADB] Running '/usr/local/lib/android/sdk/platform-tools/adb -P 5037 -s emulator-5554 shell dumpsys activity services io.appium.settings'
2026-06-18 08:12:13:407 [7ea4b0ab][ADB] Running '/usr/local/lib/android/sdk/platform-tools/adb -P 5037 -s emulator-5554 shell dumpsys activity services io.appium.settings'
2026-06-18 08:12:13:487 [7ea4b0ab][Logcat] Starting logs capture with command: /usr/local/lib/android/sdk/platform-tools/adb -P 5037 -s emulator-5554 logcat -v threadtime
2026-06-18 08:12:13:584 [7ea4b0ab][38;5;-64m[AndroidUiautomator2Driver@5ac4] Forwarding UiAutomator2 Server port 6790 to local port 8200
2026-06-18 08:12:13:587 [7ea4b0ab][ADB] Forwarding system: 8200 to device: 6790
2026-06-18 08:12:13:587 [7ea4b0ab][ADB] Running '/usr/local/lib/android/sdk/platform-tools/adb -P 5037 -s emulator-5554 forward tcp:8200 tcp:6790'
2026-06-18 08:12:13:615 [7ea4b0ab][38;5;-64m[AndroidUiautomator2Driver@5ac4] UIA2Proxy options: {"scheme":"http","server":"127.0.0.1","port":8200,"base":"","reqBasePath":"","sessionId":null,"timeout":240000,"keepAlive":true}
2026-06-18 08:12:13:615 [7ea4b0ab][ADB] Getting package info for 'io.appium.uiautomator2.server'
2026-06-18 08:12:13:615 [7ea4b0ab][ADB] Running '/usr/local/lib/android/sdk/platform-tools/adb -P 5037 -s emulator-5554 shell dumpsys package io.appium.uiautomator2.server'
2026-06-18 08:12:13:622 [7ea4b0ab][ADB] Getting install status for io.appium.uiautomator2.server.test
2026-06-18 08:12:13:622 [7ea4b0ab][38;5;-64m[AndroidUiautomator2Driver@5ac4] No app capability. Assuming it is already on the device
2026-06-18 08:12:13:623 [7ea4b0ab][ADB] Running '/usr/local/lib/android/sdk/platform-tools/adb -P 5037 -s emulator-5554 shell cmd package list packages --show-versioncode'
2026-06-18 08:12:13:739 [7ea4b0ab][ADB] App '/home/runner/.appium/node_modules/appium-uiautomator2-driver/node_modules/appium-uiautomator2-server/apks/appium-uiautomator2-server-v10.2.1.apk' is not installed
2026-06-18 08:12:13:774 [7ea4b0ab][ADB] 'io.appium.uiautomator2.server.test' is not installed
2026-06-18 08:12:13:774 [7ea4b0ab][38;5;-64m[AndroidUiautomator2Driver@5ac4] Server packages status: [{"installState":"notInstalled","appPath":"/home/runner/.appium/node_modules/appium-uiautomator2-driver/node_modules/appium-uiautomator2-server/apks/appium-uiautomator2-server-v10.2.1.apk","appId":"io.appium.uiautomator2.server"},{"installState":"notInstalled","appPath":"/home/runner/.appium/node_modules/appium-uiautomator2-driver/node_modules/appium-uiautomator2-server/apks/appium-uiautomator2-server-debug-androidTest.apk","appId":"io.appium.uiautomator2.server.test"}]
2026-06-18 08:12:13:774 [7ea4b0ab][38;5;-64m[AndroidUiautomator2Driver@5ac4] Server packages are going to be (re)installed
2026-06-18 08:12:13:776 [7ea4b0ab][ADB] Running '/usr/local/lib/android/sdk/platform-tools/adb -P 5037 -s emulator-5554 version'
2026-06-18 08:12:13:795 [7ea4b0ab][ADB] Running '/usr/local/lib/android/sdk/platform-tools/adb -P 5037 -s emulator-5554 features'
2026-06-18 08:12:13:803 [7ea4b0ab][ADB] Running '/usr/local/lib/android/sdk/platform-tools/adb -P 5037 -s emulator-5554 install -r --no-incremental /home/runner/.appium/node_modules/appium-uiautomator2-driver/node_modules/appium-uiautomator2-server/apks/appium-uiautomator2-server-v10.2.1.apk'
2026-06-18 08:12:13:809 [7ea4b0ab][ADB] Running '/usr/local/lib/android/sdk/platform-tools/adb -P 5037 -s emulator-5554 install -r --no-incremental /home/runner/.appium/node_modules/appium-uiautomator2-driver/node_modules/appium-uiautomator2-server/apks/appium-uiautomator2-server-debug-androidTest.apk'
2026-06-18 08:12:14:916 [7ea4b0ab][ADB] The installation of 'appium-uiautomator2-server-debug-androidTest.apk' took 1109ms
2026-06-18 08:12:14:916 [7ea4b0ab][ADB] Install command stdout: Performing Streamed Install
Success
2026-06-18 08:12:17:132 [7ea4b0ab][ADB] The installation of 'appium-uiautomator2-server-v10.2.1.apk' took 3329ms
2026-06-18 08:12:17:132 [7ea4b0ab][ADB] Install command stdout: Performing Streamed Install
Success
2026-06-18 08:12:17:132 [7ea4b0ab][38;5;-64m[AndroidUiautomator2Driver@5ac4] Waiting up to 30000ms for services to be available
2026-06-18 08:12:17:133 [7ea4b0ab][ADB] Running '/usr/local/lib/android/sdk/platform-tools/adb -P 5037 -s emulator-5554 shell pm list instrumentation'
2026-06-18 08:12:17:235 [7ea4b0ab][38;5;-64m[AndroidUiautomator2Driver@5ac4] Instrumentation target 'io.appium.uiautomator2.server.test/androidx.test.runner.AndroidJUnitRunner' is available
2026-06-18 08:12:17:239 [7ea4b0ab][ADB] Adding packages ["io.appium.settings","io.appium.uiautomator2.server","io.appium.uiautomator2.server.test"] to Doze whitelist
2026-06-18 08:12:17:239 [7ea4b0ab][ADB] Got the following command chunks to execute: [["dumpsys","deviceidle","whitelist","+io.appium.settings",";","dumpsys","deviceidle","whitelist","+io.appium.uiautomator2.server",";","dumpsys","deviceidle","whitelist","+io.appium.uiautomator2.server.test",";"]]
2026-06-18 08:12:17:239 [7ea4b0ab][ADB] Running '/usr/local/lib/android/sdk/platform-tools/adb -P 5037 -s emulator-5554 shell dumpsys deviceidle whitelist +io.appium.settings ; dumpsys deviceidle whitelist +io.appium.uiautomator2.server ; dumpsys deviceidle whitelist +io.appium.uiautomator2.server.test ;'
2026-06-18 08:12:17:482 [7ea4b0ab][38;5;-64m[AndroidUiautomator2Driver@5ac4] Performing shallow cleanup of automation leftovers
2026-06-18 08:12:17:504 [7ea4b0ab][38;5;-64m[AndroidUiautomator2Driver@5ac4] No obsolete sessions have been detected (socket hang up)
2026-06-18 08:12:17:505 [7ea4b0ab][ADB] Running '/usr/local/lib/android/sdk/platform-tools/adb -P 5037 -s emulator-5554 shell am force-stop io.appium.uiautomator2.server'
2026-06-18 08:12:17:510 [7ea4b0ab][ADB] Running '/usr/local/lib/android/sdk/platform-tools/adb -P 5037 -s emulator-5554 shell am force-stop io.appium.uiautomator2.server.test'
2026-06-18 08:12:17:640 [7ea4b0ab][38;5;-64m[AndroidUiautomator2Driver@5ac4] Starting UIAutomator2 server 10.2.1
2026-06-18 08:12:17:641 [7ea4b0ab][38;5;-64m[AndroidUiautomator2Driver@5ac4] Using UIAutomator2 server from '/home/runner/.appium/node_modules/appium-uiautomator2-driver/node_modules/appium-uiautomator2-server/apks/appium-uiautomator2-server-v10.2.1.apk' and test from '/home/runner/.appium/node_modules/appium-uiautomator2-driver/node_modules/appium-uiautomator2-server/apks/appium-uiautomator2-server-debug-androidTest.apk'
2026-06-18 08:12:17:641 [7ea4b0ab][38;5;-64m[AndroidUiautomator2Driver@5ac4] Waiting up to 30000ms for UiAutomator2 to be online...
2026-06-18 08:12:17:641 [7ea4b0ab][ADB] Creating ADB subprocess with args: ["-P","5037","-s","emulator-5554","shell","am","instrument","-w","-e","disableAnalytics","true","io.appium.uiautomator2.server.test/androidx.test.runner.AndroidJUnitRunner"]
2026-06-18 08:12:17:652 [7ea4b0ab][38;5;-64m[AndroidUiautomator2Driver@5ac4] Matched '/status' to command name 'getStatus'
2026-06-18 08:12:17:655 [7ea4b0ab][38;5;-64m[AndroidUiautomator2Driver@5ac4] Proxying [GET /status] to [GET http://127.0.0.1:8200/status] with no body
2026-06-18 08:12:17:678 [7ea4b0ab][38;5;-64m[AndroidUiautomator2Driver@5ac4] socket hang up
2026-06-18 08:12:18:680 [7ea4b0ab][38;5;-64m[AndroidUiautomator2Driver@5ac4] Matched '/status' to command name 'getStatus'
2026-06-18 08:12:18:681 [7ea4b0ab][38;5;-64m[AndroidUiautomator2Driver@5ac4] Proxying [GET /status] to [GET http://127.0.0.1:8200/status] with no body
2026-06-18 08:12:18:687 [7ea4b0ab][38;5;-64m[AndroidUiautomator2Driver@5ac4] socket hang up
2026-06-18 08:12:19:689 [7ea4b0ab][38;5;-64m[AndroidUiautomator2Driver@5ac4] Matched '/status' to command name 'getStatus'
2026-06-18 08:12:19:690 [7ea4b0ab][38;5;-64m[AndroidUiautomator2Driver@5ac4] Proxying [GET /status] to [GET http://127.0.0.1:8200/status] with no body
2026-06-18 08:12:19:694 [7ea4b0ab][38;5;-64m[AndroidUiautomator2Driver@5ac4] socket hang up
2026-06-18 08:12:20:695 [7ea4b0ab][38;5;-64m[AndroidUiautomator2Driver@5ac4] Matched '/status' to command name 'getStatus'
2026-06-18 08:12:20:696 [7ea4b0ab][38;5;-64m[AndroidUiautomator2Driver@5ac4] Proxying [GET /status] to [GET http://127.0.0.1:8200/status] with no body
2026-06-18 08:12:20:700 [7ea4b0ab][38;5;-64m[AndroidUiautomator2Driver@5ac4] socket hang up
2026-06-18 08:12:21:394 [7ea4b0ab][38;5;-64m[AndroidUiautomator2Driver@5ac4] [Instrumentation] 
2026-06-18 08:12:21:703 [7ea4b0ab][38;5;-64m[AndroidUiautomator2Driver@5ac4] Matched '/status' to command name 'getStatus'
2026-06-18 08:12:21:704 [7ea4b0ab][38;5;-64m[AndroidUiautomator2Driver@5ac4] Proxying [GET /status] to [GET http://127.0.0.1:8200/status] with no body
2026-06-18 08:12:21:709 [7ea4b0ab][38;5;-64m[AndroidUiautomator2Driver@5ac4] socket hang up
2026-06-18 08:12:22:710 [7ea4b0ab][38;5;-64m[AndroidUiautomator2Driver@5ac4] Matched '/status' to command name 'getStatus'
2026-06-18 08:12:22:711 [7ea4b0ab][38;5;-64m[AndroidUiautomator2Driver@5ac4] Proxying [GET /status] to [GET http://127.0.0.1:8200/status] with no body
2026-06-18 08:12:22:715 [7ea4b0ab][38;5;-64m[AndroidUiautomator2Driver@5ac4] [Instrumentation] s_glBindAttribLocation: bind attrib 0 name position
2026-06-18 08:12:22:715 [7ea4b0ab][38;5;-64m[AndroidUiautomator2Driver@5ac4] [Instrumentation] s_glBindAttribLocation: bind attrib 1 name color
2026-06-18 08:12:22:716 [7ea4b0ab][38;5;-64m[AndroidUiautomator2Driver@5ac4] [Instrumentation] s_glBindAttribLocation: bind attrib 2 name localCoord
2026-06-18 08:12:22:786 [7ea4b0ab][38;5;-64m[AndroidUiautomator2Driver@5ac4] Got response with status 200: {"sessionId":"None","value":{"build":{"version":"10.2.1","versionCode":260},"message":"UiAutomator2 Server is ready to accept commands","ready":true}}
2026-06-18 08:12:22:787 [7ea4b0ab][38;5;-64m[AndroidUiautomator2Driver@5ac4] The initialization of the instrumentation process took 5146ms
2026-06-18 08:12:22:787 [7ea4b0ab][38;5;-64m[AndroidUiautomator2Driver@5ac4] Matched '/session' to command name 'createSession'
2026-06-18 08:12:22:787 [7ea4b0ab][38;5;-64m[AndroidUiautomator2Driver@5ac4] Proxying [POST /session] to [POST http://127.0.0.1:8200/session] with body: {"capabilities":{"firstMatch":[{"platformName":"Android","automationName":"UiAutomator2","deviceName":"emulator-5554","appPackage":"com.example.smartcivicgovernance","appActivity":"com.example.smartcivicgovernance.SplashActivity","noReset":true,"platform":"LINUX","webStorageEnabled":false,"takesScreenshot":true,"javascriptEnabled":true,"databaseEnabled":false,"networkConnectionEnabled":true,"locationContextEnabled":false,"warnings":{},"desired":{"platformName":"Android","automationName":"UiAutomator2","deviceName":"Android Emulator","appPackage":"com.example.smartcivicgovernance","appActivity":"com.example.smartcivicgovernance.SplashActivity","noReset":true},"deviceUDID":"emulator-5554"}],"alwaysMatch":{}}}
2026-06-18 08:12:22:852 [7ea4b0ab][38;5;-64m[AndroidUiautomator2Driver@5ac4] Got response with status 200: {"sessionId":"28d88dd6-d258-42c0-9b1a-296d163b9b8c","value":{"capabilities":{"firstMatch":[{"platformName":"Android","automationName":"UiAutomator2","deviceName":"emulator-5554","appPackage":"com.example.smartcivicgovernance","appActivity":"com.example.smartcivicgovernance.SplashActivity","noReset":true,"platform":"LINUX","webStorageEnabled":false,"takesScreenshot":true,"javascriptEnabled":true,"databaseEnabled":false,"networkConnectionEnabled":true,"locationContextEnabled":false,"warnings":{},"desired":{"platformName":"Android","automationName":"UiAutomator2","deviceName":"Android Emulator","appPackage":"com.example.smartcivicgovernance","appActivity":"com.example.smartcivicgovernance.SplashActivity","noReset":true},"deviceUDID":"emulator-5554"}],"alwaysMatch":{}},"sessionId":"28d88dd6-d258-42c0-9b1a-296d163b9b8c"}}
2026-06-18 08:12:22:853 [7ea4b0ab][38;5;-64m[AndroidUiautomator2Driver@5ac4] Determined the downstream protocol as 'W3C'
2026-06-18 08:12:22:870 [7ea4b0ab][38;5;-64m[AndroidUiautomator2Driver@5ac4] Proxying [GET /appium/device/pixel_ratio] to [GET http://127.0.0.1:8200/session/28d88dd6-d258-42c0-9b1a-296d163b9b8c/appium/device/pixel_ratio] with no body
2026-06-18 08:12:22:874 [7ea4b0ab][38;5;-64m[AndroidUiautomator2Driver@5ac4] Proxying [GET /appium/device/system_bars] to [GET http://127.0.0.1:8200/session/28d88dd6-d258-42c0-9b1a-296d163b9b8c/appium/device/system_bars] with no body
2026-06-18 08:12:22:878 [7ea4b0ab][38;5;-64m[AndroidUiautomator2Driver@5ac4] Proxying [GET /window/current/size] to [GET http://127.0.0.1:8200/session/28d88dd6-d258-42c0-9b1a-296d163b9b8c/window/current/size] with no body
2026-06-18 08:12:22:882 [7ea4b0ab][38;5;-64m[AndroidUiautomator2Driver@5ac4] Proxying [GET /appium/device/info] to [GET http://127.0.0.1:8200/session/28d88dd6-d258-42c0-9b1a-296d163b9b8c/appium/device/info] with no body
2026-06-18 08:12:22:883 [7ea4b0ab][ADB] Running '/usr/local/lib/android/sdk/platform-tools/adb -P 5037 -s emulator-5554 shell dumpsys window'
2026-06-18 08:12:22:888 [7ea4b0ab][ADB] Running '/usr/local/lib/android/sdk/platform-tools/adb -P 5037 -s emulator-5554 shell dumpsys power'
2026-06-18 08:12:22:958 [7ea4b0ab][38;5;-64m[AndroidUiautomator2Driver@5ac4] Got response with status 200: {"sessionId":"28d88dd6-d258-42c0-9b1a-296d163b9b8c","value":1}
2026-06-18 08:12:23:014 [7ea4b0ab][38;5;-64m[AndroidUiautomator2Driver@5ac4] Got response with status 200: {"sessionId":"28d88dd6-d258-42c0-9b1a-296d163b9b8c","value":{"androidId":"e6c57755df9d1077","apiVersion":"34","bluetooth":{"state":"ON"},"brand":"google","carrierName":"T-Mobile","displayDensity":160,"locale":"en_US","manufacturer":"Google","model":"sdk_gphone64_x86_64","networks":[{"capabilities":{"SSID":null,"linkDownBandwidthKbps":30000,"linkUpstreamBandwidthKbps":12000,"networkCapabilities":"NET_CAPABILITY_NOT_METERED,NET_CAPABILITY_INTERNET,NET_CAPABILITY_NOT_RESTRICTED,NET_CAPABILITY_TRUSTED,NET_CAPABILITY_NOT_VPN,NET_CAPABILITY_VALIDATED,NET_CAPABILITY_NOT_ROAMING,NET_CAPABILITY_FOREGROUND,NET_CAPABILITY_NOT_CONGESTED,NET_CAPABILITY_NOT_SUSPENDED","signalStrength":-50,"transportTypes":"TRANSPORT_WIFI"},"detailedState":"CONNECTED","extraInfo":"","isAvailable":true,"isConnected":true,"isFailover":false,"isRoaming":false,"state":"CONNECTED","subtype":-1,"subtypeName":"","type":1,"typeName":"WIFI"},{"capabilities":{"SSID":null,"linkDownBandwidthKbps":14,"linkUpstreamBandwidthKbps":14,"networkCapabilities"…
2026-06-18 08:12:23:092 [7ea4b0ab][38;5;-64m[AndroidUiautomator2Driver@5ac4] Got response with status 200: {"sessionId":"28d88dd6-d258-42c0-9b1a-296d163b9b8c","value":{"statusBar":24}}
2026-06-18 08:12:23:095 [7ea4b0ab][38;5;-64m[AndroidUiautomator2Driver@5ac4] Got response with status 200: {"sessionId":"28d88dd6-d258-42c0-9b1a-296d163b9b8c","value":{"height":640,"width":320}}
2026-06-18 08:12:23:158 [7ea4b0ab][38;5;-64m[AndroidUiautomator2Driver@5ac4] Screen already unlocked, doing nothing
2026-06-18 08:12:23:159 [7ea4b0ab][38;5;-64m[AndroidUiautomator2Driver@5ac4] Starting 'com.example.smartcivicgovernance/com.example.smartcivicgovernance.SplashActivityand waiting for 'com.example.smartcivicgovernance/com.example.smartcivicgovernance.SplashActivity'
2026-06-18 08:12:23:159 [7ea4b0ab][ADB] Getting IDs of all 'com.example.smartcivicgovernance' processes
2026-06-18 08:12:23:160 [7ea4b0ab][ADB] Running '/usr/local/lib/android/sdk/platform-tools/adb -P 5037 -s emulator-5554 shell ps --help'
2026-06-18 08:12:23:216 [7ea4b0ab][ADB] Running '/usr/local/lib/android/sdk/platform-tools/adb -P 5037 -s emulator-5554 shell ps -A'
2026-06-18 08:12:23:446 [7ea4b0ab][ADB] Running '/usr/local/lib/android/sdk/platform-tools/adb -P 5037 -s emulator-5554 shell am start-activity -W -n com.example.smartcivicgovernance/com.example.smartcivicgovernance.SplashActivity -S -a android.intent.action.MAIN -c android.intent.category.LAUNCHER -f 0x10200000'
2026-06-18 08:12:23:776 [7ea4b0ab][ADB] We tried to start an activity that doesn't exist, retrying with '.com.example.smartcivicgovernance.SplashActivity' activity name
2026-06-18 08:12:23:776 [7ea4b0ab][ADB] Running '/usr/local/lib/android/sdk/platform-tools/adb -P 5037 -s emulator-5554 shell am start-activity -W -n com.example.smartcivicgovernance/.com.example.smartcivicgovernance.SplashActivity -S -a android.intent.action.MAIN -c android.intent.category.LAUNCHER -f 0x10200000'
2026-06-18 08:12:24:086 [7ea4b0ab][BaseDriver] Unsubscribing 5ac47597-64c8-4dad-b1f9-9abb97c7fe04 from topic 'uiautomator2:sessionUdidClaimed'
2026-06-18 08:12:24:086 [7ea4b0ab][38;5;-64m[AndroidUiautomator2Driver@5ac4] Deleting UiAutomator2 session
2026-06-18 08:12:24:087 [7ea4b0ab][38;5;-64m[AndroidUiautomator2Driver@5ac4] Deleting UiAutomator2 server session
2026-06-18 08:12:24:088 [7ea4b0ab][38;5;-64m[AndroidUiautomator2Driver@5ac4] Proxying [DELETE /] to [DELETE http://127.0.0.1:8200/session/28d88dd6-d258-42c0-9b1a-296d163b9b8c] with no body
2026-06-18 08:12:24:109 [7ea4b0ab][38;5;-64m[AndroidUiautomator2Driver@5ac4] Got response with status 200: {"sessionId":"28d88dd6-d258-42c0-9b1a-296d163b9b8c","value":null}
2026-06-18 08:12:24:109 [7ea4b0ab][ADB] Getting IDs of all 'io.appium.uiautomator2.server' processes
2026-06-18 08:12:24:109 [7ea4b0ab][ADB] Running '/usr/local/lib/android/sdk/platform-tools/adb -P 5037 -s emulator-5554 shell ps -A'
2026-06-18 08:12:24:306 [7ea4b0ab][38;5;-64m[AndroidUiautomator2Driver@5ac4] [Instrumentation] io.appium.uiautomator2.server.test.AppiumUiAutomator2Server:.
2026-06-18 08:12:24:306 [7ea4b0ab][38;5;-64m[AndroidUiautomator2Driver@5ac4] [Instrumentation] 
2026-06-18 08:12:24:306 [7ea4b0ab][38;5;-64m[AndroidUiautomator2Driver@5ac4] [Instrumentation] Time: 2.754
2026-06-18 08:12:24:306 [7ea4b0ab][38;5;-64m[AndroidUiautomator2Driver@5ac4] [Instrumentation] 
2026-06-18 08:12:24:307 [7ea4b0ab][38;5;-64m[AndroidUiautomator2Driver@5ac4] [Instrumentation] OK (1 test)
2026-06-18 08:12:24:307 [7ea4b0ab][38;5;-64m[AndroidUiautomator2Driver@5ac4] [Instrumentation] 
2026-06-18 08:12:24:307 [7ea4b0ab][38;5;-64m[AndroidUiautomator2Driver@5ac4] [Instrumentation] 
2026-06-18 08:12:24:337 [7ea4b0ab][38;5;-64m[AndroidUiautomator2Driver@5ac4] [Instrumentation] The process has exited with code 0, signal null
2026-06-18 08:12:24:457 [7ea4b0ab][ADB] Running '/usr/local/lib/android/sdk/platform-tools/adb -P 5037 -s emulator-5554 shell am force-stop io.appium.uiautomator2.server'
2026-06-18 08:12:24:460 [7ea4b0ab][ADB] Running '/usr/local/lib/android/sdk/platform-tools/adb -P 5037 -s emulator-5554 shell am force-stop io.appium.uiautomator2.server.test'
2026-06-18 08:12:24:579 [7ea4b0ab][ADB] Running '/usr/local/lib/android/sdk/platform-tools/adb -P 5037 -s emulator-5554 shell dumpsys activity services io.appium.settings/.recorder.RecorderService'
2026-06-18 08:12:24:611 [7ea4b0ab][ADB] Removing forwarded port socket connection: 8200 
2026-06-18 08:12:24:611 [7ea4b0ab][ADB] Running '/usr/local/lib/android/sdk/platform-tools/adb -P 5037 -s emulator-5554 forward --remove tcp:8200'
2026-06-18 08:12:24:622 [7ea4b0ab][38;5;-64m[AndroidUiautomator2Driver@5ac4] Restoring hidden api policy to the device default configuration
2026-06-18 08:12:24:622 [7ea4b0ab][ADB] Running '/usr/local/lib/android/sdk/platform-tools/adb -P 5037 -s emulator-5554 shell 'settings delete global hidden_api_policy_pre_p_apps;settings delete global hidden_api_policy_p_apps;settings delete global hidden_api_policy''
2026-06-18 08:12:24:801 [7ea4b0ab][Logcat] Stopping logcat capture
2026-06-18 08:12:24:803 [7ea4b0ab][AppiumDriver@556e] Event 'newSessionStarted' logged at 1781770344803 (08:12:24 GMT+0000 (Coordinated Universal Time))
2026-06-18 08:12:24:804 [7ea4b0ab][AppiumDriver@556e] Encountered internal error running command: Error: Cannot start the 'com.example.smartcivicgovernance' application. Consider checking the driver's troubleshooting documentation. Original error: Cannot start the 'com.example.smartcivicgovernance' application. Consider checking the driver's troubleshooting documentation. Original error: Activity name '.com.example.smartcivicgovernance.SplashActivity' used to start the app doesn't exist or cannot be launched! Make sure it exists and is a launchable activity
    at ADB.startApp (/home/runner/.appium/node_modules/appium-uiautomator2-driver/node_modules/appium-adb/build/lib/tools/app-commands.js:612:15)
    at process.processTicksAndRejections (node:internal/process/task_queues:103:5)
    at async AndroidUiautomator2Driver.ensureAppStarts (/home/runner/.appium/node_modules/appium-uiautomator2-driver/build/lib/commands/aut.js:106:5)
    at async AndroidUiautomator2Driver.performPostExecSetup [as performSessionPostExecSetup] (/home/runner/.appium/node_modules/appium-uiautomator2-driver/build/lib/uiautomator2-server/session.js:202:9)
    at async AndroidUiautomator2Driver.startSession [as startUiAutomator2Session] (/home/runner/.appium/node_modules/appium-uiautomator2-driver/build/lib/uiautomator2-server/session.js:260:5)
    at async AndroidUiautomator2Driver.createSession (/home/runner/.appium/node_modules/appium-uiautomator2-driver/build/lib/driver.js:301:28)
    at async AppiumDriver.createSession (/usr/local/lib/node_modules/appium/build/lib/appium.js:271:44)
    at async runCommandPromise (/usr/local/lib/node_modules/appium/node_modules/@appium/base-driver/build/lib/basedriver/driver.js:119:24)
    at async AppiumDriver.executeCommand (/usr/local/lib/node_modules/appium/node_modules/@appium/base-driver/build/lib/basedriver/driver.js:162:15)
    at async defaultBehavior (/usr/local/lib/node_modules/appium/build/lib/appium.js:582:24)
    at async AppiumDriver.executeWrappedCommand (/usr/local/lib/node_modules/appium/build/lib/appium.js:694:22)
    at async AppiumDriver.executeCommand (/usr/local/lib/node_modules/appium/build/lib/appium.js:598:21)
    at async asyncHandler (/usr/local/lib/node_modules/appium/node_modules/@appium/base-driver/build/lib/protocol/protocol.js:401:25)
2026-06-18 08:12:24:811 [HTTP] <-- POST /session 500 15106 ms - 3607
2026-06-18 08:12:33:836 [Appium] Received SIGTERM - shutting down
