2026-06-17 05:22:48:341 [Appium] Welcome to Appium v3.5.0
2026-06-17 05:22:48:345 [Appium] The autodetected Appium home path: /home/runner/.appium
2026-06-17 05:22:48:346 [Appium] Attempting to load driver uiautomator2...
2026-06-17 05:22:48:349 [Appium] Requiring driver at /home/runner/.appium/node_modules/appium-uiautomator2-driver/build/lib/index.js
2026-06-17 05:22:48:919 [Appium] AndroidUiautomator2Driver has been successfully loaded in 0.572s
2026-06-17 05:22:48:944 [Appium] Appium REST http interface listener started on http://0.0.0.0:4723
2026-06-17 05:22:48:946 [Appium] You can provide the following URLs in your client code to connect to this server:
	http://127.0.0.1:4723/ (only accessible from the same host)
	http://10.1.0.216:4723/
2026-06-17 05:22:48:946 [Appium] Available drivers:
2026-06-17 05:22:48:947 [Appium]   - uiautomator2@7.6.1 (automationName 'UiAutomator2')
2026-06-17 05:22:48:948 [Appium] No plugins have been installed. Use the "appium plugin" command to install the one(s) you want to use.
2026-06-17 05:23:08:042 [HTTP] Request idempotency key: f457c285-7309-42ee-8e34-47928ccfc9bc
2026-06-17 05:23:08:057 [HTTP] --> POST /session {"capabilities":{"firstMatch":[{}],"alwaysMatch":{"platformName":"Android","appium:automationName":"UiAutomator2","appium:deviceName":"Android Emulator","appium:appPackage":"com.example.smartcivicgovernance","appium:appActivity":"com.example.smartcivicgovernance.SplashActivity","appium:noReset":true}}}
2026-06-17 05:23:08:059 [AppiumDriver@e7d6] Calling AppiumDriver.createSession() with args: [{"firstMatch":[{}],"alwaysMatch":{"platformName":"Android","appium:automationName":"UiAutomator2","appium:deviceName":"Android Emulator","appium:appPackage":"com.example.smartcivicgovernance","appium:appActivity":"com.example.smartcivicgovernance.SplashActivity","appium:noReset":true}},{"firstMatch":[{}],"alwaysMatch":{"platformName":"Android","appium:automationName":"UiAutomator2","appium:deviceName":"Android Emulator","appium:appPackage":"com.example.smartcivicgovernance","appium:appActivity":"com.example.smartcivicgovernance.SplashActivity","appium:noReset":true}},{"firstMatch":[{}],"alwaysMatch":{"platformName":"Android","appium:automationName":"UiAutomator2","appium:deviceName":"Android Emulator","appium:appPackage":"com.example.smartcivicgovernance","appium:appActivity":"com.example.smartcivicgovernance.SplashActivity","appium:noReset":true}}]
2026-06-17 05:23:08:060 [AppiumDriver@e7d6] Event 'newSessionRequested' logged at 1781673788060 (05:23:08 GMT+0000 (Coordinated Universal Time))
2026-06-17 05:23:08:064 [Appium] Attempting to find matching driver for automationName 'UiAutomator2' and platformName 'Android'
2026-06-17 05:23:08:065 [Appium] The 'uiautomator2' driver was installed and matched caps.
2026-06-17 05:23:08:065 [Appium] Will require it at /home/runner/.appium/node_modules/appium-uiautomator2-driver
2026-06-17 05:23:08:069 [Appium] Requiring driver at /home/runner/.appium/node_modules/appium-uiautomator2-driver/build/lib/index.js
2026-06-17 05:23:08:070 [AppiumDriver@e7d6] Appium v3.5.0 creating new AndroidUiautomator2Driver (v7.6.1) session
2026-06-17 05:23:08:070 [AppiumDriver@e7d6] Checking BaseDriver versions for Appium and AndroidUiautomator2Driver
2026-06-17 05:23:08:070 [AppiumDriver@e7d6] Appium's BaseDriver version is 10.6.0
2026-06-17 05:23:08:070 [AppiumDriver@e7d6] AndroidUiautomator2Driver's BaseDriver version is 10.6.0
2026-06-17 05:23:08:079 [AndroidUiautomator2Driver@fb2d] 
2026-06-17 05:23:08:080 [AndroidUiautomator2Driver@fb2d] Creating session with W3C capabilities: {
  "alwaysMatch": {
    "platformName": "Android",
    "appium:automationName": "UiAutomator2",
    "appium:deviceName": "Android Emulator",
    "appium:appPackage": "com.example.smartcivicgovernance",
    "appium:appActivity": "com.example.smartcivicgovernance.SplashActivity",
    "appium:noReset": true
  },
  "firstMatch": [
    {}
  ]
}
2026-06-17 05:23:08:086 [1ce5f5fa][AndroidUiautomator2Driver@fb2d] Session created with session id: 1ce5f5fa-64a9-46d5-8383-e7fd1e8e9af2
2026-06-17 05:23:08:104 [1ce5f5fa][ADB] Found 6 'build-tools' folders under '/usr/local/lib/android/sdk' (newest first):
2026-06-17 05:23:08:105 [1ce5f5fa][ADB]     /usr/local/lib/android/sdk/build-tools/37.0.0
2026-06-17 05:23:08:105 [1ce5f5fa][ADB]     /usr/local/lib/android/sdk/build-tools/36.1.0
2026-06-17 05:23:08:105 [1ce5f5fa][ADB]     /usr/local/lib/android/sdk/build-tools/36.0.0
2026-06-17 05:23:08:105 [1ce5f5fa][ADB]     /usr/local/lib/android/sdk/build-tools/35.0.1
2026-06-17 05:23:08:105 [1ce5f5fa][ADB]     /usr/local/lib/android/sdk/build-tools/35.0.0
2026-06-17 05:23:08:105 [1ce5f5fa][ADB]     /usr/local/lib/android/sdk/build-tools/34.0.0
2026-06-17 05:23:08:106 [1ce5f5fa][ADB] Using 'adb' from '/usr/local/lib/android/sdk/platform-tools/adb'
2026-06-17 05:23:08:107 [1ce5f5fa][ADB] Running '/usr/local/lib/android/sdk/platform-tools/adb -P 5037 start-server'
2026-06-17 05:23:08:116 [1ce5f5fa][AndroidUiautomator2Driver@fb2d] Retrieving device list
2026-06-17 05:23:08:117 [1ce5f5fa][ADB] Trying to find connected Android devices
2026-06-17 05:23:08:118 [1ce5f5fa][ADB] Getting connected devices
2026-06-17 05:23:08:126 [1ce5f5fa][ADB] Connected devices: [{"udid":"emulator-5554","state":"device"}]
2026-06-17 05:23:08:126 [1ce5f5fa][AndroidUiautomator2Driver@fb2d] Using device: emulator-5554
2026-06-17 05:23:08:135 [1ce5f5fa][BaseDriver] Initialized new IPC object with max object size of 1048576 bytes and max topics of 1000
2026-06-17 05:23:08:135 [1ce5f5fa][BaseDriver] Subscribing fb2dab97-f19e-47ee-a598-b8143f4bb045 to topic 'uiautomator2:sessionUdidClaimed'
2026-06-17 05:23:08:136 [1ce5f5fa][BaseDriver] Subscribing fb2dab97-f19e-47ee-a598-b8143f4bb045 to topic 'uiautomator2:sessionUdidContended'
2026-06-17 05:23:08:136 [1ce5f5fa][BaseDriver] Subscribing fb2dab97-f19e-47ee-a598-b8143f4bb045 to topic 'uiautomator2:sessionUdidReleased'
2026-06-17 05:23:08:136 [1ce5f5fa][BaseDriver] fb2dab97-f19e-47ee-a598-b8143f4bb045 is publishing a message to topic uiautomator2:sessionUdidClaimed
2026-06-17 05:23:08:151 [1ce5f5fa][BaseDriver] Unsubscribing fb2dab97-f19e-47ee-a598-b8143f4bb045 from topic 'uiautomator2:sessionUdidContended'
2026-06-17 05:23:08:151 [1ce5f5fa][BaseDriver] Unsubscribing fb2dab97-f19e-47ee-a598-b8143f4bb045 from topic 'uiautomator2:sessionUdidReleased'
2026-06-17 05:23:08:155 [1ce5f5fa][ADB] Using 'adb' from '/usr/local/lib/android/sdk/platform-tools/adb'
2026-06-17 05:23:08:155 [1ce5f5fa][ADB] Running '/usr/local/lib/android/sdk/platform-tools/adb -P 5037 start-server'
2026-06-17 05:23:08:169 [1ce5f5fa][ADB] Setting device id to emulator-5554
2026-06-17 05:23:08:170 [1ce5f5fa][AndroidUiautomator2Driver@fb2d] Starting 'com.example.smartcivicgovernance' directly on the device
2026-06-17 05:23:08:173 [1ce5f5fa][ADB] Running '/usr/local/lib/android/sdk/platform-tools/adb -P 5037 -s emulator-5554 shell getprop ro.build.version.sdk'
2026-06-17 05:23:08:285 [1ce5f5fa][ADB] Current device property 'ro.build.version.sdk': 34
2026-06-17 05:23:08:286 [1ce5f5fa][ADB] Getting device platform version
2026-06-17 05:23:08:286 [1ce5f5fa][ADB] Running '/usr/local/lib/android/sdk/platform-tools/adb -P 5037 -s emulator-5554 shell getprop ro.build.version.release'
2026-06-17 05:23:08:334 [1ce5f5fa][ADB] Current device property 'ro.build.version.release': 14
2026-06-17 05:23:08:334 [1ce5f5fa][ADB] Device API level: 34
2026-06-17 05:23:08:334 [1ce5f5fa][AndroidUiautomator2Driver@fb2d] Relaxing hidden api policy
2026-06-17 05:23:08:335 [1ce5f5fa][ADB] Running '/usr/local/lib/android/sdk/platform-tools/adb -P 5037 -s emulator-5554 shell 'settings put global hidden_api_policy_pre_p_apps 1;settings put global hidden_api_policy_p_apps 1;settings put global hidden_api_policy 1''
2026-06-17 05:23:08:340 [1ce5f5fa][ADB] Running '/usr/local/lib/android/sdk/platform-tools/adb -P 5037 -s emulator-5554 wait-for-device'
2026-06-17 05:23:08:350 [1ce5f5fa][ADB] Running '/usr/local/lib/android/sdk/platform-tools/adb -P 5037 -s emulator-5554 shell echo ping'
2026-06-17 05:23:08:387 [1ce5f5fa][AndroidUiautomator2Driver@fb2d] Pushing settings apk to the device...
2026-06-17 05:23:08:388 [1ce5f5fa][ADB] Getting package info for 'io.appium.settings'
2026-06-17 05:23:08:388 [1ce5f5fa][ADB] Running '/usr/local/lib/android/sdk/platform-tools/adb -P 5037 -s emulator-5554 shell dumpsys package io.appium.settings'
2026-06-17 05:23:08:455 [1ce5f5fa][ADB] App '/home/runner/.appium/node_modules/appium-uiautomator2-driver/node_modules/io.appium.settings/apks/settings_apk-debug.apk' is not installed
2026-06-17 05:23:08:455 [1ce5f5fa][ADB] Installing '/home/runner/.appium/node_modules/appium-uiautomator2-driver/node_modules/io.appium.settings/apks/settings_apk-debug.apk'
2026-06-17 05:23:08:456 [1ce5f5fa][ADB] Running '/usr/local/lib/android/sdk/platform-tools/adb -P 5037 -s emulator-5554 install -g /home/runner/.appium/node_modules/appium-uiautomator2-driver/node_modules/io.appium.settings/apks/settings_apk-debug.apk'
2026-06-17 05:23:09:512 [1ce5f5fa][ADB] The installation of 'settings_apk-debug.apk' took 1056ms
2026-06-17 05:23:09:512 [1ce5f5fa][ADB] Install command stdout: Performing Streamed Install
Success
2026-06-17 05:23:09:513 [1ce5f5fa][ADB] Running '/usr/local/lib/android/sdk/platform-tools/adb -P 5037 -s emulator-5554 shell dumpsys activity services io.appium.settings'
2026-06-17 05:23:09:588 [1ce5f5fa][ADB] Running '/usr/local/lib/android/sdk/platform-tools/adb -P 5037 -s emulator-5554 shell cmd notification allow_listener io.appium.settings/.NLService'
2026-06-17 05:23:09:592 [1ce5f5fa][ADB] Running '/usr/local/lib/android/sdk/platform-tools/adb -P 5037 -s emulator-5554 shell appops set io.appium.settings PROJECT_MEDIA allow'
2026-06-17 05:23:09:834 [1ce5f5fa][ADB] Running '/usr/local/lib/android/sdk/platform-tools/adb -P 5037 -s emulator-5554 shell dumpsys activity services io.appium.settings'
2026-06-17 05:23:09:888 [1ce5f5fa][SettingsApp] Starting Appium Settings app
2026-06-17 05:23:09:889 [1ce5f5fa][ADB] Running '/usr/local/lib/android/sdk/platform-tools/adb -P 5037 -s emulator-5554 shell am start-activity -n io.appium.settings/.Settings -a android.intent.action.MAIN -c android.intent.category.LAUNCHER'
2026-06-17 05:23:10:248 [1ce5f5fa][ADB] Running '/usr/local/lib/android/sdk/platform-tools/adb -P 5037 -s emulator-5554 shell dumpsys activity services io.appium.settings'
2026-06-17 05:23:10:663 [1ce5f5fa][ADB] Running '/usr/local/lib/android/sdk/platform-tools/adb -P 5037 -s emulator-5554 shell dumpsys activity services io.appium.settings'
2026-06-17 05:23:11:091 [1ce5f5fa][ADB] Running '/usr/local/lib/android/sdk/platform-tools/adb -P 5037 -s emulator-5554 shell dumpsys activity services io.appium.settings'
2026-06-17 05:23:11:155 [1ce5f5fa][Logcat] Starting logs capture with command: /usr/local/lib/android/sdk/platform-tools/adb -P 5037 -s emulator-5554 logcat -v threadtime
2026-06-17 05:23:11:227 [1ce5f5fa][AndroidUiautomator2Driver@fb2d] Forwarding UiAutomator2 Server port 6790 to local port 8200
2026-06-17 05:23:11:234 [1ce5f5fa][ADB] Forwarding system: 8200 to device: 6790
2026-06-17 05:23:11:235 [1ce5f5fa][ADB] Running '/usr/local/lib/android/sdk/platform-tools/adb -P 5037 -s emulator-5554 forward tcp:8200 tcp:6790'
2026-06-17 05:23:11:249 [1ce5f5fa][AndroidUiautomator2Driver@fb2d] UIA2Proxy options: {"scheme":"http","server":"127.0.0.1","port":8200,"base":"","reqBasePath":"","sessionId":null,"timeout":240000,"keepAlive":true}
2026-06-17 05:23:11:251 [1ce5f5fa][ADB] Getting package info for 'io.appium.uiautomator2.server'
2026-06-17 05:23:11:252 [1ce5f5fa][ADB] Running '/usr/local/lib/android/sdk/platform-tools/adb -P 5037 -s emulator-5554 shell dumpsys package io.appium.uiautomator2.server'
2026-06-17 05:23:11:260 [1ce5f5fa][ADB] Getting install status for io.appium.uiautomator2.server.test
2026-06-17 05:23:11:261 [1ce5f5fa][AndroidUiautomator2Driver@fb2d] No app capability. Assuming it is already on the device
2026-06-17 05:23:11:262 [1ce5f5fa][ADB] Running '/usr/local/lib/android/sdk/platform-tools/adb -P 5037 -s emulator-5554 shell cmd package list packages --show-versioncode'
2026-06-17 05:23:11:380 [1ce5f5fa][ADB] App '/home/runner/.appium/node_modules/appium-uiautomator2-driver/node_modules/appium-uiautomator2-server/apks/appium-uiautomator2-server-v10.2.1.apk' is not installed
2026-06-17 05:23:11:475 [1ce5f5fa][ADB] 'io.appium.uiautomator2.server.test' is not installed
2026-06-17 05:23:11:475 [1ce5f5fa][AndroidUiautomator2Driver@fb2d] Server packages status: [{"installState":"notInstalled","appPath":"/home/runner/.appium/node_modules/appium-uiautomator2-driver/node_modules/appium-uiautomator2-server/apks/appium-uiautomator2-server-v10.2.1.apk","appId":"io.appium.uiautomator2.server"},{"installState":"notInstalled","appPath":"/home/runner/.appium/node_modules/appium-uiautomator2-driver/node_modules/appium-uiautomator2-server/apks/appium-uiautomator2-server-debug-androidTest.apk","appId":"io.appium.uiautomator2.server.test"}]
2026-06-17 05:23:11:476 [1ce5f5fa][AndroidUiautomator2Driver@fb2d] Server packages are going to be (re)installed
2026-06-17 05:23:11:476 [1ce5f5fa][ADB] Running '/usr/local/lib/android/sdk/platform-tools/adb -P 5037 -s emulator-5554 version'
2026-06-17 05:23:11:492 [1ce5f5fa][ADB] Running '/usr/local/lib/android/sdk/platform-tools/adb -P 5037 -s emulator-5554 features'
2026-06-17 05:23:11:508 [1ce5f5fa][ADB] Running '/usr/local/lib/android/sdk/platform-tools/adb -P 5037 -s emulator-5554 install -r --no-incremental /home/runner/.appium/node_modules/appium-uiautomator2-driver/node_modules/appium-uiautomator2-server/apks/appium-uiautomator2-server-v10.2.1.apk'
2026-06-17 05:23:11:512 [1ce5f5fa][ADB] Running '/usr/local/lib/android/sdk/platform-tools/adb -P 5037 -s emulator-5554 install -r --no-incremental /home/runner/.appium/node_modules/appium-uiautomator2-driver/node_modules/appium-uiautomator2-server/apks/appium-uiautomator2-server-debug-androidTest.apk'
2026-06-17 05:23:13:240 [1ce5f5fa][ADB] The installation of 'appium-uiautomator2-server-debug-androidTest.apk' took 1728ms
2026-06-17 05:23:13:241 [1ce5f5fa][ADB] Install command stdout: Performing Streamed Install
Success
2026-06-17 05:23:14:186 [1ce5f5fa][ADB] The installation of 'appium-uiautomator2-server-v10.2.1.apk' took 2679ms
2026-06-17 05:23:14:186 [1ce5f5fa][ADB] Install command stdout: Performing Streamed Install
Success
2026-06-17 05:23:14:188 [1ce5f5fa][AndroidUiautomator2Driver@fb2d] Waiting up to 30000ms for services to be available
2026-06-17 05:23:14:188 [1ce5f5fa][ADB] Running '/usr/local/lib/android/sdk/platform-tools/adb -P 5037 -s emulator-5554 shell pm list instrumentation'
2026-06-17 05:23:14:260 [1ce5f5fa][AndroidUiautomator2Driver@fb2d] Instrumentation target 'io.appium.uiautomator2.server.test/androidx.test.runner.AndroidJUnitRunner' is available
2026-06-17 05:23:14:262 [1ce5f5fa][ADB] Adding packages ["io.appium.settings","io.appium.uiautomator2.server","io.appium.uiautomator2.server.test"] to Doze whitelist
2026-06-17 05:23:14:262 [1ce5f5fa][ADB] Got the following command chunks to execute: [["dumpsys","deviceidle","whitelist","+io.appium.settings",";","dumpsys","deviceidle","whitelist","+io.appium.uiautomator2.server",";","dumpsys","deviceidle","whitelist","+io.appium.uiautomator2.server.test",";"]]
2026-06-17 05:23:14:262 [1ce5f5fa][ADB] Running '/usr/local/lib/android/sdk/platform-tools/adb -P 5037 -s emulator-5554 shell dumpsys deviceidle whitelist +io.appium.settings ; dumpsys deviceidle whitelist +io.appium.uiautomator2.server ; dumpsys deviceidle whitelist +io.appium.uiautomator2.server.test ;'
2026-06-17 05:23:14:518 [1ce5f5fa][AndroidUiautomator2Driver@fb2d] Performing shallow cleanup of automation leftovers
2026-06-17 05:23:14:532 [1ce5f5fa][AndroidUiautomator2Driver@fb2d] No obsolete sessions have been detected (socket hang up)
2026-06-17 05:23:14:532 [1ce5f5fa][ADB] Running '/usr/local/lib/android/sdk/platform-tools/adb -P 5037 -s emulator-5554 shell am force-stop io.appium.uiautomator2.server'
2026-06-17 05:23:14:535 [1ce5f5fa][ADB] Running '/usr/local/lib/android/sdk/platform-tools/adb -P 5037 -s emulator-5554 shell am force-stop io.appium.uiautomator2.server.test'
2026-06-17 05:23:14:758 [1ce5f5fa][AndroidUiautomator2Driver@fb2d] Starting UIAutomator2 server 10.2.1
2026-06-17 05:23:14:758 [1ce5f5fa][AndroidUiautomator2Driver@fb2d] Using UIAutomator2 server from '/home/runner/.appium/node_modules/appium-uiautomator2-driver/node_modules/appium-uiautomator2-server/apks/appium-uiautomator2-server-v10.2.1.apk' and test from '/home/runner/.appium/node_modules/appium-uiautomator2-driver/node_modules/appium-uiautomator2-server/apks/appium-uiautomator2-server-debug-androidTest.apk'
2026-06-17 05:23:14:758 [1ce5f5fa][AndroidUiautomator2Driver@fb2d] Waiting up to 30000ms for UiAutomator2 to be online...
2026-06-17 05:23:14:759 [1ce5f5fa][ADB] Creating ADB subprocess with args: ["-P","5037","-s","emulator-5554","shell","am","instrument","-w","-e","disableAnalytics","true","io.appium.uiautomator2.server.test/androidx.test.runner.AndroidJUnitRunner"]
2026-06-17 05:23:14:772 [1ce5f5fa][AndroidUiautomator2Driver@fb2d] Matched '/status' to command name 'getStatus'
2026-06-17 05:23:14:774 [1ce5f5fa][AndroidUiautomator2Driver@fb2d] Proxying [GET /status] to [GET http://127.0.0.1:8200/status] with no body
2026-06-17 05:23:14:789 [1ce5f5fa][AndroidUiautomator2Driver@fb2d] socket hang up
2026-06-17 05:23:15:791 [1ce5f5fa][AndroidUiautomator2Driver@fb2d] Matched '/status' to command name 'getStatus'
2026-06-17 05:23:15:791 [1ce5f5fa][AndroidUiautomator2Driver@fb2d] Proxying [GET /status] to [GET http://127.0.0.1:8200/status] with no body
2026-06-17 05:23:15:794 [1ce5f5fa][AndroidUiautomator2Driver@fb2d] socket hang up
2026-06-17 05:23:16:688 [1ce5f5fa][AndroidUiautomator2Driver@fb2d] [Instrumentation] 
2026-06-17 05:23:16:797 [1ce5f5fa][AndroidUiautomator2Driver@fb2d] Matched '/status' to command name 'getStatus'
2026-06-17 05:23:16:797 [1ce5f5fa][AndroidUiautomator2Driver@fb2d] Proxying [GET /status] to [GET http://127.0.0.1:8200/status] with no body
2026-06-17 05:23:16:804 [1ce5f5fa][AndroidUiautomator2Driver@fb2d] socket hang up
2026-06-17 05:23:17:804 [1ce5f5fa][AndroidUiautomator2Driver@fb2d] Matched '/status' to command name 'getStatus'
2026-06-17 05:23:17:805 [1ce5f5fa][AndroidUiautomator2Driver@fb2d] Proxying [GET /status] to [GET http://127.0.0.1:8200/status] with no body
2026-06-17 05:23:17:905 [1ce5f5fa][AndroidUiautomator2Driver@fb2d] Got response with status 200: {"sessionId":"None","value":{"build":{"version":"10.2.1","versionCode":260},"message":"UiAutomator2 Server is ready to accept commands","ready":true}}
2026-06-17 05:23:17:906 [1ce5f5fa][AndroidUiautomator2Driver@fb2d] The initialization of the instrumentation process took 3147ms
2026-06-17 05:23:17:906 [1ce5f5fa][AndroidUiautomator2Driver@fb2d] Matched '/session' to command name 'createSession'
2026-06-17 05:23:17:907 [1ce5f5fa][AndroidUiautomator2Driver@fb2d] Proxying [POST /session] to [POST http://127.0.0.1:8200/session] with body: {"capabilities":{"firstMatch":[{"platformName":"Android","automationName":"UiAutomator2","deviceName":"emulator-5554","appPackage":"com.example.smartcivicgovernance","appActivity":"com.example.smartcivicgovernance.SplashActivity","noReset":true,"platform":"LINUX","webStorageEnabled":false,"takesScreenshot":true,"javascriptEnabled":true,"databaseEnabled":false,"networkConnectionEnabled":true,"locationContextEnabled":false,"warnings":{},"desired":{"platformName":"Android","automationName":"UiAutomator2","deviceName":"Android Emulator","appPackage":"com.example.smartcivicgovernance","appActivity":"com.example.smartcivicgovernance.SplashActivity","noReset":true},"deviceUDID":"emulator-5554"}],"alwaysMatch":{}}}
2026-06-17 05:23:17:933 [1ce5f5fa][AndroidUiautomator2Driver@fb2d] Got response with status 200: {"sessionId":"9cb3b902-b74c-40d7-913d-2e6bcce5a0ed","value":{"capabilities":{"firstMatch":[{"platformName":"Android","automationName":"UiAutomator2","deviceName":"emulator-5554","appPackage":"com.example.smartcivicgovernance","appActivity":"com.example.smartcivicgovernance.SplashActivity","noReset":true,"platform":"LINUX","webStorageEnabled":false,"takesScreenshot":true,"javascriptEnabled":true,"databaseEnabled":false,"networkConnectionEnabled":true,"locationContextEnabled":false,"warnings":{},"desired":{"platformName":"Android","automationName":"UiAutomator2","deviceName":"Android Emulator","appPackage":"com.example.smartcivicgovernance","appActivity":"com.example.smartcivicgovernance.SplashActivity","noReset":true},"deviceUDID":"emulator-5554"}],"alwaysMatch":{}},"sessionId":"9cb3b902-b74c-40d7-913d-2e6bcce5a0ed"}}
2026-06-17 05:23:17:933 [1ce5f5fa][AndroidUiautomator2Driver@fb2d] Determined the downstream protocol as 'W3C'
2026-06-17 05:23:17:948 [1ce5f5fa][AndroidUiautomator2Driver@fb2d] Proxying [GET /appium/device/pixel_ratio] to [GET http://127.0.0.1:8200/session/9cb3b902-b74c-40d7-913d-2e6bcce5a0ed/appium/device/pixel_ratio] with no body
2026-06-17 05:23:17:952 [1ce5f5fa][AndroidUiautomator2Driver@fb2d] Proxying [GET /appium/device/system_bars] to [GET http://127.0.0.1:8200/session/9cb3b902-b74c-40d7-913d-2e6bcce5a0ed/appium/device/system_bars] with no body
2026-06-17 05:23:17:954 [1ce5f5fa][AndroidUiautomator2Driver@fb2d] Proxying [GET /window/current/size] to [GET http://127.0.0.1:8200/session/9cb3b902-b74c-40d7-913d-2e6bcce5a0ed/window/current/size] with no body
2026-06-17 05:23:17:957 [1ce5f5fa][AndroidUiautomator2Driver@fb2d] Proxying [GET /appium/device/info] to [GET http://127.0.0.1:8200/session/9cb3b902-b74c-40d7-913d-2e6bcce5a0ed/appium/device/info] with no body
2026-06-17 05:23:17:959 [1ce5f5fa][ADB] Running '/usr/local/lib/android/sdk/platform-tools/adb -P 5037 -s emulator-5554 shell dumpsys window'
2026-06-17 05:23:17:965 [1ce5f5fa][ADB] Running '/usr/local/lib/android/sdk/platform-tools/adb -P 5037 -s emulator-5554 shell dumpsys power'
2026-06-17 05:23:17:992 [1ce5f5fa][AndroidUiautomator2Driver@fb2d] Got response with status 200: {"sessionId":"9cb3b902-b74c-40d7-913d-2e6bcce5a0ed","value":1}
2026-06-17 05:23:18:064 [1ce5f5fa][AndroidUiautomator2Driver@fb2d] Got response with status 200: {"sessionId":"9cb3b902-b74c-40d7-913d-2e6bcce5a0ed","value":{"statusBar":24}}
2026-06-17 05:23:18:065 [1ce5f5fa][AndroidUiautomator2Driver@fb2d] Got response with status 200: {"sessionId":"9cb3b902-b74c-40d7-913d-2e6bcce5a0ed","value":{"height":640,"width":320}}
2026-06-17 05:23:18:097 [1ce5f5fa][AndroidUiautomator2Driver@fb2d] Got response with status 200: {"sessionId":"9cb3b902-b74c-40d7-913d-2e6bcce5a0ed","value":{"androidId":"9a4071bff9721962","apiVersion":"34","bluetooth":{"state":"ON"},"brand":"google","carrierName":"T-Mobile","displayDensity":160,"locale":"en_US","manufacturer":"Google","model":"sdk_gphone64_x86_64","networks":[{"capabilities":{"SSID":null,"linkDownBandwidthKbps":30000,"linkUpstreamBandwidthKbps":12000,"networkCapabilities":"NET_CAPABILITY_NOT_METERED,NET_CAPABILITY_INTERNET,NET_CAPABILITY_NOT_RESTRICTED,NET_CAPABILITY_TRUSTED,NET_CAPABILITY_NOT_VPN,NET_CAPABILITY_VALIDATED,NET_CAPABILITY_NOT_ROAMING,NET_CAPABILITY_FOREGROUND,NET_CAPABILITY_NOT_CONGESTED,NET_CAPABILITY_NOT_SUSPENDED","signalStrength":-50,"transportTypes":"TRANSPORT_WIFI"},"detailedState":"CONNECTED","extraInfo":"","isAvailable":true,"isConnected":true,"isFailover":false,"isRoaming":false,"state":"CONNECTED","subtype":-1,"subtypeName":"","type":1,"typeName":"WIFI"},{"capabilities":{"SSID":null,"linkDownBandwidthKbps":30000,"linkUpstreamBandwidthKbps":15000,"networkCapabil…
2026-06-17 05:23:18:128 [1ce5f5fa][AndroidUiautomator2Driver@fb2d] Screen already unlocked, doing nothing
2026-06-17 05:23:18:128 [1ce5f5fa][AndroidUiautomator2Driver@fb2d] Starting 'com.example.smartcivicgovernance/com.example.smartcivicgovernance.SplashActivityand waiting for 'com.example.smartcivicgovernance/com.example.smartcivicgovernance.SplashActivity'
2026-06-17 05:23:18:128 [1ce5f5fa][ADB] Getting IDs of all 'com.example.smartcivicgovernance' processes
2026-06-17 05:23:18:129 [1ce5f5fa][ADB] Running '/usr/local/lib/android/sdk/platform-tools/adb -P 5037 -s emulator-5554 shell ps --help'
2026-06-17 05:23:18:177 [1ce5f5fa][ADB] Running '/usr/local/lib/android/sdk/platform-tools/adb -P 5037 -s emulator-5554 shell ps -A'
2026-06-17 05:23:18:303 [1ce5f5fa][ADB] Running '/usr/local/lib/android/sdk/platform-tools/adb -P 5037 -s emulator-5554 shell am start-activity -W -n com.example.smartcivicgovernance/com.example.smartcivicgovernance.SplashActivity -S -a android.intent.action.MAIN -c android.intent.category.LAUNCHER -f 0x10200000'
2026-06-17 05:23:18:606 [1ce5f5fa][ADB] We tried to start an activity that doesn't exist, retrying with '.com.example.smartcivicgovernance.SplashActivity' activity name
2026-06-17 05:23:18:606 [1ce5f5fa][ADB] Running '/usr/local/lib/android/sdk/platform-tools/adb -P 5037 -s emulator-5554 shell am start-activity -W -n com.example.smartcivicgovernance/.com.example.smartcivicgovernance.SplashActivity -S -a android.intent.action.MAIN -c android.intent.category.LAUNCHER -f 0x10200000'
2026-06-17 05:23:18:907 [1ce5f5fa][BaseDriver] Unsubscribing fb2dab97-f19e-47ee-a598-b8143f4bb045 from topic 'uiautomator2:sessionUdidClaimed'
2026-06-17 05:23:18:908 [1ce5f5fa][AndroidUiautomator2Driver@fb2d] Deleting UiAutomator2 session
2026-06-17 05:23:18:908 [1ce5f5fa][AndroidUiautomator2Driver@fb2d] Deleting UiAutomator2 server session
2026-06-17 05:23:18:909 [1ce5f5fa][AndroidUiautomator2Driver@fb2d] Proxying [DELETE /] to [DELETE http://127.0.0.1:8200/session/9cb3b902-b74c-40d7-913d-2e6bcce5a0ed] with no body
2026-06-17 05:23:18:917 [1ce5f5fa][AndroidUiautomator2Driver@fb2d] Got response with status 200: {"sessionId":"9cb3b902-b74c-40d7-913d-2e6bcce5a0ed","value":null}
2026-06-17 05:23:18:918 [1ce5f5fa][ADB] Getting IDs of all 'io.appium.uiautomator2.server' processes
2026-06-17 05:23:18:918 [1ce5f5fa][ADB] Running '/usr/local/lib/android/sdk/platform-tools/adb -P 5037 -s emulator-5554 shell ps -A'
2026-06-17 05:23:19:132 [1ce5f5fa][AndroidUiautomator2Driver@fb2d] [Instrumentation] io.appium.uiautomator2.server.test.AppiumUiAutomator2Server:.
2026-06-17 05:23:19:133 [1ce5f5fa][AndroidUiautomator2Driver@fb2d] [Instrumentation] 
2026-06-17 05:23:19:133 [1ce5f5fa][AndroidUiautomator2Driver@fb2d] [Instrumentation] Time: 2.317
2026-06-17 05:23:19:133 [1ce5f5fa][AndroidUiautomator2Driver@fb2d] [Instrumentation] 
2026-06-17 05:23:19:133 [1ce5f5fa][AndroidUiautomator2Driver@fb2d] [Instrumentation] OK (1 test)
2026-06-17 05:23:19:133 [1ce5f5fa][AndroidUiautomator2Driver@fb2d] [Instrumentation] 
2026-06-17 05:23:19:133 [1ce5f5fa][AndroidUiautomator2Driver@fb2d] [Instrumentation] 
2026-06-17 05:23:19:202 [1ce5f5fa][AndroidUiautomator2Driver@fb2d] [Instrumentation] The process has exited with code 0, signal null
2026-06-17 05:23:19:409 [1ce5f5fa][ADB] Running '/usr/local/lib/android/sdk/platform-tools/adb -P 5037 -s emulator-5554 shell am force-stop io.appium.uiautomator2.server'
2026-06-17 05:23:19:413 [1ce5f5fa][ADB] Running '/usr/local/lib/android/sdk/platform-tools/adb -P 5037 -s emulator-5554 shell am force-stop io.appium.uiautomator2.server.test'
2026-06-17 05:23:19:489 [1ce5f5fa][ADB] Running '/usr/local/lib/android/sdk/platform-tools/adb -P 5037 -s emulator-5554 shell dumpsys activity services io.appium.settings/.recorder.RecorderService'
2026-06-17 05:23:19:524 [1ce5f5fa][ADB] Removing forwarded port socket connection: 8200 
2026-06-17 05:23:19:524 [1ce5f5fa][ADB] Running '/usr/local/lib/android/sdk/platform-tools/adb -P 5037 -s emulator-5554 forward --remove tcp:8200'
2026-06-17 05:23:19:531 [1ce5f5fa][AndroidUiautomator2Driver@fb2d] Restoring hidden api policy to the device default configuration
2026-06-17 05:23:19:534 [1ce5f5fa][ADB] Running '/usr/local/lib/android/sdk/platform-tools/adb -P 5037 -s emulator-5554 shell 'settings delete global hidden_api_policy_pre_p_apps;settings delete global hidden_api_policy_p_apps;settings delete global hidden_api_policy''
2026-06-17 05:23:19:632 [1ce5f5fa][Logcat] Stopping logcat capture
2026-06-17 05:23:19:634 [1ce5f5fa][AppiumDriver@e7d6] Event 'newSessionStarted' logged at 1781673799634 (05:23:19 GMT+0000 (Coordinated Universal Time))
2026-06-17 05:23:19:635 [1ce5f5fa][AppiumDriver@e7d6] Encountered internal error running command: Error: Cannot start the 'com.example.smartcivicgovernance' application. Consider checking the driver's troubleshooting documentation. Original error: Cannot start the 'com.example.smartcivicgovernance' application. Consider checking the driver's troubleshooting documentation. Original error: Activity name '.com.example.smartcivicgovernance.SplashActivity' used to start the app doesn't exist or cannot be launched! Make sure it exists and is a launchable activity
    at ADB.startApp (/home/runner/.appium/node_modules/appium-uiautomator2-driver/node_modules/appium-adb/build/lib/tools/app-commands.js:612:15)
    at process.processTicksAndRejections (node:internal/process/task_queues:103:5)
    at async AndroidUiautomator2Driver.ensureAppStarts (/home/runner/.appium/node_modules/appium-uiautomator2-driver/build/lib/commands/aut.js:106:5)
    at async AndroidUiautomator2Driver.performPostExecSetup [as performSessionPostExecSetup] (/home/runner/.appium/node_modules/appium-uiautomator2-driver/build/lib/uiautomator2-server/session.js:202:9)
    at async AndroidUiautomator2Driver.startSession [as startUiAutomator2Session] (/home/runner/.appium/node_modules/appium-uiautomator2-driver/build/lib/uiautomator2-server/session.js:260:5)
    at async AndroidUiautomator2Driver.createSession (/home/runner/.appium/node_modules/appium-uiautomator2-driver/build/lib/driver.js:301:28)
    at async AppiumDriver.createSession (/usr/local/lib/node_modules/appium/build/lib/appium.js:274:44)
    at async runCommandPromise (/usr/local/lib/node_modules/appium/node_modules/@appium/base-driver/build/lib/basedriver/driver.js:117:24)
    at async AppiumDriver.executeCommand (/usr/local/lib/node_modules/appium/node_modules/@appium/base-driver/build/lib/basedriver/driver.js:158:15)
    at async defaultBehavior (/usr/local/lib/node_modules/appium/build/lib/appium.js:582:24)
    at async AppiumDriver.executeWrappedCommand (/usr/local/lib/node_modules/appium/build/lib/appium.js:694:22)
    at async AppiumDriver.executeCommand (/usr/local/lib/node_modules/appium/build/lib/appium.js:598:21)
    at async asyncHandler (/usr/local/lib/node_modules/appium/node_modules/@appium/base-driver/build/lib/protocol/protocol.js:394:25)
2026-06-17 05:23:19:642 [1ce5f5fa][HTTP] <-- POST /session 500 11582 ms - 3607
2026-06-17 05:23:28:262 [Appium] Received SIGTERM - shutting down
