2026-06-22 07:00:45:664 [Appium] Welcome to Appium v3.5.2
2026-06-22 07:00:45:666 [Appium] The autodetected Appium home path: /home/runner/.appium
2026-06-22 07:00:45:668 [Appium] Attempting to load driver uiautomator2...
2026-06-22 07:00:45:670 [Appium] Requiring driver at /home/runner/.appium/node_modules/appium-uiautomator2-driver/build/lib/index.js
2026-06-22 07:00:46:177 [Appium] AndroidUiautomator2Driver has been successfully loaded in 0.508s
2026-06-22 07:00:46:198 [Appium] Appium REST http interface listener started on http://0.0.0.0:4723
2026-06-22 07:00:46:199 [Appium] You can provide the following URLs in your client code to connect to this server:
	http://127.0.0.1:4723/ (only accessible from the same host)
	http://10.1.0.139:4723/
2026-06-22 07:00:46:200 [Appium] Available drivers:
2026-06-22 07:00:46:200 [Appium]   - uiautomator2@7.6.2 (automationName 'UiAutomator2')
2026-06-22 07:00:46:201 [Appium] No plugins have been installed. Use the "appium plugin" command to install the one(s) you want to use.
2026-06-22 07:01:05:646 [HTTP] Request idempotency key: dd53fa99-55f3-4481-8eca-f0f987fbcaa8
2026-06-22 07:01:05:663 [HTTP] --> POST /session {"capabilities":{"firstMatch":[{}],"alwaysMatch":{"platformName":"Android","appium:automationName":"UiAutomator2","appium:deviceName":"Android Emulator","appium:appPackage":"com.example.smartcivicgovernance","appium:appActivity":"com.example.smartcivicgovernance.SplashActivity","appium:noReset":true}}}
2026-06-22 07:01:05:665 [AppiumDriver@fe93] Calling AppiumDriver.createSession() with args: [{"firstMatch":[{}],"alwaysMatch":{"platformName":"Android","appium:automationName":"UiAutomator2","appium:deviceName":"Android Emulator","appium:appPackage":"com.example.smartcivicgovernance","appium:appActivity":"com.example.smartcivicgovernance.SplashActivity","appium:noReset":true}},{"firstMatch":[{}],"alwaysMatch":{"platformName":"Android","appium:automationName":"UiAutomator2","appium:deviceName":"Android Emulator","appium:appPackage":"com.example.smartcivicgovernance","appium:appActivity":"com.example.smartcivicgovernance.SplashActivity","appium:noReset":true}},{"firstMatch":[{}],"alwaysMatch":{"platformName":"Android","appium:automationName":"UiAutomator2","appium:deviceName":"Android Emulator","appium:appPackage":"com.example.smartcivicgovernance","appium:appActivity":"com.example.smartcivicgovernance.SplashActivity","appium:noReset":true}}]
2026-06-22 07:01:05:666 [AppiumDriver@fe93] Event 'newSessionRequested' logged at 1782111665666 (07:01:05 GMT+0000 (Coordinated Universal Time))
2026-06-22 07:01:05:669 [Appium] Attempting to find matching driver for automationName 'UiAutomator2' and platformName 'Android'
2026-06-22 07:01:05:669 [Appium] The 'uiautomator2' driver was installed and matched caps.
2026-06-22 07:01:05:670 [Appium] Will require it at /home/runner/.appium/node_modules/appium-uiautomator2-driver
2026-06-22 07:01:05:671 [Appium] Requiring driver at /home/runner/.appium/node_modules/appium-uiautomator2-driver/build/lib/index.js
2026-06-22 07:01:05:672 [AppiumDriver@fe93] Appium v3.5.2 creating new AndroidUiautomator2Driver (v7.6.2) session
2026-06-22 07:01:05:672 [AppiumDriver@fe93] Checking BaseDriver versions for Appium and AndroidUiautomator2Driver
2026-06-22 07:01:05:673 [AppiumDriver@fe93] Appium's BaseDriver version is 10.7.1
2026-06-22 07:01:05:673 [AppiumDriver@fe93] AndroidUiautomator2Driver's BaseDriver version is 10.7.1
2026-06-22 07:01:05:678 [38;5;-135m[AndroidUiautomator2Driver@59ff] 
2026-06-22 07:01:05:678 [38;5;-135m[AndroidUiautomator2Driver@59ff] Creating session with W3C capabilities: {
  "alwaysMatch": {
    "platformName": "Android",
    "appium:automationName": "UiAutomator2",
    "appium:deviceName": "Android Emulator",
    "appium:appPackage": "com.example.smartcivicgovernance",
    "appium:appActivity": "com.example.smartcivicgovernance.SplashActivity",
    "appium:noReset": true
  },
  "firstMatch": [
    {}
  ]
}
2026-06-22 07:01:05:684 [e6b572ba][38;5;-135m[AndroidUiautomator2Driver@59ff] Session created with session id: e6b572ba-9015-46e6-a372-b996c31e3c4c
2026-06-22 07:01:05:695 [e6b572ba][ADB] Found 6 'build-tools' folders under '/usr/local/lib/android/sdk' (newest first):
2026-06-22 07:01:05:696 [e6b572ba][ADB]     /usr/local/lib/android/sdk/build-tools/37.0.0
2026-06-22 07:01:05:696 [e6b572ba][ADB]     /usr/local/lib/android/sdk/build-tools/36.1.0
2026-06-22 07:01:05:696 [e6b572ba][ADB]     /usr/local/lib/android/sdk/build-tools/36.0.0
2026-06-22 07:01:05:696 [e6b572ba][ADB]     /usr/local/lib/android/sdk/build-tools/35.0.1
2026-06-22 07:01:05:696 [e6b572ba][ADB]     /usr/local/lib/android/sdk/build-tools/35.0.0
2026-06-22 07:01:05:697 [e6b572ba][ADB]     /usr/local/lib/android/sdk/build-tools/34.0.0
2026-06-22 07:01:05:697 [e6b572ba][ADB] Using 'adb' from '/usr/local/lib/android/sdk/platform-tools/adb'
2026-06-22 07:01:05:698 [e6b572ba][ADB] Running '/usr/local/lib/android/sdk/platform-tools/adb -P 5037 start-server'
2026-06-22 07:01:05:705 [e6b572ba][38;5;-135m[AndroidUiautomator2Driver@59ff] Retrieving device list
2026-06-22 07:01:05:705 [e6b572ba][ADB] Trying to find connected Android devices
2026-06-22 07:01:05:706 [e6b572ba][ADB] Getting connected devices
2026-06-22 07:01:05:712 [e6b572ba][ADB] Connected devices: [{"udid":"emulator-5554","state":"device"}]
2026-06-22 07:01:05:712 [e6b572ba][38;5;-135m[AndroidUiautomator2Driver@59ff] Using device: emulator-5554
2026-06-22 07:01:05:718 [e6b572ba][BaseDriver] Initialized new IPC object with max object size of 1048576 bytes and max topics of 1000
2026-06-22 07:01:05:719 [e6b572ba][BaseDriver] Subscribing 59ff23a7-6fd7-4e51-b3a4-c55a6390a621 to topic 'uiautomator2:sessionUdidClaimed'
2026-06-22 07:01:05:719 [e6b572ba][BaseDriver] Subscribing 59ff23a7-6fd7-4e51-b3a4-c55a6390a621 to topic 'uiautomator2:sessionUdidContended'
2026-06-22 07:01:05:720 [e6b572ba][BaseDriver] Subscribing 59ff23a7-6fd7-4e51-b3a4-c55a6390a621 to topic 'uiautomator2:sessionUdidReleased'
2026-06-22 07:01:05:720 [e6b572ba][BaseDriver] 59ff23a7-6fd7-4e51-b3a4-c55a6390a621 is publishing a message to topic uiautomator2:sessionUdidClaimed
2026-06-22 07:01:05:733 [e6b572ba][BaseDriver] Unsubscribing 59ff23a7-6fd7-4e51-b3a4-c55a6390a621 from topic 'uiautomator2:sessionUdidContended'
2026-06-22 07:01:05:733 [e6b572ba][BaseDriver] Unsubscribing 59ff23a7-6fd7-4e51-b3a4-c55a6390a621 from topic 'uiautomator2:sessionUdidReleased'
2026-06-22 07:01:05:735 [e6b572ba][ADB] Using 'adb' from '/usr/local/lib/android/sdk/platform-tools/adb'
2026-06-22 07:01:05:735 [e6b572ba][ADB] Running '/usr/local/lib/android/sdk/platform-tools/adb -P 5037 start-server'
2026-06-22 07:01:05:741 [e6b572ba][ADB] Setting device id to emulator-5554
2026-06-22 07:01:05:741 [e6b572ba][38;5;-135m[AndroidUiautomator2Driver@59ff] Starting 'com.example.smartcivicgovernance' directly on the device
2026-06-22 07:01:05:742 [e6b572ba][ADB] Running '/usr/local/lib/android/sdk/platform-tools/adb -P 5037 -s emulator-5554 shell getprop ro.build.version.sdk'
2026-06-22 07:01:05:769 [e6b572ba][ADB] Current device property 'ro.build.version.sdk': 34
2026-06-22 07:01:05:770 [e6b572ba][ADB] Getting device platform version
2026-06-22 07:01:05:770 [e6b572ba][ADB] Running '/usr/local/lib/android/sdk/platform-tools/adb -P 5037 -s emulator-5554 shell getprop ro.build.version.release'
2026-06-22 07:01:05:806 [e6b572ba][ADB] Current device property 'ro.build.version.release': 14
2026-06-22 07:01:05:807 [e6b572ba][ADB] Device API level: 34
2026-06-22 07:01:05:807 [e6b572ba][38;5;-135m[AndroidUiautomator2Driver@59ff] Relaxing hidden api policy
2026-06-22 07:01:05:808 [e6b572ba][ADB] Running '/usr/local/lib/android/sdk/platform-tools/adb -P 5037 -s emulator-5554 shell 'settings put global hidden_api_policy_pre_p_apps 1;settings put global hidden_api_policy_p_apps 1;settings put global hidden_api_policy 1''
2026-06-22 07:01:05:813 [e6b572ba][ADB] Running '/usr/local/lib/android/sdk/platform-tools/adb -P 5037 -s emulator-5554 wait-for-device'
2026-06-22 07:01:05:818 [e6b572ba][ADB] Running '/usr/local/lib/android/sdk/platform-tools/adb -P 5037 -s emulator-5554 shell echo ping'
2026-06-22 07:01:05:836 [e6b572ba][38;5;-135m[AndroidUiautomator2Driver@59ff] Pushing settings apk to the device...
2026-06-22 07:01:05:837 [e6b572ba][ADB] Getting package info for 'io.appium.settings'
2026-06-22 07:01:05:838 [e6b572ba][ADB] Running '/usr/local/lib/android/sdk/platform-tools/adb -P 5037 -s emulator-5554 shell dumpsys package io.appium.settings'
2026-06-22 07:01:05:964 [e6b572ba][ADB] App '/home/runner/.appium/node_modules/appium-uiautomator2-driver/node_modules/io.appium.settings/apks/settings_apk-debug.apk' is not installed
2026-06-22 07:01:05:964 [e6b572ba][ADB] Installing '/home/runner/.appium/node_modules/appium-uiautomator2-driver/node_modules/io.appium.settings/apks/settings_apk-debug.apk'
2026-06-22 07:01:05:965 [e6b572ba][ADB] Running '/usr/local/lib/android/sdk/platform-tools/adb -P 5037 -s emulator-5554 install -g /home/runner/.appium/node_modules/appium-uiautomator2-driver/node_modules/io.appium.settings/apks/settings_apk-debug.apk'
2026-06-22 07:01:07:082 [e6b572ba][ADB] The installation of 'settings_apk-debug.apk' took 1117ms
2026-06-22 07:01:07:083 [e6b572ba][ADB] Install command stdout: Performing Streamed Install
Success
2026-06-22 07:01:07:083 [e6b572ba][ADB] Running '/usr/local/lib/android/sdk/platform-tools/adb -P 5037 -s emulator-5554 shell dumpsys activity services io.appium.settings'
2026-06-22 07:01:07:360 [e6b572ba][ADB] Running '/usr/local/lib/android/sdk/platform-tools/adb -P 5037 -s emulator-5554 shell cmd notification allow_listener io.appium.settings/.NLService'
2026-06-22 07:01:07:363 [e6b572ba][ADB] Running '/usr/local/lib/android/sdk/platform-tools/adb -P 5037 -s emulator-5554 shell appops set io.appium.settings PROJECT_MEDIA allow'
2026-06-22 07:01:07:497 [e6b572ba][ADB] Running '/usr/local/lib/android/sdk/platform-tools/adb -P 5037 -s emulator-5554 shell dumpsys activity services io.appium.settings'
2026-06-22 07:01:07:540 [e6b572ba][SettingsApp] Starting Appium Settings app
2026-06-22 07:01:07:541 [e6b572ba][ADB] Running '/usr/local/lib/android/sdk/platform-tools/adb -P 5037 -s emulator-5554 shell am start-activity -n io.appium.settings/.Settings -a android.intent.action.MAIN -c android.intent.category.LAUNCHER'
2026-06-22 07:01:07:632 [e6b572ba][ADB] Running '/usr/local/lib/android/sdk/platform-tools/adb -P 5037 -s emulator-5554 shell dumpsys activity services io.appium.settings'
2026-06-22 07:01:08:021 [e6b572ba][ADB] Running '/usr/local/lib/android/sdk/platform-tools/adb -P 5037 -s emulator-5554 shell dumpsys activity services io.appium.settings'
2026-06-22 07:01:08:394 [e6b572ba][ADB] Running '/usr/local/lib/android/sdk/platform-tools/adb -P 5037 -s emulator-5554 shell dumpsys activity services io.appium.settings'
2026-06-22 07:01:08:462 [e6b572ba][Logcat] Starting logs capture with command: /usr/local/lib/android/sdk/platform-tools/adb -P 5037 -s emulator-5554 logcat -v threadtime
2026-06-22 07:01:08:599 [e6b572ba][38;5;-135m[AndroidUiautomator2Driver@59ff] Forwarding UiAutomator2 Server port 6790 to local port 8200
2026-06-22 07:01:08:602 [e6b572ba][ADB] Forwarding system: 8200 to device: 6790
2026-06-22 07:01:08:603 [e6b572ba][ADB] Running '/usr/local/lib/android/sdk/platform-tools/adb -P 5037 -s emulator-5554 forward tcp:8200 tcp:6790'
2026-06-22 07:01:08:615 [e6b572ba][38;5;-135m[AndroidUiautomator2Driver@59ff] UIA2Proxy options: {"scheme":"http","server":"127.0.0.1","port":8200,"base":"","reqBasePath":"","sessionId":null,"timeout":240000,"keepAlive":true}
2026-06-22 07:01:08:616 [e6b572ba][ADB] Getting package info for 'io.appium.uiautomator2.server'
2026-06-22 07:01:08:616 [e6b572ba][ADB] Running '/usr/local/lib/android/sdk/platform-tools/adb -P 5037 -s emulator-5554 shell dumpsys package io.appium.uiautomator2.server'
2026-06-22 07:01:08:619 [e6b572ba][ADB] Getting install status for io.appium.uiautomator2.server.test
2026-06-22 07:01:08:620 [e6b572ba][38;5;-135m[AndroidUiautomator2Driver@59ff] No app capability. Assuming it is already on the device
2026-06-22 07:01:08:620 [e6b572ba][ADB] Running '/usr/local/lib/android/sdk/platform-tools/adb -P 5037 -s emulator-5554 shell cmd package list packages --show-versioncode'
2026-06-22 07:01:08:681 [e6b572ba][ADB] App '/home/runner/.appium/node_modules/appium-uiautomator2-driver/node_modules/appium-uiautomator2-server/apks/appium-uiautomator2-server-v10.2.1.apk' is not installed
2026-06-22 07:01:08:707 [e6b572ba][ADB] 'io.appium.uiautomator2.server.test' is not installed
2026-06-22 07:01:08:708 [e6b572ba][38;5;-135m[AndroidUiautomator2Driver@59ff] Server packages status: [{"installState":"notInstalled","appPath":"/home/runner/.appium/node_modules/appium-uiautomator2-driver/node_modules/appium-uiautomator2-server/apks/appium-uiautomator2-server-v10.2.1.apk","appId":"io.appium.uiautomator2.server"},{"installState":"notInstalled","appPath":"/home/runner/.appium/node_modules/appium-uiautomator2-driver/node_modules/appium-uiautomator2-server/apks/appium-uiautomator2-server-debug-androidTest.apk","appId":"io.appium.uiautomator2.server.test"}]
2026-06-22 07:01:08:708 [e6b572ba][38;5;-135m[AndroidUiautomator2Driver@59ff] Server packages are going to be (re)installed
2026-06-22 07:01:08:709 [e6b572ba][ADB] Running '/usr/local/lib/android/sdk/platform-tools/adb -P 5037 -s emulator-5554 version'
2026-06-22 07:01:08:717 [e6b572ba][ADB] Running '/usr/local/lib/android/sdk/platform-tools/adb -P 5037 -s emulator-5554 features'
2026-06-22 07:01:08:724 [e6b572ba][ADB] Running '/usr/local/lib/android/sdk/platform-tools/adb -P 5037 -s emulator-5554 install -r --no-incremental /home/runner/.appium/node_modules/appium-uiautomator2-driver/node_modules/appium-uiautomator2-server/apks/appium-uiautomator2-server-v10.2.1.apk'
2026-06-22 07:01:08:730 [e6b572ba][ADB] Running '/usr/local/lib/android/sdk/platform-tools/adb -P 5037 -s emulator-5554 install -r --no-incremental /home/runner/.appium/node_modules/appium-uiautomator2-driver/node_modules/appium-uiautomator2-server/apks/appium-uiautomator2-server-debug-androidTest.apk'
2026-06-22 07:01:10:440 [e6b572ba][ADB] The installation of 'appium-uiautomator2-server-debug-androidTest.apk' took 1710ms
2026-06-22 07:01:10:440 [e6b572ba][ADB] Install command stdout: Performing Streamed Install
Success
2026-06-22 07:01:12:745 [e6b572ba][ADB] The installation of 'appium-uiautomator2-server-v10.2.1.apk' took 4021ms
2026-06-22 07:01:12:746 [e6b572ba][ADB] Install command stdout: Performing Streamed Install
Success
2026-06-22 07:01:12:746 [e6b572ba][38;5;-135m[AndroidUiautomator2Driver@59ff] Waiting up to 30000ms for services to be available
2026-06-22 07:01:12:746 [e6b572ba][ADB] Running '/usr/local/lib/android/sdk/platform-tools/adb -P 5037 -s emulator-5554 shell pm list instrumentation'
2026-06-22 07:01:12:868 [e6b572ba][38;5;-135m[AndroidUiautomator2Driver@59ff] Instrumentation target 'io.appium.uiautomator2.server.test/androidx.test.runner.AndroidJUnitRunner' is available
2026-06-22 07:01:12:870 [e6b572ba][ADB] Adding packages ["io.appium.settings","io.appium.uiautomator2.server","io.appium.uiautomator2.server.test"] to Doze whitelist
2026-06-22 07:01:12:871 [e6b572ba][ADB] Got the following command chunks to execute: [["dumpsys","deviceidle","whitelist","+io.appium.settings",";","dumpsys","deviceidle","whitelist","+io.appium.uiautomator2.server",";","dumpsys","deviceidle","whitelist","+io.appium.uiautomator2.server.test",";"]]
2026-06-22 07:01:12:871 [e6b572ba][ADB] Running '/usr/local/lib/android/sdk/platform-tools/adb -P 5037 -s emulator-5554 shell dumpsys deviceidle whitelist +io.appium.settings ; dumpsys deviceidle whitelist +io.appium.uiautomator2.server ; dumpsys deviceidle whitelist +io.appium.uiautomator2.server.test ;'
2026-06-22 07:01:13:014 [e6b572ba][38;5;-135m[AndroidUiautomator2Driver@59ff] Performing shallow cleanup of automation leftovers
2026-06-22 07:01:13:029 [e6b572ba][38;5;-135m[AndroidUiautomator2Driver@59ff] No obsolete sessions have been detected (socket hang up)
2026-06-22 07:01:13:029 [e6b572ba][ADB] Running '/usr/local/lib/android/sdk/platform-tools/adb -P 5037 -s emulator-5554 shell am force-stop io.appium.uiautomator2.server'
2026-06-22 07:01:13:032 [e6b572ba][ADB] Running '/usr/local/lib/android/sdk/platform-tools/adb -P 5037 -s emulator-5554 shell am force-stop io.appium.uiautomator2.server.test'
2026-06-22 07:01:13:124 [e6b572ba][38;5;-135m[AndroidUiautomator2Driver@59ff] Starting UIAutomator2 server 10.2.1
2026-06-22 07:01:13:125 [e6b572ba][38;5;-135m[AndroidUiautomator2Driver@59ff] Using UIAutomator2 server from '/home/runner/.appium/node_modules/appium-uiautomator2-driver/node_modules/appium-uiautomator2-server/apks/appium-uiautomator2-server-v10.2.1.apk' and test from '/home/runner/.appium/node_modules/appium-uiautomator2-driver/node_modules/appium-uiautomator2-server/apks/appium-uiautomator2-server-debug-androidTest.apk'
2026-06-22 07:01:13:125 [e6b572ba][38;5;-135m[AndroidUiautomator2Driver@59ff] Waiting up to 30000ms for UiAutomator2 to be online...
2026-06-22 07:01:13:125 [e6b572ba][ADB] Creating ADB subprocess with args: ["-P","5037","-s","emulator-5554","shell","am","instrument","-w","-e","disableAnalytics","true","io.appium.uiautomator2.server.test/androidx.test.runner.AndroidJUnitRunner"]
2026-06-22 07:01:13:133 [e6b572ba][38;5;-135m[AndroidUiautomator2Driver@59ff] Matched '/status' to command name 'getStatus'
2026-06-22 07:01:13:135 [e6b572ba][38;5;-135m[AndroidUiautomator2Driver@59ff] Proxying [GET /status] to [GET http://127.0.0.1:8200/status] with no body
2026-06-22 07:01:13:151 [e6b572ba][38;5;-135m[AndroidUiautomator2Driver@59ff] socket hang up
2026-06-22 07:01:14:152 [e6b572ba][38;5;-135m[AndroidUiautomator2Driver@59ff] Matched '/status' to command name 'getStatus'
2026-06-22 07:01:14:152 [e6b572ba][38;5;-135m[AndroidUiautomator2Driver@59ff] Proxying [GET /status] to [GET http://127.0.0.1:8200/status] with no body
2026-06-22 07:01:14:156 [e6b572ba][38;5;-135m[AndroidUiautomator2Driver@59ff] socket hang up
2026-06-22 07:01:15:156 [e6b572ba][38;5;-135m[AndroidUiautomator2Driver@59ff] Matched '/status' to command name 'getStatus'
2026-06-22 07:01:15:157 [e6b572ba][38;5;-135m[AndroidUiautomator2Driver@59ff] Proxying [GET /status] to [GET http://127.0.0.1:8200/status] with no body
2026-06-22 07:01:15:160 [e6b572ba][38;5;-135m[AndroidUiautomator2Driver@59ff] socket hang up
2026-06-22 07:01:16:161 [e6b572ba][38;5;-135m[AndroidUiautomator2Driver@59ff] Matched '/status' to command name 'getStatus'
2026-06-22 07:01:16:162 [e6b572ba][38;5;-135m[AndroidUiautomator2Driver@59ff] Proxying [GET /status] to [GET http://127.0.0.1:8200/status] with no body
2026-06-22 07:01:16:166 [e6b572ba][38;5;-135m[AndroidUiautomator2Driver@59ff] socket hang up
2026-06-22 07:01:16:668 [e6b572ba][38;5;-135m[AndroidUiautomator2Driver@59ff] [Instrumentation] 
2026-06-22 07:01:17:167 [e6b572ba][38;5;-135m[AndroidUiautomator2Driver@59ff] Matched '/status' to command name 'getStatus'
2026-06-22 07:01:17:167 [e6b572ba][38;5;-135m[AndroidUiautomator2Driver@59ff] Proxying [GET /status] to [GET http://127.0.0.1:8200/status] with no body
2026-06-22 07:01:17:228 [e6b572ba][38;5;-135m[AndroidUiautomator2Driver@59ff] Got response with status 200: {"sessionId":"None","value":{"build":{"version":"10.2.1","versionCode":260},"message":"UiAutomator2 Server is ready to accept commands","ready":true}}
2026-06-22 07:01:17:229 [e6b572ba][38;5;-135m[AndroidUiautomator2Driver@59ff] The initialization of the instrumentation process took 4104ms
2026-06-22 07:01:17:229 [e6b572ba][38;5;-135m[AndroidUiautomator2Driver@59ff] Matched '/session' to command name 'createSession'
2026-06-22 07:01:17:229 [e6b572ba][38;5;-135m[AndroidUiautomator2Driver@59ff] Proxying [POST /session] to [POST http://127.0.0.1:8200/session] with body: {"capabilities":{"firstMatch":[{"platformName":"Android","automationName":"UiAutomator2","deviceName":"emulator-5554","appPackage":"com.example.smartcivicgovernance","appActivity":"com.example.smartcivicgovernance.SplashActivity","noReset":true,"platform":"LINUX","webStorageEnabled":false,"takesScreenshot":true,"javascriptEnabled":true,"databaseEnabled":false,"networkConnectionEnabled":true,"locationContextEnabled":false,"warnings":{},"desired":{"platformName":"Android","automationName":"UiAutomator2","deviceName":"Android Emulator","appPackage":"com.example.smartcivicgovernance","appActivity":"com.example.smartcivicgovernance.SplashActivity","noReset":true},"deviceUDID":"emulator-5554"}],"alwaysMatch":{}}}
2026-06-22 07:01:17:262 [e6b572ba][38;5;-135m[AndroidUiautomator2Driver@59ff] Got response with status 200: {"sessionId":"2aa15e3f-78fa-47bb-a0f4-6eace7e1c7ca","value":{"capabilities":{"firstMatch":[{"platformName":"Android","automationName":"UiAutomator2","deviceName":"emulator-5554","appPackage":"com.example.smartcivicgovernance","appActivity":"com.example.smartcivicgovernance.SplashActivity","noReset":true,"platform":"LINUX","webStorageEnabled":false,"takesScreenshot":true,"javascriptEnabled":true,"databaseEnabled":false,"networkConnectionEnabled":true,"locationContextEnabled":false,"warnings":{},"desired":{"platformName":"Android","automationName":"UiAutomator2","deviceName":"Android Emulator","appPackage":"com.example.smartcivicgovernance","appActivity":"com.example.smartcivicgovernance.SplashActivity","noReset":true},"deviceUDID":"emulator-5554"}],"alwaysMatch":{}},"sessionId":"2aa15e3f-78fa-47bb-a0f4-6eace7e1c7ca"}}
2026-06-22 07:01:17:263 [e6b572ba][38;5;-135m[AndroidUiautomator2Driver@59ff] Determined the downstream protocol as 'W3C'
2026-06-22 07:01:17:278 [e6b572ba][38;5;-135m[AndroidUiautomator2Driver@59ff] Proxying [GET /appium/device/pixel_ratio] to [GET http://127.0.0.1:8200/session/2aa15e3f-78fa-47bb-a0f4-6eace7e1c7ca/appium/device/pixel_ratio] with no body
2026-06-22 07:01:17:282 [e6b572ba][38;5;-135m[AndroidUiautomator2Driver@59ff] Proxying [GET /appium/device/system_bars] to [GET http://127.0.0.1:8200/session/2aa15e3f-78fa-47bb-a0f4-6eace7e1c7ca/appium/device/system_bars] with no body
2026-06-22 07:01:17:286 [e6b572ba][38;5;-135m[AndroidUiautomator2Driver@59ff] Proxying [GET /window/current/size] to [GET http://127.0.0.1:8200/session/2aa15e3f-78fa-47bb-a0f4-6eace7e1c7ca/window/current/size] with no body
2026-06-22 07:01:17:293 [e6b572ba][38;5;-135m[AndroidUiautomator2Driver@59ff] Proxying [GET /appium/device/info] to [GET http://127.0.0.1:8200/session/2aa15e3f-78fa-47bb-a0f4-6eace7e1c7ca/appium/device/info] with no body
2026-06-22 07:01:17:295 [e6b572ba][ADB] Running '/usr/local/lib/android/sdk/platform-tools/adb -P 5037 -s emulator-5554 shell dumpsys window'
2026-06-22 07:01:17:301 [e6b572ba][ADB] Running '/usr/local/lib/android/sdk/platform-tools/adb -P 5037 -s emulator-5554 shell dumpsys power'
2026-06-22 07:01:17:353 [e6b572ba][38;5;-135m[AndroidUiautomator2Driver@59ff] Got response with status 200: {"sessionId":"2aa15e3f-78fa-47bb-a0f4-6eace7e1c7ca","value":1}
2026-06-22 07:01:17:394 [e6b572ba][38;5;-135m[AndroidUiautomator2Driver@59ff] Got response with status 200: {"sessionId":"2aa15e3f-78fa-47bb-a0f4-6eace7e1c7ca","value":{"statusBar":24}}
2026-06-22 07:01:17:398 [e6b572ba][38;5;-135m[AndroidUiautomator2Driver@59ff] Got response with status 200: {"sessionId":"2aa15e3f-78fa-47bb-a0f4-6eace7e1c7ca","value":{"height":640,"width":320}}
2026-06-22 07:01:17:562 [e6b572ba][38;5;-135m[AndroidUiautomator2Driver@59ff] Got response with status 200: {"sessionId":"2aa15e3f-78fa-47bb-a0f4-6eace7e1c7ca","value":{"androidId":"bb37a360212111d6","apiVersion":"34","bluetooth":{"state":"ON"},"brand":"google","carrierName":"T-Mobile","displayDensity":160,"locale":"en_US","manufacturer":"Google","model":"sdk_gphone64_x86_64","networks":[{"capabilities":{"SSID":null,"linkDownBandwidthKbps":30000,"linkUpstreamBandwidthKbps":12000,"networkCapabilities":"NET_CAPABILITY_NOT_METERED,NET_CAPABILITY_INTERNET,NET_CAPABILITY_NOT_RESTRICTED,NET_CAPABILITY_TRUSTED,NET_CAPABILITY_NOT_VPN,NET_CAPABILITY_VALIDATED,NET_CAPABILITY_NOT_ROAMING,NET_CAPABILITY_FOREGROUND,NET_CAPABILITY_NOT_CONGESTED,NET_CAPABILITY_NOT_SUSPENDED","signalStrength":-50,"transportTypes":"TRANSPORT_WIFI"},"detailedState":"CONNECTED","extraInfo":"","isAvailable":true,"isConnected":true,"isFailover":false,"isRoaming":false,"state":"CONNECTED","subtype":-1,"subtypeName":"","type":1,"typeName":"WIFI"},{"capabilities":{"SSID":null,"linkDownBandwidthKbps":4300,"linkUpstreamBandwidthKbps":1800,"networkCapabilit…
2026-06-22 07:01:17:630 [e6b572ba][38;5;-135m[AndroidUiautomator2Driver@59ff] Screen already unlocked, doing nothing
2026-06-22 07:01:17:631 [e6b572ba][38;5;-135m[AndroidUiautomator2Driver@59ff] Starting 'com.example.smartcivicgovernance/com.example.smartcivicgovernance.SplashActivityand waiting for 'com.example.smartcivicgovernance/com.example.smartcivicgovernance.SplashActivity'
2026-06-22 07:01:17:631 [e6b572ba][ADB] Getting IDs of all 'com.example.smartcivicgovernance' processes
2026-06-22 07:01:17:632 [e6b572ba][ADB] Running '/usr/local/lib/android/sdk/platform-tools/adb -P 5037 -s emulator-5554 shell ps --help'
2026-06-22 07:01:17:710 [e6b572ba][ADB] Running '/usr/local/lib/android/sdk/platform-tools/adb -P 5037 -s emulator-5554 shell ps -A'
2026-06-22 07:01:17:874 [e6b572ba][38;5;-135m[AndroidUiautomator2Driver@59ff] [Instrumentation] s_glBindAttribLocation: bind attrib 0 name position
2026-06-22 07:01:17:875 [e6b572ba][38;5;-135m[AndroidUiautomator2Driver@59ff] [Instrumentation] s_glBindAttribLocation: bind attrib 1 name color
2026-06-22 07:01:17:875 [e6b572ba][38;5;-135m[AndroidUiautomator2Driver@59ff] [Instrumentation] s_glBindAttribLocation: bind attrib 2 name localCoord
2026-06-22 07:01:18:127 [e6b572ba][ADB] Running '/usr/local/lib/android/sdk/platform-tools/adb -P 5037 -s emulator-5554 shell am start-activity -W -n com.example.smartcivicgovernance/com.example.smartcivicgovernance.SplashActivity -S -a android.intent.action.MAIN -c android.intent.category.LAUNCHER -f 0x10200000'
2026-06-22 07:01:18:470 [e6b572ba][ADB] We tried to start an activity that doesn't exist, retrying with '.com.example.smartcivicgovernance.SplashActivity' activity name
2026-06-22 07:01:18:470 [e6b572ba][ADB] Running '/usr/local/lib/android/sdk/platform-tools/adb -P 5037 -s emulator-5554 shell am start-activity -W -n com.example.smartcivicgovernance/.com.example.smartcivicgovernance.SplashActivity -S -a android.intent.action.MAIN -c android.intent.category.LAUNCHER -f 0x10200000'
2026-06-22 07:01:18:777 [e6b572ba][BaseDriver] Unsubscribing 59ff23a7-6fd7-4e51-b3a4-c55a6390a621 from topic 'uiautomator2:sessionUdidClaimed'
2026-06-22 07:01:18:777 [e6b572ba][38;5;-135m[AndroidUiautomator2Driver@59ff] Deleting UiAutomator2 session
2026-06-22 07:01:18:778 [e6b572ba][38;5;-135m[AndroidUiautomator2Driver@59ff] Deleting UiAutomator2 server session
2026-06-22 07:01:18:778 [e6b572ba][38;5;-135m[AndroidUiautomator2Driver@59ff] Proxying [DELETE /] to [DELETE http://127.0.0.1:8200/session/2aa15e3f-78fa-47bb-a0f4-6eace7e1c7ca] with no body
2026-06-22 07:01:18:788 [e6b572ba][38;5;-135m[AndroidUiautomator2Driver@59ff] Got response with status 200: {"sessionId":"2aa15e3f-78fa-47bb-a0f4-6eace7e1c7ca","value":null}
2026-06-22 07:01:18:789 [e6b572ba][ADB] Getting IDs of all 'io.appium.uiautomator2.server' processes
2026-06-22 07:01:18:789 [e6b572ba][ADB] Running '/usr/local/lib/android/sdk/platform-tools/adb -P 5037 -s emulator-5554 shell ps -A'
2026-06-22 07:01:18:886 [e6b572ba][38;5;-135m[AndroidUiautomator2Driver@59ff] [Instrumentation] io.appium.uiautomator2.server.test.AppiumUiAutomator2Server:.
2026-06-22 07:01:18:886 [e6b572ba][38;5;-135m[AndroidUiautomator2Driver@59ff] [Instrumentation] 
2026-06-22 07:01:18:887 [e6b572ba][38;5;-135m[AndroidUiautomator2Driver@59ff] [Instrumentation] Time: 2.147
2026-06-22 07:01:18:887 [e6b572ba][38;5;-135m[AndroidUiautomator2Driver@59ff] [Instrumentation] 
2026-06-22 07:01:18:887 [e6b572ba][38;5;-135m[AndroidUiautomator2Driver@59ff] [Instrumentation] OK (1 test)
2026-06-22 07:01:18:887 [e6b572ba][38;5;-135m[AndroidUiautomator2Driver@59ff] [Instrumentation] 
2026-06-22 07:01:18:887 [e6b572ba][38;5;-135m[AndroidUiautomator2Driver@59ff] [Instrumentation] 
2026-06-22 07:01:18:915 [e6b572ba][38;5;-135m[AndroidUiautomator2Driver@59ff] [Instrumentation] The process has exited with code 0, signal null
2026-06-22 07:01:19:041 [e6b572ba][ADB] Running '/usr/local/lib/android/sdk/platform-tools/adb -P 5037 -s emulator-5554 shell am force-stop io.appium.uiautomator2.server'
2026-06-22 07:01:19:048 [e6b572ba][ADB] Running '/usr/local/lib/android/sdk/platform-tools/adb -P 5037 -s emulator-5554 shell am force-stop io.appium.uiautomator2.server.test'
2026-06-22 07:01:19:131 [e6b572ba][ADB] Running '/usr/local/lib/android/sdk/platform-tools/adb -P 5037 -s emulator-5554 shell dumpsys activity services io.appium.settings/.recorder.RecorderService'
2026-06-22 07:01:19:171 [e6b572ba][ADB] Removing forwarded port socket connection: 8200 
2026-06-22 07:01:19:172 [e6b572ba][ADB] Running '/usr/local/lib/android/sdk/platform-tools/adb -P 5037 -s emulator-5554 forward --remove tcp:8200'
2026-06-22 07:01:19:181 [e6b572ba][38;5;-135m[AndroidUiautomator2Driver@59ff] Restoring hidden api policy to the device default configuration
2026-06-22 07:01:19:181 [e6b572ba][ADB] Running '/usr/local/lib/android/sdk/platform-tools/adb -P 5037 -s emulator-5554 shell 'settings delete global hidden_api_policy_pre_p_apps;settings delete global hidden_api_policy_p_apps;settings delete global hidden_api_policy''
2026-06-22 07:01:19:375 [e6b572ba][Logcat] Stopping logcat capture
2026-06-22 07:01:19:378 [e6b572ba][AppiumDriver@fe93] Event 'newSessionStarted' logged at 1782111679378 (07:01:19 GMT+0000 (Coordinated Universal Time))
2026-06-22 07:01:19:379 [e6b572ba][AppiumDriver@fe93] Encountered internal error running command: Error: Cannot start the 'com.example.smartcivicgovernance' application. Consider checking the driver's troubleshooting documentation. Original error: Cannot start the 'com.example.smartcivicgovernance' application. Consider checking the driver's troubleshooting documentation. Original error: Activity name '.com.example.smartcivicgovernance.SplashActivity' used to start the app doesn't exist or cannot be launched! Make sure it exists and is a launchable activity
    at ADB.startApp (/home/runner/.appium/node_modules/appium-uiautomator2-driver/node_modules/appium-adb/build/lib/tools/app-commands.js:612:15)
    at process.processTicksAndRejections (node:internal/process/task_queues:103:5)
    at async AndroidUiautomator2Driver.ensureAppStarts (/home/runner/.appium/node_modules/appium-uiautomator2-driver/build/lib/commands/aut.js:106:5)
    at async AndroidUiautomator2Driver.performPostExecSetup [as performSessionPostExecSetup] (/home/runner/.appium/node_modules/appium-uiautomator2-driver/build/lib/uiautomator2-server/session.js:202:9)
    at async AndroidUiautomator2Driver.startSession [as startUiAutomator2Session] (/home/runner/.appium/node_modules/appium-uiautomator2-driver/build/lib/uiautomator2-server/session.js:260:5)
    at async AndroidUiautomator2Driver.createSession (/home/runner/.appium/node_modules/appium-uiautomator2-driver/build/lib/driver.js:301:28)
    at async AppiumDriver.createSession (/usr/local/lib/node_modules/appium/build/lib/appium.js:271:44)
    at async runCommandPromise (/usr/local/lib/node_modules/appium/node_modules/@appium/base-driver/build/lib/basedriver/driver.js:119:24)
    at async AppiumDriver.executeCommand (/usr/local/lib/node_modules/appium/node_modules/@appium/base-driver/build/lib/basedriver/driver.js:162:15)
    at async defaultBehavior (/usr/local/lib/node_modules/appium/build/lib/appium.js:582:24)
    at async AppiumDriver.executeWrappedCommand (/usr/local/lib/node_modules/appium/build/lib/appium.js:694:22)
    at async AppiumDriver.executeCommand (/usr/local/lib/node_modules/appium/build/lib/appium.js:598:21)
    at async asyncHandler (/usr/local/lib/node_modules/appium/node_modules/@appium/base-driver/build/lib/protocol/protocol.js:401:25)
2026-06-22 07:01:19:385 [HTTP] <-- POST /session 500 13720 ms - 3607
2026-06-22 07:01:28:411 [Appium] Received SIGTERM - shutting down
