2026-06-22 09:18:22:238 [Appium] Welcome to Appium v3.5.2
2026-06-22 09:18:22:240 [Appium] The autodetected Appium home path: /home/runner/.appium
2026-06-22 09:18:22:242 [Appium] Attempting to load driver uiautomator2...
2026-06-22 09:18:22:244 [Appium] Requiring driver at /home/runner/.appium/node_modules/appium-uiautomator2-driver/build/lib/index.js
2026-06-22 09:18:22:916 [Appium] AndroidUiautomator2Driver has been successfully loaded in 0.673s
2026-06-22 09:18:22:935 [Appium] Appium REST http interface listener started on http://0.0.0.0:4723
2026-06-22 09:18:22:936 [Appium] You can provide the following URLs in your client code to connect to this server:
	http://127.0.0.1:4723/ (only accessible from the same host)
	http://10.1.0.188:4723/
2026-06-22 09:18:22:937 [Appium] Available drivers:
2026-06-22 09:18:22:937 [Appium]   - uiautomator2@7.6.2 (automationName 'UiAutomator2')
2026-06-22 09:18:22:938 [Appium] No plugins have been installed. Use the "appium plugin" command to install the one(s) you want to use.
2026-06-22 09:18:41:969 [HTTP] Request idempotency key: 89c76885-8de5-4c55-bc5b-d79f7766767c
2026-06-22 09:18:41:987 [HTTP] --> POST /session {"capabilities":{"firstMatch":[{}],"alwaysMatch":{"platformName":"Android","appium:automationName":"UiAutomator2","appium:deviceName":"Android Emulator","appium:appPackage":"com.example.smartcivicgovernance","appium:appActivity":"com.example.smartcivicgovernance.SplashActivity","appium:noReset":true}}}
2026-06-22 09:18:41:989 [AppiumDriver@2702] Calling AppiumDriver.createSession() with args: [{"firstMatch":[{}],"alwaysMatch":{"platformName":"Android","appium:automationName":"UiAutomator2","appium:deviceName":"Android Emulator","appium:appPackage":"com.example.smartcivicgovernance","appium:appActivity":"com.example.smartcivicgovernance.SplashActivity","appium:noReset":true}},{"firstMatch":[{}],"alwaysMatch":{"platformName":"Android","appium:automationName":"UiAutomator2","appium:deviceName":"Android Emulator","appium:appPackage":"com.example.smartcivicgovernance","appium:appActivity":"com.example.smartcivicgovernance.SplashActivity","appium:noReset":true}},{"firstMatch":[{}],"alwaysMatch":{"platformName":"Android","appium:automationName":"UiAutomator2","appium:deviceName":"Android Emulator","appium:appPackage":"com.example.smartcivicgovernance","appium:appActivity":"com.example.smartcivicgovernance.SplashActivity","appium:noReset":true}}]
2026-06-22 09:18:41:990 [AppiumDriver@2702] Event 'newSessionRequested' logged at 1782119921990 (09:18:41 GMT+0000 (Coordinated Universal Time))
2026-06-22 09:18:41:994 [Appium] Attempting to find matching driver for automationName 'UiAutomator2' and platformName 'Android'
2026-06-22 09:18:41:994 [Appium] The 'uiautomator2' driver was installed and matched caps.
2026-06-22 09:18:41:994 [Appium] Will require it at /home/runner/.appium/node_modules/appium-uiautomator2-driver
2026-06-22 09:18:41:996 [Appium] Requiring driver at /home/runner/.appium/node_modules/appium-uiautomator2-driver/build/lib/index.js
2026-06-22 09:18:41:997 [AppiumDriver@2702] Appium v3.5.2 creating new AndroidUiautomator2Driver (v7.6.2) session
2026-06-22 09:18:41:997 [AppiumDriver@2702] Checking BaseDriver versions for Appium and AndroidUiautomator2Driver
2026-06-22 09:18:41:997 [AppiumDriver@2702] Appium's BaseDriver version is 10.7.1
2026-06-22 09:18:41:997 [AppiumDriver@2702] AndroidUiautomator2Driver's BaseDriver version is 10.7.1
2026-06-22 09:18:42:004 [AndroidUiautomator2Driver@889d] 
2026-06-22 09:18:42:004 [AndroidUiautomator2Driver@889d] Creating session with W3C capabilities: {
  "alwaysMatch": {
    "platformName": "Android",
    "appium:automationName": "UiAutomator2",
    "appium:deviceName": "Android Emulator",
    "appium:appPackage": "com.example.smartcivicgovernance",
    "appium:appActivity": "com.example.smartcivicgovernance.SplashActivity",
    "appium:noReset": true
  },
  "firstMatch": [
    {}
  ]
}
2026-06-22 09:18:42:010 [ad8aff84][AndroidUiautomator2Driver@889d] Session created with session id: ad8aff84-dd4f-407c-9e25-90c6a96ad50d
2026-06-22 09:18:42:023 [ad8aff84][ADB] Found 6 'build-tools' folders under '/usr/local/lib/android/sdk' (newest first):
2026-06-22 09:18:42:024 [ad8aff84][ADB]     /usr/local/lib/android/sdk/build-tools/37.0.0
2026-06-22 09:18:42:024 [ad8aff84][ADB]     /usr/local/lib/android/sdk/build-tools/36.1.0
2026-06-22 09:18:42:024 [ad8aff84][ADB]     /usr/local/lib/android/sdk/build-tools/36.0.0
2026-06-22 09:18:42:024 [ad8aff84][ADB]     /usr/local/lib/android/sdk/build-tools/35.0.1
2026-06-22 09:18:42:024 [ad8aff84][ADB]     /usr/local/lib/android/sdk/build-tools/35.0.0
2026-06-22 09:18:42:024 [ad8aff84][ADB]     /usr/local/lib/android/sdk/build-tools/34.0.0
2026-06-22 09:18:42:025 [ad8aff84][ADB] Using 'adb' from '/usr/local/lib/android/sdk/platform-tools/adb'
2026-06-22 09:18:42:026 [ad8aff84][ADB] Running '/usr/local/lib/android/sdk/platform-tools/adb -P 5037 start-server'
2026-06-22 09:18:42:034 [ad8aff84][AndroidUiautomator2Driver@889d] Retrieving device list
2026-06-22 09:18:42:034 [ad8aff84][ADB] Trying to find connected Android devices
2026-06-22 09:18:42:035 [ad8aff84][ADB] Getting connected devices
2026-06-22 09:18:42:043 [ad8aff84][ADB] Connected devices: [{"udid":"emulator-5554","state":"device"}]
2026-06-22 09:18:42:043 [ad8aff84][AndroidUiautomator2Driver@889d] Using device: emulator-5554
2026-06-22 09:18:42:051 [ad8aff84][BaseDriver] Initialized new IPC object with max object size of 1048576 bytes and max topics of 1000
2026-06-22 09:18:42:051 [ad8aff84][BaseDriver] Subscribing 889d9f1b-3201-4861-8d53-4e69248fdfab to topic 'uiautomator2:sessionUdidClaimed'
2026-06-22 09:18:42:052 [ad8aff84][BaseDriver] Subscribing 889d9f1b-3201-4861-8d53-4e69248fdfab to topic 'uiautomator2:sessionUdidContended'
2026-06-22 09:18:42:052 [ad8aff84][BaseDriver] Subscribing 889d9f1b-3201-4861-8d53-4e69248fdfab to topic 'uiautomator2:sessionUdidReleased'
2026-06-22 09:18:42:052 [ad8aff84][BaseDriver] 889d9f1b-3201-4861-8d53-4e69248fdfab is publishing a message to topic uiautomator2:sessionUdidClaimed
2026-06-22 09:18:42:064 [ad8aff84][BaseDriver] Unsubscribing 889d9f1b-3201-4861-8d53-4e69248fdfab from topic 'uiautomator2:sessionUdidContended'
2026-06-22 09:18:42:064 [ad8aff84][BaseDriver] Unsubscribing 889d9f1b-3201-4861-8d53-4e69248fdfab from topic 'uiautomator2:sessionUdidReleased'
2026-06-22 09:18:42:066 [ad8aff84][ADB] Using 'adb' from '/usr/local/lib/android/sdk/platform-tools/adb'
2026-06-22 09:18:42:066 [ad8aff84][ADB] Running '/usr/local/lib/android/sdk/platform-tools/adb -P 5037 start-server'
2026-06-22 09:18:42:073 [ad8aff84][ADB] Setting device id to emulator-5554
2026-06-22 09:18:42:073 [ad8aff84][AndroidUiautomator2Driver@889d] Starting 'com.example.smartcivicgovernance' directly on the device
2026-06-22 09:18:42:074 [ad8aff84][ADB] Running '/usr/local/lib/android/sdk/platform-tools/adb -P 5037 -s emulator-5554 shell getprop ro.build.version.sdk'
2026-06-22 09:18:42:122 [ad8aff84][ADB] Current device property 'ro.build.version.sdk': 34
2026-06-22 09:18:42:122 [ad8aff84][ADB] Getting device platform version
2026-06-22 09:18:42:122 [ad8aff84][ADB] Running '/usr/local/lib/android/sdk/platform-tools/adb -P 5037 -s emulator-5554 shell getprop ro.build.version.release'
2026-06-22 09:18:42:202 [ad8aff84][ADB] Current device property 'ro.build.version.release': 14
2026-06-22 09:18:42:202 [ad8aff84][ADB] Device API level: 34
2026-06-22 09:18:42:203 [ad8aff84][AndroidUiautomator2Driver@889d] Relaxing hidden api policy
2026-06-22 09:18:42:203 [ad8aff84][ADB] Running '/usr/local/lib/android/sdk/platform-tools/adb -P 5037 -s emulator-5554 shell 'settings put global hidden_api_policy_pre_p_apps 1;settings put global hidden_api_policy_p_apps 1;settings put global hidden_api_policy 1''
2026-06-22 09:18:42:209 [ad8aff84][ADB] Running '/usr/local/lib/android/sdk/platform-tools/adb -P 5037 -s emulator-5554 wait-for-device'
2026-06-22 09:18:42:215 [ad8aff84][ADB] Running '/usr/local/lib/android/sdk/platform-tools/adb -P 5037 -s emulator-5554 shell echo ping'
2026-06-22 09:18:42:295 [ad8aff84][AndroidUiautomator2Driver@889d] Pushing settings apk to the device...
2026-06-22 09:18:42:297 [ad8aff84][ADB] Getting package info for 'io.appium.settings'
2026-06-22 09:18:42:297 [ad8aff84][ADB] Running '/usr/local/lib/android/sdk/platform-tools/adb -P 5037 -s emulator-5554 shell dumpsys package io.appium.settings'
2026-06-22 09:18:42:357 [ad8aff84][ADB] App '/home/runner/.appium/node_modules/appium-uiautomator2-driver/node_modules/io.appium.settings/apks/settings_apk-debug.apk' is not installed
2026-06-22 09:18:42:358 [ad8aff84][ADB] Installing '/home/runner/.appium/node_modules/appium-uiautomator2-driver/node_modules/io.appium.settings/apks/settings_apk-debug.apk'
2026-06-22 09:18:42:359 [ad8aff84][ADB] Running '/usr/local/lib/android/sdk/platform-tools/adb -P 5037 -s emulator-5554 install -g /home/runner/.appium/node_modules/appium-uiautomator2-driver/node_modules/io.appium.settings/apks/settings_apk-debug.apk'
2026-06-22 09:18:43:777 [ad8aff84][ADB] The installation of 'settings_apk-debug.apk' took 1418ms
2026-06-22 09:18:43:777 [ad8aff84][ADB] Install command stdout: Performing Streamed Install
Success
2026-06-22 09:18:43:778 [ad8aff84][ADB] Running '/usr/local/lib/android/sdk/platform-tools/adb -P 5037 -s emulator-5554 shell dumpsys activity services io.appium.settings'
2026-06-22 09:18:43:840 [ad8aff84][ADB] Running '/usr/local/lib/android/sdk/platform-tools/adb -P 5037 -s emulator-5554 shell cmd notification allow_listener io.appium.settings/.NLService'
2026-06-22 09:18:43:846 [ad8aff84][ADB] Running '/usr/local/lib/android/sdk/platform-tools/adb -P 5037 -s emulator-5554 shell appops set io.appium.settings PROJECT_MEDIA allow'
2026-06-22 09:18:44:457 [ad8aff84][ADB] Running '/usr/local/lib/android/sdk/platform-tools/adb -P 5037 -s emulator-5554 shell dumpsys activity services io.appium.settings'
2026-06-22 09:18:44:523 [ad8aff84][SettingsApp] Starting Appium Settings app
2026-06-22 09:18:44:524 [ad8aff84][ADB] Running '/usr/local/lib/android/sdk/platform-tools/adb -P 5037 -s emulator-5554 shell am start-activity -n io.appium.settings/.Settings -a android.intent.action.MAIN -c android.intent.category.LAUNCHER'
2026-06-22 09:18:44:826 [ad8aff84][ADB] Running '/usr/local/lib/android/sdk/platform-tools/adb -P 5037 -s emulator-5554 shell dumpsys activity services io.appium.settings'
2026-06-22 09:18:45:628 [ad8aff84][ADB] Running '/usr/local/lib/android/sdk/platform-tools/adb -P 5037 -s emulator-5554 shell dumpsys activity services io.appium.settings'
2026-06-22 09:18:45:990 [ad8aff84][ADB] Running '/usr/local/lib/android/sdk/platform-tools/adb -P 5037 -s emulator-5554 shell dumpsys activity services io.appium.settings'
2026-06-22 09:18:46:651 [ad8aff84][ADB] Running '/usr/local/lib/android/sdk/platform-tools/adb -P 5037 -s emulator-5554 shell dumpsys activity services io.appium.settings'
2026-06-22 09:18:47:104 [ad8aff84][ADB] Running '/usr/local/lib/android/sdk/platform-tools/adb -P 5037 -s emulator-5554 shell dumpsys activity services io.appium.settings'
2026-06-22 09:18:47:434 [ad8aff84][Logcat] Starting logs capture with command: /usr/local/lib/android/sdk/platform-tools/adb -P 5037 -s emulator-5554 logcat -v threadtime
2026-06-22 09:18:47:617 [ad8aff84][AndroidUiautomator2Driver@889d] Forwarding UiAutomator2 Server port 6790 to local port 8200
2026-06-22 09:18:47:620 [ad8aff84][ADB] Forwarding system: 8200 to device: 6790
2026-06-22 09:18:47:620 [ad8aff84][ADB] Running '/usr/local/lib/android/sdk/platform-tools/adb -P 5037 -s emulator-5554 forward tcp:8200 tcp:6790'
2026-06-22 09:18:47:634 [ad8aff84][AndroidUiautomator2Driver@889d] UIA2Proxy options: {"scheme":"http","server":"127.0.0.1","port":8200,"base":"","reqBasePath":"","sessionId":null,"timeout":240000,"keepAlive":true}
2026-06-22 09:18:47:634 [ad8aff84][ADB] Getting package info for 'io.appium.uiautomator2.server'
2026-06-22 09:18:47:634 [ad8aff84][ADB] Running '/usr/local/lib/android/sdk/platform-tools/adb -P 5037 -s emulator-5554 shell dumpsys package io.appium.uiautomator2.server'
2026-06-22 09:18:47:639 [ad8aff84][ADB] Getting install status for io.appium.uiautomator2.server.test
2026-06-22 09:18:47:640 [ad8aff84][AndroidUiautomator2Driver@889d] No app capability. Assuming it is already on the device
2026-06-22 09:18:47:640 [ad8aff84][ADB] Running '/usr/local/lib/android/sdk/platform-tools/adb -P 5037 -s emulator-5554 shell cmd package list packages --show-versioncode'
2026-06-22 09:18:47:758 [ad8aff84][ADB] App '/home/runner/.appium/node_modules/appium-uiautomator2-driver/node_modules/appium-uiautomator2-server/apks/appium-uiautomator2-server-v10.2.1.apk' is not installed
2026-06-22 09:18:47:759 [ad8aff84][ADB] 'io.appium.uiautomator2.server.test' is not installed
2026-06-22 09:18:47:761 [ad8aff84][AndroidUiautomator2Driver@889d] Server packages status: [{"installState":"notInstalled","appPath":"/home/runner/.appium/node_modules/appium-uiautomator2-driver/node_modules/appium-uiautomator2-server/apks/appium-uiautomator2-server-v10.2.1.apk","appId":"io.appium.uiautomator2.server"},{"installState":"notInstalled","appPath":"/home/runner/.appium/node_modules/appium-uiautomator2-driver/node_modules/appium-uiautomator2-server/apks/appium-uiautomator2-server-debug-androidTest.apk","appId":"io.appium.uiautomator2.server.test"}]
2026-06-22 09:18:47:763 [ad8aff84][AndroidUiautomator2Driver@889d] Server packages are going to be (re)installed
2026-06-22 09:18:47:764 [ad8aff84][ADB] Running '/usr/local/lib/android/sdk/platform-tools/adb -P 5037 -s emulator-5554 version'
2026-06-22 09:18:47:779 [ad8aff84][ADB] Running '/usr/local/lib/android/sdk/platform-tools/adb -P 5037 -s emulator-5554 features'
2026-06-22 09:18:47:790 [ad8aff84][ADB] Running '/usr/local/lib/android/sdk/platform-tools/adb -P 5037 -s emulator-5554 install -r --no-incremental /home/runner/.appium/node_modules/appium-uiautomator2-driver/node_modules/appium-uiautomator2-server/apks/appium-uiautomator2-server-v10.2.1.apk'
2026-06-22 09:18:47:794 [ad8aff84][ADB] Running '/usr/local/lib/android/sdk/platform-tools/adb -P 5037 -s emulator-5554 install -r --no-incremental /home/runner/.appium/node_modules/appium-uiautomator2-driver/node_modules/appium-uiautomator2-server/apks/appium-uiautomator2-server-debug-androidTest.apk'
2026-06-22 09:18:49:759 [ad8aff84][ADB] The installation of 'appium-uiautomator2-server-debug-androidTest.apk' took 1965ms
2026-06-22 09:18:49:760 [ad8aff84][ADB] Install command stdout: Performing Streamed Install
Success
2026-06-22 09:18:51:537 [ad8aff84][ADB] The installation of 'appium-uiautomator2-server-v10.2.1.apk' took 3748ms
2026-06-22 09:18:51:537 [ad8aff84][ADB] Install command stdout: Performing Streamed Install
Success
2026-06-22 09:18:51:538 [ad8aff84][AndroidUiautomator2Driver@889d] Waiting up to 30000ms for services to be available
2026-06-22 09:18:51:538 [ad8aff84][ADB] Running '/usr/local/lib/android/sdk/platform-tools/adb -P 5037 -s emulator-5554 shell pm list instrumentation'
2026-06-22 09:18:51:656 [ad8aff84][AndroidUiautomator2Driver@889d] Instrumentation target 'io.appium.uiautomator2.server.test/androidx.test.runner.AndroidJUnitRunner' is available
2026-06-22 09:18:51:659 [ad8aff84][ADB] Adding packages ["io.appium.settings","io.appium.uiautomator2.server","io.appium.uiautomator2.server.test"] to Doze whitelist
2026-06-22 09:18:51:659 [ad8aff84][ADB] Got the following command chunks to execute: [["dumpsys","deviceidle","whitelist","+io.appium.settings",";","dumpsys","deviceidle","whitelist","+io.appium.uiautomator2.server",";","dumpsys","deviceidle","whitelist","+io.appium.uiautomator2.server.test",";"]]
2026-06-22 09:18:51:660 [ad8aff84][ADB] Running '/usr/local/lib/android/sdk/platform-tools/adb -P 5037 -s emulator-5554 shell dumpsys deviceidle whitelist +io.appium.settings ; dumpsys deviceidle whitelist +io.appium.uiautomator2.server ; dumpsys deviceidle whitelist +io.appium.uiautomator2.server.test ;'
2026-06-22 09:18:51:838 [ad8aff84][AndroidUiautomator2Driver@889d] Performing shallow cleanup of automation leftovers
2026-06-22 09:18:51:856 [ad8aff84][AndroidUiautomator2Driver@889d] No obsolete sessions have been detected (socket hang up)
2026-06-22 09:18:51:857 [ad8aff84][ADB] Running '/usr/local/lib/android/sdk/platform-tools/adb -P 5037 -s emulator-5554 shell am force-stop io.appium.uiautomator2.server'
2026-06-22 09:18:51:861 [ad8aff84][ADB] Running '/usr/local/lib/android/sdk/platform-tools/adb -P 5037 -s emulator-5554 shell am force-stop io.appium.uiautomator2.server.test'
2026-06-22 09:18:51:944 [ad8aff84][AndroidUiautomator2Driver@889d] Starting UIAutomator2 server 10.2.1
2026-06-22 09:18:51:944 [ad8aff84][AndroidUiautomator2Driver@889d] Using UIAutomator2 server from '/home/runner/.appium/node_modules/appium-uiautomator2-driver/node_modules/appium-uiautomator2-server/apks/appium-uiautomator2-server-v10.2.1.apk' and test from '/home/runner/.appium/node_modules/appium-uiautomator2-driver/node_modules/appium-uiautomator2-server/apks/appium-uiautomator2-server-debug-androidTest.apk'
2026-06-22 09:18:51:945 [ad8aff84][AndroidUiautomator2Driver@889d] Waiting up to 30000ms for UiAutomator2 to be online...
2026-06-22 09:18:51:945 [ad8aff84][ADB] Creating ADB subprocess with args: ["-P","5037","-s","emulator-5554","shell","am","instrument","-w","-e","disableAnalytics","true","io.appium.uiautomator2.server.test/androidx.test.runner.AndroidJUnitRunner"]
2026-06-22 09:18:51:954 [ad8aff84][AndroidUiautomator2Driver@889d] Matched '/status' to command name 'getStatus'
2026-06-22 09:18:51:956 [ad8aff84][AndroidUiautomator2Driver@889d] Proxying [GET /status] to [GET http://127.0.0.1:8200/status] with no body
2026-06-22 09:18:51:966 [ad8aff84][AndroidUiautomator2Driver@889d] socket hang up
2026-06-22 09:18:52:967 [ad8aff84][AndroidUiautomator2Driver@889d] Matched '/status' to command name 'getStatus'
2026-06-22 09:18:52:968 [ad8aff84][AndroidUiautomator2Driver@889d] Proxying [GET /status] to [GET http://127.0.0.1:8200/status] with no body
2026-06-22 09:18:52:971 [ad8aff84][AndroidUiautomator2Driver@889d] socket hang up
2026-06-22 09:18:53:973 [ad8aff84][AndroidUiautomator2Driver@889d] Matched '/status' to command name 'getStatus'
2026-06-22 09:18:53:973 [ad8aff84][AndroidUiautomator2Driver@889d] Proxying [GET /status] to [GET http://127.0.0.1:8200/status] with no body
2026-06-22 09:18:53:982 [ad8aff84][AndroidUiautomator2Driver@889d] socket hang up
2026-06-22 09:18:54:336 [ad8aff84][AndroidUiautomator2Driver@889d] [Instrumentation] 
2026-06-22 09:18:54:983 [ad8aff84][AndroidUiautomator2Driver@889d] Matched '/status' to command name 'getStatus'
2026-06-22 09:18:54:983 [ad8aff84][AndroidUiautomator2Driver@889d] Proxying [GET /status] to [GET http://127.0.0.1:8200/status] with no body
2026-06-22 09:18:54:987 [ad8aff84][AndroidUiautomator2Driver@889d] socket hang up
2026-06-22 09:18:55:851 [ad8aff84][AndroidUiautomator2Driver@889d] [Instrumentation] s_glBindAttribLocation: bind attrib 0 name position
2026-06-22 09:18:55:852 [ad8aff84][AndroidUiautomator2Driver@889d] [Instrumentation] s_glBindAttribLocation: bind attrib 1 name color
2026-06-22 09:18:55:853 [ad8aff84][AndroidUiautomator2Driver@889d] [Instrumentation] s_glBindAttribLocation: bind attrib 2 name localCoord
2026-06-22 09:18:55:989 [ad8aff84][AndroidUiautomator2Driver@889d] Matched '/status' to command name 'getStatus'
2026-06-22 09:18:55:990 [ad8aff84][AndroidUiautomator2Driver@889d] Proxying [GET /status] to [GET http://127.0.0.1:8200/status] with no body
2026-06-22 09:18:56:106 [ad8aff84][AndroidUiautomator2Driver@889d] Got response with status 200: {"sessionId":"None","value":{"build":{"version":"10.2.1","versionCode":260},"message":"UiAutomator2 Server is ready to accept commands","ready":true}}
2026-06-22 09:18:56:107 [ad8aff84][AndroidUiautomator2Driver@889d] The initialization of the instrumentation process took 4162ms
2026-06-22 09:18:56:107 [ad8aff84][AndroidUiautomator2Driver@889d] Matched '/session' to command name 'createSession'
2026-06-22 09:18:56:108 [ad8aff84][AndroidUiautomator2Driver@889d] Proxying [POST /session] to [POST http://127.0.0.1:8200/session] with body: {"capabilities":{"firstMatch":[{"platformName":"Android","automationName":"UiAutomator2","deviceName":"emulator-5554","appPackage":"com.example.smartcivicgovernance","appActivity":"com.example.smartcivicgovernance.SplashActivity","noReset":true,"platform":"LINUX","webStorageEnabled":false,"takesScreenshot":true,"javascriptEnabled":true,"databaseEnabled":false,"networkConnectionEnabled":true,"locationContextEnabled":false,"warnings":{},"desired":{"platformName":"Android","automationName":"UiAutomator2","deviceName":"Android Emulator","appPackage":"com.example.smartcivicgovernance","appActivity":"com.example.smartcivicgovernance.SplashActivity","noReset":true},"deviceUDID":"emulator-5554"}],"alwaysMatch":{}}}
2026-06-22 09:18:56:154 [ad8aff84][AndroidUiautomator2Driver@889d] Got response with status 200: {"sessionId":"221149e6-4ad5-404a-9f7e-c01d321edba5","value":{"capabilities":{"firstMatch":[{"platformName":"Android","automationName":"UiAutomator2","deviceName":"emulator-5554","appPackage":"com.example.smartcivicgovernance","appActivity":"com.example.smartcivicgovernance.SplashActivity","noReset":true,"platform":"LINUX","webStorageEnabled":false,"takesScreenshot":true,"javascriptEnabled":true,"databaseEnabled":false,"networkConnectionEnabled":true,"locationContextEnabled":false,"warnings":{},"desired":{"platformName":"Android","automationName":"UiAutomator2","deviceName":"Android Emulator","appPackage":"com.example.smartcivicgovernance","appActivity":"com.example.smartcivicgovernance.SplashActivity","noReset":true},"deviceUDID":"emulator-5554"}],"alwaysMatch":{}},"sessionId":"221149e6-4ad5-404a-9f7e-c01d321edba5"}}
2026-06-22 09:18:56:156 [ad8aff84][AndroidUiautomator2Driver@889d] Determined the downstream protocol as 'W3C'
2026-06-22 09:18:56:174 [ad8aff84][AndroidUiautomator2Driver@889d] Proxying [GET /appium/device/pixel_ratio] to [GET http://127.0.0.1:8200/session/221149e6-4ad5-404a-9f7e-c01d321edba5/appium/device/pixel_ratio] with no body
2026-06-22 09:18:56:180 [ad8aff84][AndroidUiautomator2Driver@889d] Proxying [GET /appium/device/system_bars] to [GET http://127.0.0.1:8200/session/221149e6-4ad5-404a-9f7e-c01d321edba5/appium/device/system_bars] with no body
2026-06-22 09:18:56:184 [ad8aff84][AndroidUiautomator2Driver@889d] Proxying [GET /window/current/size] to [GET http://127.0.0.1:8200/session/221149e6-4ad5-404a-9f7e-c01d321edba5/window/current/size] with no body
2026-06-22 09:18:56:190 [ad8aff84][AndroidUiautomator2Driver@889d] Proxying [GET /appium/device/info] to [GET http://127.0.0.1:8200/session/221149e6-4ad5-404a-9f7e-c01d321edba5/appium/device/info] with no body
2026-06-22 09:18:56:192 [ad8aff84][ADB] Running '/usr/local/lib/android/sdk/platform-tools/adb -P 5037 -s emulator-5554 shell dumpsys window'
2026-06-22 09:18:56:198 [ad8aff84][ADB] Running '/usr/local/lib/android/sdk/platform-tools/adb -P 5037 -s emulator-5554 shell dumpsys power'
2026-06-22 09:18:56:254 [ad8aff84][AndroidUiautomator2Driver@889d] Got response with status 200: {"sessionId":"221149e6-4ad5-404a-9f7e-c01d321edba5","value":1}
2026-06-22 09:18:56:263 [ad8aff84][AndroidUiautomator2Driver@889d] Got response with status 200: {"sessionId":"221149e6-4ad5-404a-9f7e-c01d321edba5","value":{"statusBar":24}}
2026-06-22 09:18:56:290 [ad8aff84][AndroidUiautomator2Driver@889d] Got response with status 200: {"sessionId":"221149e6-4ad5-404a-9f7e-c01d321edba5","value":{"height":640,"width":320}}
2026-06-22 09:18:56:354 [ad8aff84][AndroidUiautomator2Driver@889d] Got response with status 200: {"sessionId":"221149e6-4ad5-404a-9f7e-c01d321edba5","value":{"androidId":"d27ddf59824d89b3","apiVersion":"34","bluetooth":{"state":"ON"},"brand":"google","carrierName":"T-Mobile","displayDensity":160,"locale":"en_US","manufacturer":"Google","model":"sdk_gphone64_x86_64","networks":[{"capabilities":{"SSID":null,"linkDownBandwidthKbps":30000,"linkUpstreamBandwidthKbps":12000,"networkCapabilities":"NET_CAPABILITY_NOT_METERED,NET_CAPABILITY_INTERNET,NET_CAPABILITY_NOT_RESTRICTED,NET_CAPABILITY_TRUSTED,NET_CAPABILITY_NOT_VPN,NET_CAPABILITY_VALIDATED,NET_CAPABILITY_NOT_ROAMING,NET_CAPABILITY_FOREGROUND,NET_CAPABILITY_NOT_CONGESTED,NET_CAPABILITY_NOT_SUSPENDED","signalStrength":-50,"transportTypes":"TRANSPORT_WIFI"},"detailedState":"CONNECTED","extraInfo":"","isAvailable":true,"isConnected":true,"isFailover":false,"isRoaming":false,"state":"CONNECTED","subtype":-1,"subtypeName":"","type":1,"typeName":"WIFI"},{"capabilities":{"SSID":null,"linkDownBandwidthKbps":4300,"linkUpstreamBandwidthKbps":1800,"networkCapabilit…
2026-06-22 09:18:56:529 [ad8aff84][AndroidUiautomator2Driver@889d] Screen already unlocked, doing nothing
2026-06-22 09:18:56:530 [ad8aff84][AndroidUiautomator2Driver@889d] Starting 'com.example.smartcivicgovernance/com.example.smartcivicgovernance.SplashActivityand waiting for 'com.example.smartcivicgovernance/com.example.smartcivicgovernance.SplashActivity'
2026-06-22 09:18:56:531 [ad8aff84][ADB] Getting IDs of all 'com.example.smartcivicgovernance' processes
2026-06-22 09:18:56:532 [ad8aff84][ADB] Running '/usr/local/lib/android/sdk/platform-tools/adb -P 5037 -s emulator-5554 shell ps --help'
2026-06-22 09:18:56:579 [ad8aff84][ADB] Running '/usr/local/lib/android/sdk/platform-tools/adb -P 5037 -s emulator-5554 shell ps -A'
2026-06-22 09:18:56:901 [ad8aff84][ADB] Running '/usr/local/lib/android/sdk/platform-tools/adb -P 5037 -s emulator-5554 shell am start-activity -W -n com.example.smartcivicgovernance/com.example.smartcivicgovernance.SplashActivity -S -a android.intent.action.MAIN -c android.intent.category.LAUNCHER -f 0x10200000'
2026-06-22 09:18:57:209 [ad8aff84][ADB] We tried to start an activity that doesn't exist, retrying with '.com.example.smartcivicgovernance.SplashActivity' activity name
2026-06-22 09:18:57:209 [ad8aff84][ADB] Running '/usr/local/lib/android/sdk/platform-tools/adb -P 5037 -s emulator-5554 shell am start-activity -W -n com.example.smartcivicgovernance/.com.example.smartcivicgovernance.SplashActivity -S -a android.intent.action.MAIN -c android.intent.category.LAUNCHER -f 0x10200000'
2026-06-22 09:18:57:518 [ad8aff84][BaseDriver] Unsubscribing 889d9f1b-3201-4861-8d53-4e69248fdfab from topic 'uiautomator2:sessionUdidClaimed'
2026-06-22 09:18:57:518 [ad8aff84][AndroidUiautomator2Driver@889d] Deleting UiAutomator2 session
2026-06-22 09:18:57:519 [ad8aff84][AndroidUiautomator2Driver@889d] Deleting UiAutomator2 server session
2026-06-22 09:18:57:519 [ad8aff84][AndroidUiautomator2Driver@889d] Proxying [DELETE /] to [DELETE http://127.0.0.1:8200/session/221149e6-4ad5-404a-9f7e-c01d321edba5] with no body
2026-06-22 09:18:57:531 [ad8aff84][AndroidUiautomator2Driver@889d] Got response with status 200: {"sessionId":"221149e6-4ad5-404a-9f7e-c01d321edba5","value":null}
2026-06-22 09:18:57:531 [ad8aff84][ADB] Getting IDs of all 'io.appium.uiautomator2.server' processes
2026-06-22 09:18:57:531 [ad8aff84][ADB] Running '/usr/local/lib/android/sdk/platform-tools/adb -P 5037 -s emulator-5554 shell ps -A'
2026-06-22 09:18:57:604 [ad8aff84][AndroidUiautomator2Driver@889d] [Instrumentation] io.appium.uiautomator2.server.test.AppiumUiAutomator2Server:.
2026-06-22 09:18:57:605 [ad8aff84][AndroidUiautomator2Driver@889d] [Instrumentation] 
2026-06-22 09:18:57:605 [ad8aff84][AndroidUiautomator2Driver@889d] [Instrumentation] Time: 3.237
2026-06-22 09:18:57:605 [ad8aff84][AndroidUiautomator2Driver@889d] [Instrumentation] 
2026-06-22 09:18:57:605 [ad8aff84][AndroidUiautomator2Driver@889d] [Instrumentation] OK (1 test)
2026-06-22 09:18:57:606 [ad8aff84][AndroidUiautomator2Driver@889d] [Instrumentation] 
2026-06-22 09:18:57:606 [ad8aff84][AndroidUiautomator2Driver@889d] [Instrumentation] 
2026-06-22 09:18:57:686 [ad8aff84][AndroidUiautomator2Driver@889d] [Instrumentation] The process has exited with code 0, signal null
2026-06-22 09:18:57:828 [ad8aff84][ADB] Running '/usr/local/lib/android/sdk/platform-tools/adb -P 5037 -s emulator-5554 shell am force-stop io.appium.uiautomator2.server'
2026-06-22 09:18:57:832 [ad8aff84][ADB] Running '/usr/local/lib/android/sdk/platform-tools/adb -P 5037 -s emulator-5554 shell am force-stop io.appium.uiautomator2.server.test'
2026-06-22 09:18:57:922 [ad8aff84][ADB] Running '/usr/local/lib/android/sdk/platform-tools/adb -P 5037 -s emulator-5554 shell dumpsys activity services io.appium.settings/.recorder.RecorderService'
2026-06-22 09:18:58:159 [ad8aff84][ADB] Removing forwarded port socket connection: 8200 
2026-06-22 09:18:58:160 [ad8aff84][ADB] Running '/usr/local/lib/android/sdk/platform-tools/adb -P 5037 -s emulator-5554 forward --remove tcp:8200'
2026-06-22 09:18:58:168 [ad8aff84][AndroidUiautomator2Driver@889d] Restoring hidden api policy to the device default configuration
2026-06-22 09:18:58:168 [ad8aff84][ADB] Running '/usr/local/lib/android/sdk/platform-tools/adb -P 5037 -s emulator-5554 shell 'settings delete global hidden_api_policy_pre_p_apps;settings delete global hidden_api_policy_p_apps;settings delete global hidden_api_policy''
2026-06-22 09:18:58:338 [ad8aff84][Logcat] Stopping logcat capture
2026-06-22 09:18:58:341 [ad8aff84][AppiumDriver@2702] Event 'newSessionStarted' logged at 1782119938340 (09:18:58 GMT+0000 (Coordinated Universal Time))
2026-06-22 09:18:58:342 [ad8aff84][AppiumDriver@2702] Encountered internal error running command: Error: Cannot start the 'com.example.smartcivicgovernance' application. Consider checking the driver's troubleshooting documentation. Original error: Cannot start the 'com.example.smartcivicgovernance' application. Consider checking the driver's troubleshooting documentation. Original error: Activity name '.com.example.smartcivicgovernance.SplashActivity' used to start the app doesn't exist or cannot be launched! Make sure it exists and is a launchable activity
    at ADB.startApp (/home/runner/.appium/node_modules/appium-uiautomator2-driver/node_modules/appium-adb/build/lib/tools/app-commands.js:612:15)
    at process.processTicksAndRejections (node:internal/process/task_queues:103:5)
    at async AndroidUiautomator2Driver.ensureAppStarts (/home/runner/.appium/node_modules/appium-uiautomator2-driver/build/lib/commands/aut.js:106:5)
    at async AndroidUiautomator2Driver.performPostExecSetup [as performSessionPostExecSetup] (/home/runner/.appium/node_modules/appium-uiautomator2-driver/build/lib/uiautomator2-server/session.js:202:9)
    at async AndroidUiautomator2Driver.startSession [as startUiAutomator2Session] (/home/runner/.appium/node_modules/appium-uiautomator2-driver/build/lib/uiautomator2-server/session.js:260:5)
    at async AndroidUiautomator2Driver.createSession (/home/runner/.appium/node_modules/appium-uiautomator2-driver/build/lib/driver.js:301:28)
    at async AppiumDriver.createSession (/usr/local/lib/node_modules/appium/build/lib/appium.js:271:44)
    at async runCommandPromise (/usr/local/lib/node_modules/appium/node_modules/@appium/base-driver/build/lib/basedriver/driver.js:119:24)
    at async AppiumDriver.executeCommand (/usr/local/lib/node_modules/appium/node_modules/@appium/base-driver/build/lib/basedriver/driver.js:162:15)
    at async defaultBehavior (/usr/local/lib/node_modules/appium/build/lib/appium.js:582:24)
    at async AppiumDriver.executeWrappedCommand (/usr/local/lib/node_modules/appium/build/lib/appium.js:694:22)
    at async AppiumDriver.executeCommand (/usr/local/lib/node_modules/appium/build/lib/appium.js:598:21)
    at async asyncHandler (/usr/local/lib/node_modules/appium/node_modules/@appium/base-driver/build/lib/protocol/protocol.js:401:25)
2026-06-22 09:18:58:354 [HTTP] <-- POST /session 500 16361 ms - 3607
2026-06-22 09:19:08:358 [Appium] Received SIGTERM - shutting down
